Microchip MPLAB XC8 Compiler V1.45 ()

Linker command line:

-W-3 --edf=C:\Program Files\Microchip\xc8\v1.45\dat\en_msgs.txt -cs \
  -h+dist/default/debug\test1.X.debug.sym \
  --cmf=dist/default/debug\test1.X.debug.cmf -z -Q18F67K22 \
  -oC:\Users\DiXiT\AppData\Local\Temp\s9c8.2 \
  -Mdist/default/debug/test1.X.debug.map -E1 -ver=XC8 -ASTACK=0264h-0f15h \
  -pstack=STACK -ACODE=00h-01FFFFh -ACONST=00h-01FFFFh \
  -ASMALLCONST=01000h-010FFhx496 \
  -AMEDIUMCONST=01000h-0FFFFh,011000h-01FFFFh -ACOMRAM=01h-05Fh \
  -AABS1=00h-0F15h -ABIGRAM=01h-0F15h \
  -ARAM=060h-0FFh,0100h-01FFhx14,0F00h-0F15h -ABANK0=060h-0FFh \
  -ABANK1=0100h-01FFh -ABANK2=0200h-02FFh -ABANK3=0300h-03FFh \
  -ABANK4=0400h-04FFh -ABANK5=0500h-05FFh -ABANK6=0600h-06FFh \
  -ABANK7=0700h-07FFh -ABANK8=0800h-08FFh -ABANK9=0900h-09FFh \
  -ABANK10=0A00h-0AFFh -ABANK11=0B00h-0BFFh -ABANK12=0C00h-0CFFh \
  -ABANK13=0D00h-0DFFh -ABANK14=0E00h-0EFFh -ABANK15=0F00h-0F15h \
  -ASFR=0F16h-0F5Fh,0F60h-0FFCh \
  -preset_vec=00h,intcode=08h,intcodelo=018h,powerup,init -pramtop=01000h \
  -psmallconst=SMALLCONST -pmediumconst=MEDIUMCONST -pconst=CONST \
  -AFARRAM=00h-00h -ACONFIG=0300000h-030000Dh -pconfig=CONFIG \
  -AIDLOC=0200000h-0200007h -pidloc=IDLOC -AEEDATA=0F00000h-0F003FFh \
  -peeprom_data=EEDATA \
  -prdata=COMRAM,nvrram=COMRAM,nvbit=COMRAM,rbss=COMRAM,rbit=COMRAM \
  -pfarbss=FARRAM,fardata=FARRAM,nvFARRAM=FARRAM \
  -pintsave_regs=BIGRAM,bigbss=BIGRAM,bigdata=BIGRAM -pbss=RAM \
  -pidata=CODE,irdata=CODE,ibigdata=CODE,ifardata=CODE -prparam=COMRAM \
  C:\Users\DiXiT\AppData\Local\Temp\s9c8.obj \
  dist/default/debug\test1.X.debug.obj 

Object code version is 3.11

Machine type is 18F67K22

Call graph: (short form)




                Name                               Link     Load   Length Selector   Space Scale
C:\Users\DiXiT\AppData\Local\Temp\s9c8.obj
                init                                 FC       FC        4        C       0
                reset_vec                             0        0        6        0       0
                idloc                            200000   200000        8   200000       0
                config                           300000   300000        E   300000       0
dist/default/debug\test1.X.debug.obj
                intcodelo                            18       18       E4        C       0
                intcode                               8        8        6        4       0
                temp                                 49       49        1        1       1
                mediumconst                        FD00     FD00      300     7E80       0
                text75                            12B0C    12B0C       10     93D7       0
                text74                            12AFC    12AFC       10     93D7       0
                text73                            12436    12436       52     8000       0
                text72                            129DE    129DE       1E     93D7       0
                text71                            10F7E    10F7E      282     8000       0
                text70                            1265A    1265A       40     8000       0
                text69                            1295E    1295E       22     93D7       0
                intcode_body                      1173E    1173E      148     8000       0
                text67                            12B4E    12B4E        2     93D7       0
                text66                            12918    12918       24     93D7       0
                text65                            12884    12884       28     93D7       0
                text63                            12714    12714       36     8000       0
                text62                            11C10    11C10       AA     8000       0
                text61                            129C0    129C0       1E     93D7       0
                text60                            128F4    128F4       24     93D7       0
                text59                            1261A    1261A       40     8000       0
                text58                            129A0    129A0       20     93D7       0
                text57                            123E4    123E4       52     8000       0
                text56                            1226C    1226C       68     8000       0
                text55                            11F92    11F92       90     8000       0
                text54                            11F02    11F02       90     8000       0
                text53                            11E72    11E72       90     8000       0
                text52                            11AB2    11AB2       B0     8000       0
                text51                            11DE2    11DE2       90     8000       0
                text50                            11A02    11A02       B0     8000       0
                text49                            1280A    1280A       2A     93D7       0
                text48                            12980    12980       20     93D7       0
                text47                            125DA    125DA       40     8000       0
                text46                            1233A    1233A       56     8000       0
                text45                            12B40    12B40        8     93D7       0
                text44                            11B62    11B62       AE     8000       0
                text43                            12204    12204       68     8000       0
                text42                            12AEA    12AEA       12     93D7       0
                text41                            12B2A    12B2A        E     93D7       0
                text40                            12A34    12A34       1A     93D7       0
                text39                            12B48    12B48        6     93D7       0
                text38                            12A8E    12A8E       14     93D7       0
                text37                            124D0    124D0       44     8000       0
                text36                            12AD8    12AD8       12     93D7       0
                text35                            122D4    122D4       66     8000       0
                text34                            126D8    126D8       3C     8000       0
                text33                            12022    12022       86     8000       0
                text32                            12122    12122       72     8000       0
                text31                            11200    11200      206     8000       0
                text30                            12AC6    12AC6       12     93D7       0
                text29                            128D0    128D0       24     93D7       0
                text28                            12B1C    12B1C        E     93D7       0
                text27                            12390    12390       54     8000       0
                text26                            12A7A    12A7A       14     93D7       0
                text25                            11CBA    11CBA       96     8000       0
                text24                            12A18    12A18       1C     93D7       0
                text23                            12AB4    12AB4       12     93D7       0
                text22                            11886    11886       C6     8000       0
                text21                            12598    12598       42     8000       0
                text20                            1285C    1285C       28     93D7       0
                text19                            11406    11406      1C0     8000       0
                text18                            128AC    128AC       24     93D7       0
                text17                            12B38    12B38        8     93D7       0
                text16                            1269A    1269A       3E     8000       0
                text15                            1293C    1293C       22     93D7       0
                text14                            127DC    127DC       2E     93D7       0
                text13                            12556    12556       42     8000       0
                text12                            129FC    129FC       1C     93D7       0
                text11                            11D50    11D50       92     8000       0
                text10                            1274A    1274A       34     8000       0
                text9                             12194    12194       70     8000       0
                text8                             127AE    127AE       2E     93D7       0
                text7                             12514    12514       42     8000       0
                text6                             12A64    12A64       16     93D7       0
                text5                             12A4E    12A4E       16     93D7       0
                text4                             12AA2    12AA2       12     93D7       0
                text3                             12834    12834       28     93D7       0
                text2                             12488    12488       48     8000       0
                text1                             115C6    115C6      178     8000       0
                text0                             10000    10000      F7E     8000       0
                cstackCOMRAM                         25       25       24        1       1
                cstackBANK0                          E9       E9       16       60       1
                cstackBANK1                         1D8      1D8       12      100       1
                bssBANK2                            200      200       64      200       1
                dataBANK1                           100      100       B6      100       1
                bssBANK1                            1B6      1B6       22      100       1
                dataBANK0                            BA       BA       2F       60       1
                bssBANK0                             60       60       5A       60       1
                bssCOMRAM                             1        1       24        1       1
                cinit                             120A8    120A8       7A     8000       0
                idataBANK1                        1194C    1194C       B6     8000       0
                idataBANK0                        1277E    1277E       2F     8000       0

TOTAL           Name                               Link     Load   Length     Space
        CLASS   STACK          

        CLASS   CODE           
                intcodelo                            18       18       E4         0
                intcode                               8        8        6         0
                init                                 FC       FC        4         0
                reset_vec                             0        0        6         0
                text75                            12B0C    12B0C       10         0
                text74                            12AFC    12AFC       10         0
                text73                            12436    12436       52         0
                text72                            129DE    129DE       1E         0
                text71                            10F7E    10F7E      282         0
                text70                            1265A    1265A       40         0
                text69                            1295E    1295E       22         0
                intcode_body                      1173E    1173E      148         0
                text67                            12B4E    12B4E        2         0
                text66                            12918    12918       24         0
                text65                            12884    12884       28         0
                text63                            12714    12714       36         0
                text62                            11C10    11C10       AA         0
                text61                            129C0    129C0       1E         0
                text60                            128F4    128F4       24         0
                text59                            1261A    1261A       40         0
                text58                            129A0    129A0       20         0
                text57                            123E4    123E4       52         0
                text56                            1226C    1226C       68         0
                text55                            11F92    11F92       90         0
                text54                            11F02    11F02       90         0
                text53                            11E72    11E72       90         0
                text52                            11AB2    11AB2       B0         0
                text51                            11DE2    11DE2       90         0
                text50                            11A02    11A02       B0         0
                text49                            1280A    1280A       2A         0
                text48                            12980    12980       20         0
                text47                            125DA    125DA       40         0
                text46                            1233A    1233A       56         0
                text45                            12B40    12B40        8         0
                text44                            11B62    11B62       AE         0
                text43                            12204    12204       68         0
                text42                            12AEA    12AEA       12         0
                text41                            12B2A    12B2A        E         0
                text40                            12A34    12A34       1A         0
                text39                            12B48    12B48        6         0
                text38                            12A8E    12A8E       14         0
                text37                            124D0    124D0       44         0
                text36                            12AD8    12AD8       12         0
                text35                            122D4    122D4       66         0
                text34                            126D8    126D8       3C         0
                text33                            12022    12022       86         0
                text32                            12122    12122       72         0
                text31                            11200    11200      206         0
                text30                            12AC6    12AC6       12         0
                text29                            128D0    128D0       24         0
                text28                            12B1C    12B1C        E         0
                text27                            12390    12390       54         0
                text26                            12A7A    12A7A       14         0
                text25                            11CBA    11CBA       96         0
                text24                            12A18    12A18       1C         0
                text23                            12AB4    12AB4       12         0
                text22                            11886    11886       C6         0
                text21                            12598    12598       42         0
                text20                            1285C    1285C       28         0
                text19                            11406    11406      1C0         0
                text18                            128AC    128AC       24         0
                text17                            12B38    12B38        8         0
                text16                            1269A    1269A       3E         0
                text15                            1293C    1293C       22         0
                text14                            127DC    127DC       2E         0
                text13                            12556    12556       42         0
                text12                            129FC    129FC       1C         0
                text11                            11D50    11D50       92         0
                text10                            1274A    1274A       34         0
                text9                             12194    12194       70         0
                text8                             127AE    127AE       2E         0
                text7                             12514    12514       42         0
                text6                             12A64    12A64       16         0
                text5                             12A4E    12A4E       16         0
                text4                             12AA2    12AA2       12         0
                text3                             12834    12834       28         0
                text2                             12488    12488       48         0
                text1                             115C6    115C6      178         0
                text0                             10000    10000      F7E         0
                cinit                             120A8    120A8       7A         0
                idataBANK1                        1194C    1194C       B6         0
                idataBANK0                        1277E    1277E       2F         0

        CLASS   CONST          

        CLASS   SMALLCONST     

        CLASS   MEDIUMCONST    
                mediumconst                        FD00     FD00      300         0

        CLASS   COMRAM         
                temp                                 49       49        1         1
                cstackCOMRAM                         25       25       24         1
                bssCOMRAM                             1        1       24         1

        CLASS   ABS1           

        CLASS   BIGRAM         

        CLASS   RAM            

        CLASS   BANK0          
                cstackBANK0                          E9       E9       16         1
                dataBANK0                            BA       BA       2F         1
                bssBANK0                             60       60       5A         1

        CLASS   BANK1          
                cstackBANK1                         1D8      1D8       12         1
                dataBANK1                           100      100       B6         1
                bssBANK1                            1B6      1B6       22         1

        CLASS   BANK2          
                bssBANK2                            200      200       64         1

        CLASS   BANK3          

        CLASS   BANK4          

        CLASS   BANK5          

        CLASS   BANK6          

        CLASS   BANK7          

        CLASS   BANK8          

        CLASS   BANK9          

        CLASS   BANK10         

        CLASS   BANK11         

        CLASS   BANK12         

        CLASS   BANK13         

        CLASS   BANK14         

        CLASS   BANK15         

        CLASS   SFR            

        CLASS   FARRAM         

        CLASS   CONFIG         
                config                           300000   300000        E         0

        CLASS   IDLOC          
                idloc                            200000   200000        8         0

        CLASS   EEDATA         



SEGMENTS        Name                           Load    Length   Top    Selector   Space  Class

                reset_vec                      000000  000006  000006         0       0  CODE    
                bssCOMRAM                      000001  000049  00004A         1       1  COMRAM  
                intcode                        000008  000006  00000E         4       0  CODE    
                intcodelo                      000018  0000E8  000100         C       0  CODE    
                bssBANK0                       000060  00009F  0000FF        60       1  BANK0   
                dataBANK1                      000100  0000EA  0001EA       100       1  BANK1   
                bssBANK2                       000200  000064  000264       200       1  BANK2   
                mediumconst                    00FD00  000300  010000      7E80       0  MEDIUMCO
                text0                          010000  0027AD  0127AD      8000       0  CODE    
                text8                          0127AE  0003A2  012B50      93D7       0  CODE    
                idloc                          200000  000008  200008    200000       0  IDLOC   
                config                         300000  00000E  30000E    300000       0  CONFIG  


UNUSED ADDRESS RANGES

        Name                Unused          Largest block    Delta
        BANK0            0000FF-0000FF                1
        BANK1            0001EA-0001FF               16
        BANK10           000A00-000AFF              100
        BANK11           000B00-000BFF              100
        BANK12           000C00-000CFF              100
        BANK13           000D00-000DFF              100
        BANK14           000E00-000EFF              100
        BANK15           000F00-000F15               16
        BANK2            000264-0002FF               9C
        BANK3            000300-0003FF              100
        BANK4            000400-0004FF              100
        BANK5            000500-0005FF              100
        BANK6            000600-0006FF              100
        BANK7            000700-0007FF              100
        BANK8            000800-0008FF              100
        BANK9            000900-0009FF              100
        BIGRAM           00004A-00005F               16
                         0000FF-0000FF                1
                         0001EA-0001FF               16
                         000264-000F15              CB2
        CODE             000006-000007                2
                         00000E-000017                A
                         000100-00FCFF             FC00
                         0127AD-0127AD                1
                         012B50-01FFFF             D4B0
        COMRAM           00004A-00005F               16
        CONST            000006-000007                2
                         00000E-000017                A
                         000100-00FCFF             FC00
                         0127AD-0127AD                1
                         012B50-01FFFF             D4B0
        EEDATA           F00000-F003FF              400
        MEDIUMCONST      001000-00FCFF             ED00
                         0127AD-0127AD                1
                         012B50-01FFFF             D4B0
        RAM              0000FF-0000FF                1
                         0001EA-0001FF               16
                         000264-000F15              100
        SFR              000F16-000FFC               4A
        SMALLCONST       001000-00FCFF              100
                         0127AD-0127AD                1
                         012B50-01FFFF              100
        STACK            000264-000F15              CB2

                                  Symbol Table

?_Xor_check                                      cstackBANK1  0001D8
?___awdiv                                        cstackBANK1  0001D8
?___awmod                                        cstackBANK1  0001D8
?i2_Xor_check                                    cstackCOMRAM 000025
ClearRxBytes@i                                   cstackBANK1  0001D8
Clear_Data@n                                     cstackBANK1  0001D8
Delay_ms@time                                    cstackBANK1  0001D8
Delay_ms@y                                       cstackBANK1  0001DA
Delayms@k                                        cstackBANK1  0001DA
Delayms@l                                        cstackBANK1  0001DC
Delayms@time                                     cstackBANK1  0001D8
ID_Conversion@Id_Number                          cstackBANK1  0001DA
ID_Conversion@num1                               cstackBANK1  0001DC
ID_Conversion@num2                               cstackBANK1  0001DB
ID_Conversion@num3                               cstackBANK1  0001D9
INT0_SetInterruptHandler@InterruptHandler        cstackBANK1  0001D8
LcdCmd@value                                     cstackBANK1  0001DE
LcdData@value                                    cstackBANK1  0001DE
LcdDisplay@LINE                                  cstackBANK1  0001E1
LcdDisplay@string                                cstackBANK1  0001DF
Read_b_eep@badd                                  cstackBANK1  0001D8
SPI_Read@TempVar                                 cstackBANK1  0001D8
SPI_Write@command                                cstackBANK1  0001D9
SPI_Write@response                               cstackBANK1  0001D8
Sprint@datas                                     cstackBANK1  0001DE
Sprint@i                                         cstackBANK1  0001E4
Sprint@j                                         cstackBANK1  0001E3
Sprint@length                                    cstackBANK1  0001E0
SprintRom@datas                                  cstackBANK1  0001DE
SprintRom@i                                      cstackBANK1  0001E4
SprintRom@j                                      cstackBANK1  0001E3
SprintRom@length                                 cstackBANK1  0001E0
TMR0_ISR@CountCallBack                           bssBANK0     000099
Write_b_eep@GIE_BIT_VAL                          cstackBANK1  0001DB
Write_b_eep@badd                                 cstackBANK1  0001D8
Write_b_eep@data                                 cstackBANK1  0001DA
Xor_check@data_value                             cstackBANK1  0001D8
Xor_check@length                                 cstackBANK1  0001DA
Xor_check@xor                                    cstackBANK1  0001DE
Xor_check@xor_value                              cstackBANK1  0001DC
_ADDRESS_long_1                                  dataBANK1    000100
_ADDRESS_long_2                                  dataBANK0    0000D5
_ADDRESS_short_1                                 dataBANK0    0000C6
_ADDRESS_short_2                                 dataBANK0    0000E7
_ANCON0                                          (abs)        000F25
_ANCON1                                          (abs)        000F24
_ANCON2                                          (abs)        000F23
_ATCheck                                         mediumconst  00FDE4
_Array                                           dataBANK1    000194
_CHECK                                           bssBANK0     0000B1
_CRC                                             bssBANK0     000091
_Call                                            dataBANK0    0000DD
_Call_Cut                                        dataBANK0    0000C0
_Chksum                                          bssBANK0     0000A3
_ClearRxBytes                                    text49       01280A
_Clear_Data                                      text63       012714
_Count1                                          bssCOMRAM    000022
_Count2                                          bssCOMRAM    000021
_Count_LED                                       bssCOMRAM    00000F
_DATA                                            bssCOMRAM    00001F
_DATA_LENGHT                                     mediumconst  00FD92
_DATA_RX                                         bssBANK0     0000B2
_DATA_TX                                         bssBANK0     0000B7
_Delay_ms                                        text24       012A18
_Delayms                                         text59       01261A
_Delet_All_SMS                                   mediumconst  00FDD8
_DeleteAllSms                                    text44       011B62
_Device_ID                                       bssCOMRAM    00001A
_EEADR                                           (abs)        000F62
_EECON1bits                                      (abs)        000F7F
_EECON2                                          (abs)        000F7E
_EEDATA                                          (abs)        000F61
_ERROR                                           bssCOMRAM    000011
_EXT_INT_Initialize                              text40       012A34
_Emeregency                                      dataBANK1    00016A
_Emeregency2                                     dataBANK1    000154
_Emeregency3                                     dataBANK1    000127
_Enable_Result_Code                              mediumconst  00FD57
_F_BUZZER                                        bssBANK0     0000AC
_F_ERROR                                         bssCOMRAM    000010
_F_ID_SEND                                       bssBANK0     0000AA
_F_ID_Send                                       bssBANK0     0000AD
_F_IdSet                                         bssCOMRAM    000015
_F_Input                                         bssCOMRAM    000018
_F_SetID                                         bssCOMRAM    00000D
_F_WaitForReceive                                bssBANK0     0000A4
_Frame                                           bssBANK0     00009D
_Get_Baud                                        mediumconst  00FD73
_HEADER_LENGHT                                   mediumconst  00FD91
_IDByte1                                         bssBANK0     0000A2
_IDByte2                                         bssBANK0     0000A1
_IDByte3                                         bssBANK0     0000A0
_ID_Conversion                                   text62       011C10
_ID_READ                                         bssBANK0     0000AE
_ID_SET                                          bssCOMRAM    00000C
_IMEI                                            mediumconst  00FD7B
_INT0_DefaultInterruptHandler                    (abs)        000000
_INT0_InterruptHandler                           bssBANK0     000088
_INT0_SetInterruptHandler                        text41       012B2A
_INTCON2bits                                     (abs)        000FF1
_INTCONbits                                      (abs)        000FF2
_INTERRUPT_Initialize                            text39       012B48
_INTERRUPT_InterruptManagerHigh                  intcode      000008
_INTERRUPT_InterruptManagerLow                   intcodelo    000018
_INTTRUPT                                        bssCOMRAM    000023
_InitSPI                                         text60       0128F4
_InputRead                                       bssCOMRAM    000016
_LATA                                            (abs)        000F89
_LATB                                            (abs)        000F8A
_LATC                                            (abs)        000F8B
_LATD                                            (abs)        000F8C
_LATE                                            (abs)        000F8D
_LATF                                            (abs)        000F8E
_LATG                                            (abs)        000F8F
_LED_PATTERN                                     dataBANK1    000108
_LENGTH                                          bssCOMRAM    000020
_LIGHT_ALL_OFF                                   mediumconst  00FD28
_LIGHT_ALL_ON                                    mediumconst  00FD35
_LIGHT_ALTERNATE                                 mediumconst  00FD1B
_LIGHT_CARD_STATUS                               mediumconst  00FD0E
_LIGHT_DEBBUGE_STATUS                            mediumconst  00FD61
_LQI                                             bssCOMRAM    00001D
_LcdCmd                                          text58       0129A0
_LcdData                                         text48       012980
_LcdDisplay                                      text47       0125DA
_LcdInit                                         text57       0123E4
_Manufacturer_Id                                 mediumconst  00FD8D
_Message1                                        mediumconst  00FD42
_Message2                                        mediumconst  00FD01
_Message3                                        mediumconst  00FDB8
_Message4                                        dataBANK1    00013E
_Message5                                        dataBANK1    00010F
_Message6                                        mediumconst  00FD93
_Message_Send_Frame_1                            text55       011F92
_Message_Send_Frame_2                            text54       011F02
_Message_Send_Frame_3                            text53       011E72
_Message_Send_Frame_LDR_OFF                      text52       011AB2
_Message_Send_Frame_LDR_ON                       text51       011DE2
_Message_Send_Frame_Parking_light_Board          text50       011A02
_Module_Init                                     text43       012204
_Nilp                                            bssCOMRAM    000004
_Number                                          dataBANK1    0001A7
_OSCCON                                          (abs)        000FD3
_OSCCON2                                         (abs)        000F64
_OSCILLATOR_Initialize                           text38       012A8E
_OSCTUNE                                         (abs)        000F9B
_PAN_ID_1                                        dataBANK0    0000C4
_PAN_ID_2                                        dataBANK0    0000E5
_PIE1bits                                        (abs)        000F9D
_PIN_MANAGER_Initialize                          text37       0124D0
_PIR1bits                                        (abs)        000F9E
_PORTAbits                                       (abs)        000F80
_PORTCbits                                       (abs)        000F82
_PORTE                                           (abs)        000F84
_PORTEbits                                       (abs)        000F84
_PORTFbits                                       (abs)        000F85
_Portread                                        bssCOMRAM    000017
_RCONbits                                        (abs)        000FD0
_RCREG                                           (abs)        000FAE
_RCSTAbits                                       (abs)        000FAB
_RECEIVE_OK                                      bssBANK0     0000A7
_REFOCON                                         (abs)        000F2A
_RF_reset                                        text20       01285C
_RSSI2                                           bssCOMRAM    00001C
_RXcounter                                       bssCOMRAM    000002
_Read_b_eep                                      text42       012AEA
_Rv_CRC                                          bssBANK0     000095
_RxBuffer                                        bssBANK2     000200
_SEND_SMS                                        dataBANK1    00017F
_SEQ_NUMBER                                      dataBANK0    0000CA
_SMS                                             bssBANK0     000072
_SMS_format                                      dataBANK0    0000CB
_SMSread                                         mediumconst  00FD4D
_SMSsender                                       bssBANK1     0001CB
_SPBRG                                           (abs)        000FAF
_SPI_Read                                        text4        012AA2
_SPI_Write                                       text30       012AC6
_SSP1BUF                                         (abs)        000FC9
_SSP1CON1bits                                    (abs)        000FC6
_SSP1STATbits                                    (abs)        000FC7
_SYSTEM_Initialize                               text36       012AD8
_Send_Frame                                      bssBANK0     0000A9
_Send_Frame_2                                    bssBANK0     0000A8
_Send_ID                                         bssBANK0     00008B
_Sent_sms                                        bssBANK0     0000A6
_SerInit                                         text35       0122D4
_Set_Responce                                    mediumconst  00FD88
_Sim_Status                                      mediumconst  00FD6A
_Sprint                                          text56       01226C
_SprintRom                                       text46       01233A
_Store                                           bssCOMRAM    000013
_Store_DATA                                      bssBANK0     000081
_T                                               bssCOMRAM    00000E
_T0CON                                           (abs)        000FD5
_T0CONbits                                       (abs)        000FD5
_TMR0H                                           (abs)        000FD7
_TMR0L                                           (abs)        000FD6
_TMR0_CallBack                                   text66       012918
_TMR0_DefaultInterruptHandler                    text67       012B4E
_TMR0_ISR                                        text65       012884
_TMR0_InterruptHandler                           bssBANK0     000085
_TRISA                                           (abs)        000F92
_TRISB                                           (abs)        000F93
_TRISC                                           (abs)        000F94
_TRISCbits                                       (abs)        000F94
_TRISD                                           (abs)        000F95
_TRISE                                           (abs)        000F96
_TRISF                                           (abs)        000F97
_TRISG                                           (abs)        000F98
_TXREG                                           (abs)        000FAD
_TXSTAbits                                       (abs)        000FAC
_TX_CRC                                          bssBANK0     000093
_TX_ID                                           bssCOMRAM    00000A
_T_BUZZER                                        bssBANK0     0000AB
_T_ERROR                                         bssBANK0     00008F
_T_ID_Send                                       bssCOMRAM    00000B
_T_Input                                         bssCOMRAM    000019
_Tick                                            bssCOMRAM    000009
_Trick                                           bssCOMRAM    000008
_VALUE                                           bssCOMRAM    000006
_V_Temp                                          bssBANK0     00009F
_WaitForReceive                                  bssBANK0     0000A5
_Write_b_eep                                     text34       0126D8
_Xor_check                                       text7        012514
__CFG_BBSIZ$BB2K                                 (abs)        000000
__CFG_BOREN$SBORDIS                              (abs)        000000
__CFG_BORPWR$ZPBORMV                             (abs)        000000
__CFG_BORV$3                                     (abs)        000000
__CFG_CCP2MX$PORTC                               (abs)        000000
__CFG_CP0$OFF                                    (abs)        000000
__CFG_CP1$OFF                                    (abs)        000000
__CFG_CP2$OFF                                    (abs)        000000
__CFG_CP3$OFF                                    (abs)        000000
__CFG_CP4$OFF                                    (abs)        000000
__CFG_CP5$OFF                                    (abs)        000000
__CFG_CP6$OFF                                    (abs)        000000
__CFG_CP7$OFF                                    (abs)        000000
__CFG_CPB$OFF                                    (abs)        000000
__CFG_CPD$OFF                                    (abs)        000000
__CFG_DEBUG$OFF                                  (abs)        000000
__CFG_EBRT0$OFF                                  (abs)        000000
__CFG_EBRT1$OFF                                  (abs)        000000
__CFG_EBRT2$OFF                                  (abs)        000000
__CFG_EBRT3$OFF                                  (abs)        000000
__CFG_EBRT4$OFF                                  (abs)        000000
__CFG_EBRT5$OFF                                  (abs)        000000
__CFG_EBRT6$OFF                                  (abs)        000000
__CFG_EBRT7$OFF                                  (abs)        000000
__CFG_EBRTB$OFF                                  (abs)        000000
__CFG_FCMEN$OFF                                  (abs)        000000
__CFG_FOSC$HS1                                   (abs)        000000
__CFG_IESO$OFF                                   (abs)        000000
__CFG_INTOSCSEL$HIGH                             (abs)        000000
__CFG_MCLRE$ON                                   (abs)        000000
__CFG_MSSPMSK$MSK7                               (abs)        000000
__CFG_PLLCFG$ON                                  (abs)        000000
__CFG_PWRTEN$OFF                                 (abs)        000000
__CFG_RETEN$ON                                   (abs)        000000
__CFG_RTCOSC$SOSCREF                             (abs)        000000
__CFG_SOSCSEL$DIG                                (abs)        000000
__CFG_STVREN$ON                                  (abs)        000000
__CFG_WDTEN$OFF                                  (abs)        000000
__CFG_WDTPS$1048576                              (abs)        000000
__CFG_WRT0$OFF                                   (abs)        000000
__CFG_WRT1$OFF                                   (abs)        000000
__CFG_WRT2$OFF                                   (abs)        000000
__CFG_WRT3$OFF                                   (abs)        000000
__CFG_WRT4$OFF                                   (abs)        000000
__CFG_WRT5$OFF                                   (abs)        000000
__CFG_WRT6$OFF                                   (abs)        000000
__CFG_WRT7$OFF                                   (abs)        000000
__CFG_WRTB$OFF                                   (abs)        000000
__CFG_WRTC$OFF                                   (abs)        000000
__CFG_WRTD$OFF                                   (abs)        000000
__CFG_XINST$OFF                                  (abs)        000000
__HRAM                                           (abs)        000000
__Habs1                                          abs1         000000
__Hbank0                                         bank0        000000
__Hbank1                                         bank1        000000
__Hbank10                                        bank10       000000
__Hbank11                                        bank11       000000
__Hbank12                                        bank12       000000
__Hbank13                                        bank13       000000
__Hbank14                                        bank14       000000
__Hbank15                                        bank15       000000
__Hbank2                                         bank2        000000
__Hbank3                                         bank3        000000
__Hbank4                                         bank4        000000
__Hbank5                                         bank5        000000
__Hbank6                                         bank6        000000
__Hbank7                                         bank7        000000
__Hbank8                                         bank8        000000
__Hbank9                                         bank9        000000
__Hbigbss                                        bigbss       000000
__Hbigdata                                       bigdata      000000
__Hbigram                                        bigram       000000
__Hbss                                           bss          000000
__HbssBANK0                                      bssBANK0     000000
__HbssBANK1                                      bssBANK1     000000
__HbssBANK2                                      bssBANK2     000000
__HbssCOMRAM                                     bssCOMRAM    000000
__Hcinit                                         cinit        000000
__Hclrtext                                       clrtext      000000
__Hcomram                                        comram       000000
__Hconfig                                        config       30000E
__Hconst                                         const        000000
__HcstackBANK0                                   cstackBANK0  000000
__HcstackBANK1                                   cstackBANK1  000000
__HcstackCOMRAM                                  cstackCOMRAM 000000
__Hdata                                          data         000000
__HdataBANK0                                     dataBANK0    000000
__HdataBANK1                                     dataBANK1    000000
__Heeprom_data                                   eeprom_data  000000
__Hfarbss                                        farbss       000000
__Hfardata                                       fardata      000000
__Hibigdata                                      ibigdata     000000
__Hidata                                         idata        000000
__HidataBANK0                                    idataBANK0   000000
__HidataBANK1                                    idataBANK1   000000
__Hidloc                                         idloc        200008
__Hifardata                                      ifardata     000000
__Hinit                                          init         000100
__Hintcode                                       intcode      00000E
__Hintcode_body                                  intcode_body 000000
__Hintcodelo                                     intcodelo    0000FC
__Hintentry                                      intentry     000000
__Hintret                                        intret       000000
__Hintsave_regs                                  intsave_regs 000000
__Hirdata                                        irdata       000000
__Hmediumconst                                   mediumconst  010000
__HnvFARRAM                                      nvFARRAM     000000
__Hnvbit                                         nvbit        000000
__Hnvrram                                        nvrram       000000
__Hparam                                         rparam       000000
__Hpowerup                                       powerup      0000FC
__Hram                                           ram          000000
__Hramtop                                        ramtop       001000
__Hrbit                                          rbit         000000
__Hrbss                                          rbss         000000
__Hrdata                                         rdata        000000
__Hreset_vec                                     reset_vec    000006
__Hrparam                                        rparam       000000
__Hsfr                                           sfr          000000
__Hsmallconst                                    smallconst   000000
__Hspace_0                                       (abs)        30000E
__Hspace_1                                       (abs)        000264
__Hspace_2                                       (abs)        000000
__Hstack                                         stack        000000
__Hstruct                                        struct       000000
__Htemp                                          temp         00004A
__Htext                                          text         000000
__Htext0                                         text0        000000
__Htext1                                         text1        000000
__Htext10                                        text10       000000
__Htext11                                        text11       000000
__Htext12                                        text12       000000
__Htext13                                        text13       000000
__Htext14                                        text14       000000
__Htext15                                        text15       000000
__Htext16                                        text16       000000
__Htext17                                        text17       000000
__Htext18                                        text18       000000
__Htext19                                        text19       000000
__Htext2                                         text2        000000
__Htext20                                        text20       000000
__Htext21                                        text21       000000
__Htext22                                        text22       000000
__Htext23                                        text23       000000
__Htext24                                        text24       000000
__Htext25                                        text25       000000
__Htext26                                        text26       000000
__Htext27                                        text27       000000
__Htext28                                        text28       000000
__Htext29                                        text29       000000
__Htext3                                         text3        000000
__Htext30                                        text30       000000
__Htext31                                        text31       000000
__Htext32                                        text32       000000
__Htext33                                        text33       000000
__Htext34                                        text34       000000
__Htext35                                        text35       000000
__Htext36                                        text36       000000
__Htext37                                        text37       000000
__Htext38                                        text38       000000
__Htext39                                        text39       000000
__Htext4                                         text4        000000
__Htext40                                        text40       000000
__Htext41                                        text41       000000
__Htext42                                        text42       000000
__Htext43                                        text43       000000
__Htext44                                        text44       000000
__Htext45                                        text45       000000
__Htext46                                        text46       000000
__Htext47                                        text47       000000
__Htext48                                        text48       000000
__Htext49                                        text49       000000
__Htext5                                         text5        000000
__Htext50                                        text50       000000
__Htext51                                        text51       000000
__Htext52                                        text52       000000
__Htext53                                        text53       000000
__Htext54                                        text54       000000
__Htext55                                        text55       000000
__Htext56                                        text56       000000
__Htext57                                        text57       000000
__Htext58                                        text58       000000
__Htext59                                        text59       000000
__Htext6                                         text6        000000
__Htext60                                        text60       000000
__Htext61                                        text61       000000
__Htext62                                        text62       000000
__Htext63                                        text63       000000
__Htext65                                        text65       000000
__Htext66                                        text66       000000
__Htext67                                        text67       000000
__Htext69                                        text69       000000
__Htext7                                         text7        000000
__Htext70                                        text70       000000
__Htext71                                        text71       000000
__Htext72                                        text72       000000
__Htext73                                        text73       000000
__Htext74                                        text74       000000
__Htext75                                        text75       000000
__Htext76                                        text76       000000
__Htext8                                         text8        000000
__Htext9                                         text9        000000
__LRAM                                           (abs)        000001
__Labs1                                          abs1         000000
__Lbank0                                         bank0        000000
__Lbank1                                         bank1        000000
__Lbank10                                        bank10       000000
__Lbank11                                        bank11       000000
__Lbank12                                        bank12       000000
__Lbank13                                        bank13       000000
__Lbank14                                        bank14       000000
__Lbank15                                        bank15       000000
__Lbank2                                         bank2        000000
__Lbank3                                         bank3        000000
__Lbank4                                         bank4        000000
__Lbank5                                         bank5        000000
__Lbank6                                         bank6        000000
__Lbank7                                         bank7        000000
__Lbank8                                         bank8        000000
__Lbank9                                         bank9        000000
__Lbigbss                                        bigbss       000000
__Lbigdata                                       bigdata      000000
__Lbigram                                        bigram       000000
__Lbss                                           bss          000000
__LbssBANK0                                      bssBANK0     000000
__LbssBANK1                                      bssBANK1     000000
__LbssBANK2                                      bssBANK2     000000
__LbssCOMRAM                                     bssCOMRAM    000000
__Lcinit                                         cinit        000000
__Lclrtext                                       clrtext      000000
__Lcomram                                        comram       000000
__Lconfig                                        config       300000
__Lconst                                         const        000000
__LcstackBANK0                                   cstackBANK0  000000
__LcstackBANK1                                   cstackBANK1  000000
__LcstackCOMRAM                                  cstackCOMRAM 000000
__Ldata                                          data         000000
__LdataBANK0                                     dataBANK0    000000
__LdataBANK1                                     dataBANK1    000000
__Leeprom_data                                   eeprom_data  000000
__Lfarbss                                        farbss       000000
__Lfardata                                       fardata      000000
__Libigdata                                      ibigdata     000000
__Lidata                                         idata        000000
__LidataBANK0                                    idataBANK0   000000
__LidataBANK1                                    idataBANK1   000000
__Lidloc                                         idloc        200000
__Lifardata                                      ifardata     000000
__Linit                                          init         0000FC
__Lintcode                                       intcode      000008
__Lintcode_body                                  intcode_body 000000
__Lintcodelo                                     intcodelo    000018
__Lintentry                                      intentry     000000
__Lintret                                        intret       000000
__Lintsave_regs                                  intsave_regs 000000
__Lirdata                                        irdata       000000
__Lmediumconst                                   mediumconst  00FD00
__LnvFARRAM                                      nvFARRAM     000000
__Lnvbit                                         nvbit        000000
__Lnvrram                                        nvrram       000000
__Lparam                                         rparam       000000
__Lpowerup                                       powerup      0000FC
__Lram                                           ram          000000
__Lramtop                                        ramtop       001000
__Lrbit                                          rbit         000000
__Lrbss                                          rbss         000000
__Lrdata                                         rdata        000000
__Lreset_vec                                     reset_vec    000000
__Lrparam                                        rparam       000000
__Lsfr                                           sfr          000000
__Lsmallconst                                    smallconst   000000
__Lspace_0                                       (abs)        000000
__Lspace_1                                       (abs)        000000
__Lspace_2                                       (abs)        000000
__Lstack                                         stack        000000
__Lstruct                                        struct       000000
__Ltemp                                          temp         000049
__Ltext                                          text         000000
__Ltext0                                         text0        000000
__Ltext1                                         text1        000000
__Ltext10                                        text10       000000
__Ltext11                                        text11       000000
__Ltext12                                        text12       000000
__Ltext13                                        text13       000000
__Ltext14                                        text14       000000
__Ltext15                                        text15       000000
__Ltext16                                        text16       000000
__Ltext17                                        text17       000000
__Ltext18                                        text18       000000
__Ltext19                                        text19       000000
__Ltext2                                         text2        000000
__Ltext20                                        text20       000000
__Ltext21                                        text21       000000
__Ltext22                                        text22       000000
__Ltext23                                        text23       000000
__Ltext24                                        text24       000000
__Ltext25                                        text25       000000
__Ltext26                                        text26       000000
__Ltext27                                        text27       000000
__Ltext28                                        text28       000000
__Ltext29                                        text29       000000
__Ltext3                                         text3        000000
__Ltext30                                        text30       000000
__Ltext31                                        text31       000000
__Ltext32                                        text32       000000
__Ltext33                                        text33       000000
__Ltext34                                        text34       000000
__Ltext35                                        text35       000000
__Ltext36                                        text36       000000
__Ltext37                                        text37       000000
__Ltext38                                        text38       000000
__Ltext39                                        text39       000000
__Ltext4                                         text4        000000
__Ltext40                                        text40       000000
__Ltext41                                        text41       000000
__Ltext42                                        text42       000000
__Ltext43                                        text43       000000
__Ltext44                                        text44       000000
__Ltext45                                        text45       000000
__Ltext46                                        text46       000000
__Ltext47                                        text47       000000
__Ltext48                                        text48       000000
__Ltext49                                        text49       000000
__Ltext5                                         text5        000000
__Ltext50                                        text50       000000
__Ltext51                                        text51       000000
__Ltext52                                        text52       000000
__Ltext53                                        text53       000000
__Ltext54                                        text54       000000
__Ltext55                                        text55       000000
__Ltext56                                        text56       000000
__Ltext57                                        text57       000000
__Ltext58                                        text58       000000
__Ltext59                                        text59       000000
__Ltext6                                         text6        000000
__Ltext60                                        text60       000000
__Ltext61                                        text61       000000
__Ltext62                                        text62       000000
__Ltext63                                        text63       000000
__Ltext65                                        text65       000000
__Ltext66                                        text66       000000
__Ltext67                                        text67       000000
__Ltext69                                        text69       000000
__Ltext7                                         text7        000000
__Ltext70                                        text70       000000
__Ltext71                                        text71       000000
__Ltext72                                        text72       000000
__Ltext73                                        text73       000000
__Ltext74                                        text74       000000
__Ltext75                                        text75       000000
__Ltext76                                        text76       000000
__Ltext8                                         text8        000000
__Ltext9                                         text9        000000
__S0                                             (abs)        30000E
__S1                                             (abs)        000264
__S2                                             (abs)        000000
___awdiv                                         text33       012022
___awdiv@counter                                 cstackBANK1  0001DC
___awdiv@dividend                                cstackBANK1  0001D8
___awdiv@divisor                                 cstackBANK1  0001DA
___awdiv@quotient                                cstackBANK1  0001DE
___awdiv@sign                                    cstackBANK1  0001DD
___awmod                                         text32       012122
___awmod@counter                                 cstackBANK1  0001DC
___awmod@dividend                                cstackBANK1  0001D8
___awmod@divisor                                 cstackBANK1  0001DA
___awmod@sign                                    cstackBANK1  0001DD
___inthi_sp                                      stack        000000
___intlo_sp                                      stack        000000
___param_bank                                    (abs)        000000
___rparam_used                                   (abs)        000001
___sp                                            stack        000000
__accesstop                                      (abs)        000060
__activetblptr                                   (abs)        000003
__end_of_ATCheck                                 mediumconst  00FDE7
__end_of_ClearRxBytes                            text49       012834
__end_of_Clear_Data                              text63       01274A
__end_of_DATA_LENGHT                             mediumconst  00FD93
__end_of_Delay_ms                                text24       012A34
__end_of_Delayms                                 text59       01265A
__end_of_Delet_All_SMS                           mediumconst  00FDE4
__end_of_DeleteAllSms                            text44       011C10
__end_of_EXT_INT_Initialize                      text40       012A4E
__end_of_Enable_Result_Code                      mediumconst  00FD61
__end_of_Get_Baud                                mediumconst  00FD7B
__end_of_HEADER_LENGHT                           mediumconst  00FD92
__end_of_ID_Conversion                           text62       011CBA
__end_of_IMEI                                    mediumconst  00FD82
__end_of_INT0_SetInterruptHandler                text41       012B38
__end_of_INTERRUPT_Initialize                    text39       012B4E
__end_of_INTERRUPT_InterruptManagerHigh          intcode_body 011886
__end_of_INTERRUPT_InterruptManagerLow           intcodelo    0000FC
__end_of_InitSPI                                 text60       012918
__end_of_LIGHT_ALL_OFF                           mediumconst  00FD35
__end_of_LIGHT_ALL_ON                            mediumconst  00FD42
__end_of_LIGHT_ALTERNATE                         mediumconst  00FD28
__end_of_LIGHT_CARD_STATUS                       mediumconst  00FD1B
__end_of_LIGHT_DEBBUGE_STATUS                    mediumconst  00FD6A
__end_of_LcdCmd                                  text58       0129C0
__end_of_LcdData                                 text48       0129A0
__end_of_LcdDisplay                              text47       01261A
__end_of_LcdInit                                 text57       012436
__end_of_Manufacturer_Id                         mediumconst  00FD91
__end_of_Message1                                mediumconst  00FD4D
__end_of_Message2                                mediumconst  00FD0E
__end_of_Message3                                mediumconst  00FDD8
__end_of_Message6                                mediumconst  00FDB8
__end_of_Message_Send_Frame_1                    text55       012022
__end_of_Message_Send_Frame_2                    text54       011F92
__end_of_Message_Send_Frame_3                    text53       011F02
__end_of_Message_Send_Frame_LDR_OFF              text52       011B62
__end_of_Message_Send_Frame_LDR_ON               text51       011E72
__end_of_Message_Send_Frame_Parking_light_Board  text50       011AB2
__end_of_Module_Init                             text43       01226C
__end_of_OSCILLATOR_Initialize                   text38       012AA2
__end_of_PIN_MANAGER_Initialize                  text37       012514
__end_of_RF_reset                                text20       012884
__end_of_Read_b_eep                              text42       012AFC
__end_of_SMSread                                 mediumconst  00FD57
__end_of_SPI_Read                                text4        012AB4
__end_of_SPI_Write                               text30       012AD8
__end_of_SYSTEM_Initialize                       text36       012AEA
__end_of_SerInit                                 text35       01233A
__end_of_Set_Responce                            mediumconst  00FD8D
__end_of_Sim_Status                              mediumconst  00FD73
__end_of_Sprint                                  text56       0122D4
__end_of_SprintRom                               text46       012390
__end_of_TMR0_CallBack                           text66       01293C
__end_of_TMR0_DefaultInterruptHandler            text67       012B50
__end_of_TMR0_ISR                                text65       0128AC
__end_of_Write_b_eep                             text34       012714
__end_of_Xor_check                               text7        012556
__end_of___awdiv                                 text33       0120A8
__end_of___awmod                                 text32       012194
__end_of__initialization                         cinit        012118
__end_of_check_msg                               text31       011406
__end_of_delay                                   text61       0129DE
__end_of_echo_off                                mediumconst  00FD88
__end_of_enable_PLL                              text26       012A8E
__end_of_enable_interrupt                        text28       012B2A
__end_of_init_ZIGBEE_basic                       text25       011D50
__end_of_init_ZIGBEE_nonbeacon                   text18       0128D0
__end_of_lcd_clear                               text45       012B48
__end_of_lcd_off_cursor                          text17       012B40
__end_of_main                                    text0        010F7E
__end_of_nonbeacon_PAN_coordinator_device        text16       0126D8
__end_of_pin_reset                               text15       01295E
__end_of_pin_wake                                text23       012AC6
__end_of_read_RX_FIFO                            text71       011200
__end_of_read_ZIGBEE_long                        text73       012488
__end_of_read_ZIGBEE_short                       text3        01285C
__end_of_set_CCA_mode                            text22       01194C
__end_of_set_PAN_ID                              text14       01280A
__end_of_set_RSSI_mode                           text21       0125DA
__end_of_set_TX_power                            text13       012598
__end_of_set_WAKE_from_pin                       text12       012A18
__end_of_set_channel                             text19       0115C6
__end_of_set_frame_format_filter                 text11       011DE2
__end_of_set_long_address                        text10       01277E
__end_of_set_not_ACK                             text6        012A7A
__end_of_set_not_encrypt                         text5        012A64
__end_of_set_reception_mode                      text9        012204
__end_of_set_short_address                       text8        0127DC
__end_of_start_transmit                          text2        0124D0
__end_of_write_TX_normal_FIFO                    text1        01173E
__end_of_write_ZIGBEE_long                       text27       0123E4
__end_of_write_ZIGBEE_short                      text29       0128F4
__end_ofi2_SPI_Read                              text75       012B1C
__end_ofi2_SPI_Write                             text74       012B0C
__end_ofi2_Xor_check                             text70       01269A
__end_ofi2_read_ZIGBEE_short                     text69       012980
__end_ofi2_write_ZIGBEE_short                    text72       0129FC
__initialization                                 cinit        0120A8
__mediumconst                                    mediumconst  00FD00
__pbssBANK0                                      bssBANK0     000060
__pbssBANK1                                      bssBANK1     0001B6
__pbssBANK2                                      bssBANK2     000200
__pbssCOMRAM                                     bssCOMRAM    000001
__pcinit                                         cinit        0120A8
__pcstackBANK0                                   cstackBANK0  0000E9
__pcstackBANK1                                   cstackBANK1  0001D8
__pcstackCOMRAM                                  cstackCOMRAM 000025
__pdataBANK0                                     dataBANK0    0000BA
__pdataBANK1                                     dataBANK1    000100
__pidataBANK0                                    idataBANK0   01277E
__pidataBANK1                                    idataBANK1   01194C
__pintcode                                       intcode      000008
__pintcode_body                                  intcode_body 01173E
__pintcodelo                                     intcodelo    000018
__pmediumconst                                   mediumconst  00FD00
__ptext0                                         text0        010000
__ptext1                                         text1        0115C6
__ptext10                                        text10       01274A
__ptext11                                        text11       011D50
__ptext12                                        text12       0129FC
__ptext13                                        text13       012556
__ptext14                                        text14       0127DC
__ptext15                                        text15       01293C
__ptext16                                        text16       01269A
__ptext17                                        text17       012B38
__ptext18                                        text18       0128AC
__ptext19                                        text19       011406
__ptext2                                         text2        012488
__ptext20                                        text20       01285C
__ptext21                                        text21       012598
__ptext22                                        text22       011886
__ptext23                                        text23       012AB4
__ptext24                                        text24       012A18
__ptext25                                        text25       011CBA
__ptext26                                        text26       012A7A
__ptext27                                        text27       012390
__ptext28                                        text28       012B1C
__ptext29                                        text29       0128D0
__ptext3                                         text3        012834
__ptext30                                        text30       012AC6
__ptext31                                        text31       011200
__ptext32                                        text32       012122
__ptext33                                        text33       012022
__ptext34                                        text34       0126D8
__ptext35                                        text35       0122D4
__ptext36                                        text36       012AD8
__ptext37                                        text37       0124D0
__ptext38                                        text38       012A8E
__ptext39                                        text39       012B48
__ptext4                                         text4        012AA2
__ptext40                                        text40       012A34
__ptext41                                        text41       012B2A
__ptext42                                        text42       012AEA
__ptext43                                        text43       012204
__ptext44                                        text44       011B62
__ptext45                                        text45       012B40
__ptext46                                        text46       01233A
__ptext47                                        text47       0125DA
__ptext48                                        text48       012980
__ptext49                                        text49       01280A
__ptext5                                         text5        012A4E
__ptext50                                        text50       011A02
__ptext51                                        text51       011DE2
__ptext52                                        text52       011AB2
__ptext53                                        text53       011E72
__ptext54                                        text54       011F02
__ptext55                                        text55       011F92
__ptext56                                        text56       01226C
__ptext57                                        text57       0123E4
__ptext58                                        text58       0129A0
__ptext59                                        text59       01261A
__ptext6                                         text6        012A64
__ptext60                                        text60       0128F4
__ptext61                                        text61       0129C0
__ptext62                                        text62       011C10
__ptext63                                        text63       012714
__ptext65                                        text65       012884
__ptext66                                        text66       012918
__ptext67                                        text67       012B4E
__ptext69                                        text69       01295E
__ptext7                                         text7        012514
__ptext70                                        text70       01265A
__ptext71                                        text71       010F7E
__ptext72                                        text72       0129DE
__ptext73                                        text73       012436
__ptext74                                        text74       012AFC
__ptext75                                        text75       012B0C
__ptext76                                        text76       000000
__ptext8                                         text8        0127AE
__ptext9                                         text9        012194
__ramtop                                         ramtop       001000
__size_of_ClearRxBytes                           (abs)        000000
__size_of_Clear_Data                             (abs)        000000
__size_of_Delay_ms                               (abs)        000000
__size_of_Delayms                                (abs)        000000
__size_of_DeleteAllSms                           (abs)        000000
__size_of_EXT_INT_Initialize                     (abs)        000000
__size_of_ID_Conversion                          (abs)        000000
__size_of_INT0_SetInterruptHandler               (abs)        000000
__size_of_INTERRUPT_Initialize                   (abs)        000000
__size_of_INTERRUPT_InterruptManagerHigh         (abs)        000000
__size_of_INTERRUPT_InterruptManagerLow          (abs)        000000
__size_of_InitSPI                                (abs)        000000
__size_of_LcdCmd                                 (abs)        000000
[...]
 Defined at:
		line 165 in file "mcc_generated_files/tmr0.c"
 Parameters:    Size  Location     Type
		None
 Auto vars:     Size  Location     Type
		None
 Return value:  Size  Location     Type
                  1    wreg      void 
 Registers used:
		None
 Tracked objects:
		On entry : 
		On exit  : 
		Unchanged: 
 Data sizes:     COMRAM   BANK0   BANK1   BANK2   BANK3   BANK4   BANK5   BANK6   BANK7   BANK8   BANK9  BANK10  BANK11  BANK12  BANK13  BANK14  BANK15
      Params:         0       0       0       0       0       0       0       0       0       0       0       0       0       0       0       0       0
      Locals:         0       0       0       0       0       0       0       0       0       0       0       0       0       0       0       0       0
      Temps:          0       0       0       0       0       0       0       0       0       0       0       0       0       0       0       0       0
      Totals:         0       0       0       0       0       0       0       0       0       0       0       0       0       0       0       0       0
Total ram usage:        0 bytes
 Hardware stack levels used:    1
 Hardware stack levels required when called:    4
 This function calls:
		Nothing
 This function is called by:
		_TMR0_Initialize
		_TMR0_CallBack
 This function uses a non-reentrant model


 *************** function _INTERRUPT_InterruptManagerHigh *****************
 Defined at:
		line 112 in file "2_April_TestMain.c"
 Parameters:    Size  Location     Type
		None
 Auto vars:     Size  Location     Type
		None
 Return value:  Size  Location     Type
                  1    wreg      void 
 Registers used:
		wreg, fsr2l, fsr2h, status,2, status,0, tblptrl, tblptrh, tblptru, prodl, prodh, cstack
 Tracked objects:
		On entry : 
		On exit  : 
		Unchanged: 
 Data sizes:     COMRAM   BANK0   BANK1   BANK2   BANK3   BANK4   BANK5   BANK6   BANK7   BANK8   BANK9  BANK10  BANK11  BANK12  BANK13  BANK14  BANK15
      Params:         0       0       0       0       0       0       0       0       0       0       0       0       0       0       0       0       0
      Locals:         0       0       0       0       0       0       0       0       0       0       0       0       0       0       0       0       0
      Temps:         20       0       0       0       0       0       0       0       0       0       0       0       0       0       0       0       0
      Totals:        20       0       0       0       0       0       0       0       0       0       0       0       0       0       0       0       0
Total ram usage:       20 bytes
 Hardware stack levels used:    1
 Hardware stack levels required when called:    3
 This function calls:
		_read_RX_FIFO
		i2_Xor_check
		i2_read_ZIGBEE_short
 This function is called by:
		Interrupt level 2
 This function uses a non-reentrant model


 *************** function i2_read_ZIGBEE_short *****************
 Defined at:
		line 404 in file "zigbee.c"
 Parameters:    Size  Location     Type
  address         1    wreg     unsigned char 
 Auto vars:     Size  Location     Type
  address         1    2[COMRAM] unsigned char 
  read_ZIGBEE_    1    3[COMRAM] unsigned char 
 Return value:  Size  Location     Type
                  1    wreg      unsigned char 
 Registers used:
		wreg, status,2, status,0, cstack
 Tracked objects:
		On entry : 
		On exit  : 
		Unchanged: 
 Data sizes:     COMRAM   BANK0   BANK1   BANK2   BANK3   BANK4   BANK5   BANK6   BANK7   BANK8   BANK9  BANK10  BANK11  BANK12  BANK13  BANK14  BANK15
      Params:         0       0       0       0       0       0       0       0       0       0       0       0       0       0       0       0       0
      Locals:         2       0       0       0       0       0       0       0       0       0       0       0       0       0       0       0       0
      Temps:          0       0       0       0       0       0       0       0       0       0       0       0       0       0       0       0       0
      Totals:         2       0       0       0       0       0       0       0       0       0       0       0       0       0       0       0       0
Total ram usage:        2 bytes
 Hardware stack levels used:    1
 Hardware stack levels required when called:    1
 This function calls:
		i2_SPI_Read
		i2_SPI_Write
 This function is called by:
		_INTERRUPT_InterruptManagerHigh
 This function uses a non-reentrant model


 *************** function i2_Xor_check *****************
 Defined at:
		line 504 in file "zigbee.c"
 Parameters:    Size  Location     Type
  data_value      2    0[COMRAM] PTR unsigned char 
		 -> DATA_TX(3), DATA_RX(5), 
  length          1    2[COMRAM] unsigned char 
 Auto vars:     Size  Location     Type
  Xor_check       2    6[COMRAM] unsigned short 
  Xor_check       2    4[COMRAM] unsigned short 
 Return value:  Size  Location     Type
                  2    0[COMRAM] unsigned short 
 Registers used:
		wreg, fsr2l, fsr2h, status,2, status,0
 Tracked objects:
		On entry : 
		On exit  : 
		Unchanged: 
 Data sizes:     COMRAM   BANK0   BANK1   BANK2   BANK3   BANK4   BANK5   BANK6   BANK7   BANK8   BANK9  BANK10  BANK11  BANK12  BANK13  BANK14  BANK15
      Params:         3       0       0       0       0       0       0       0       0       0       0       0       0       0       0       0       0
      Locals:         4       0       0       0       0       0       0       0       0       0       0       0       0       0       0       0       0
      Temps:          1       0       0       0       0       0       0       0       0       0       0       0       0       0       0       0       0
      Totals:         8       0       0       0       0       0       0       0       0       0       0       0       0       0       0       0       0
Total ram usage:        8 bytes
 Hardware stack levels used:    1
 This function calls:
		Nothing
 This function is called by:
		_INTERRUPT_InterruptManagerHigh
 This function uses a non-reentrant model


 *************** function _read_RX_FIFO *****************
 Defined at:
		line 11 in file "zigbee.c"
 Parameters:    Size  Location     Type
		None
 Auto vars:     Size  Location     Type
  i               1   15[COMRAM] unsigned char 
  temp            1   14[COMRAM] unsigned char 
 Return value:  Size  Location     Type
                  1    wreg      void 
 Registers used:
		wreg, fsr2l, fsr2h, status,2, status,0, tblptrl, tblptrh, tblptru, prodl, prodh, cstack
 Tracked objects:
		On entry : 
		On exit  : 
		Unchanged: 
 Data sizes:     COMRAM   BANK0   BANK1   BANK2   BANK3   BANK4   BANK5   BANK6   BANK7   BANK8   BANK9  BANK10  BANK11  BANK12  BANK13  BANK14  BANK15
      Params:         0       0       0       0       0       0       0       0       0       0       0       0       0       0       0       0       0
      Locals:         2       0       0       0       0       0       0       0       0       0       0       0       0       0       0       0       0
      Temps:          5       0       0       0       0       0       0       0       0       0       0       0       0       0       0       0       0
      Totals:         7       0       0       0       0       0       0       0       0       0       0       0       0       0       0       0       0
Total ram usage:        7 bytes
 Hardware stack levels used:    1
 Hardware stack levels required when called:    2
 This function calls:
		_read_ZIGBEE_long
		i2_write_ZIGBEE_short
 This function is called by:
		_INTERRUPT_InterruptManagerHigh
 This function uses a non-reentrant model


 *************** function i2_write_ZIGBEE_short *****************
 Defined at:
		line 397 in file "zigbee.c"
 Parameters:    Size  Location     Type
  address         1    wreg     unsigned char 
  data_r          1    2[COMRAM] unsigned char 
 Auto vars:     Size  Location     Type
  address         1    3[COMRAM] unsigned char 
 Return value:  Size  Location     Type
                  1    wreg      void 
 Registers used:
		wreg, status,2, status,0, cstack
 Tracked objects:
		On entry : 
		On exit  : 
		Unchanged: 
 Data sizes:     COMRAM   BANK0   BANK1   BANK2   BANK3   BANK4   BANK5   BANK6   BANK7   BANK8   BANK9  BANK10  BANK11  BANK12  BANK13  BANK14  BANK15
      Params:         1       0       0       0       0       0       0       0       0       0       0       0       0       0       0       0       0
      Locals:         1       0       0       0       0       0       0       0       0       0       0       0       0       0       0       0       0
      Temps:          0       0       0       0       0       0       0       0       0       0       0       0       0       0       0       0       0
      Totals:         2       0       0       0       0       0       0       0       0       0       0       0       0       0       0       0       0
Total ram usage:        2 bytes
 Hardware stack levels used:    1
 Hardware stack levels required when called:    1
 This function calls:
		i2_SPI_Write
 This function is called by:
		_read_RX_FIFO
 This function uses a non-reentrant model


 *************** function _read_ZIGBEE_long *****************
 Defined at:
		line 426 in file "zigbee.c"
 Parameters:    Size  Location     Type
  address         2    2[COMRAM] unsigned int 
 Auto vars:     Size  Location     Type
  address_low     1    8[COMRAM] unsigned char 
  address_high    1    7[COMRAM] unsigned char 
  data_r          1    6[COMRAM] unsigned char 
 Return value:  Size  Location     Type
                  1    wreg      unsigned char 
 Registers used:
		wreg, status,2, status,0, cstack
 Tracked objects:
		On entry : 
		On exit  : 
		Unchanged: 
 Data sizes:     COMRAM   BANK0   BANK1   BANK2   BANK3   BANK4   BANK5   BANK6   BANK7   BANK8   BANK9  BANK10  BANK11  BANK12  BANK13  BANK14  BANK15
      Params:         2       0       0       0       0       0       0       0       0       0       0       0       0       0       0       0       0
      Locals:         3       0       0       0       0       0       0       0       0       0       0       0       0       0       0       0       0
      Temps:          2       0       0       0       0       0       0       0       0       0       0       0       0       0       0       0       0
      Totals:         7       0       0       0       0       0       0       0       0       0       0       0       0       0       0       0       0
Total ram usage:        7 bytes
 Hardware stack levels used:    1
 Hardware stack levels required when called:    1
 This function calls:
		i2_SPI_Read
		i2_SPI_Write
 This function is called by:
		_read_RX_FIFO
 This function uses a non-reentrant model


 *************** function i2_SPI_Write *****************
 Defined at:
		line 458 in file "zigbee.c"
 Parameters:    Size  Location     Type
  command         1    wreg     unsigned char 
 Auto vars:     Size  Location     Type
  command         1    1[COMRAM] unsigned char 
  SPI_Write       1    0[COMRAM] unsigned char 
 Return value:  Size  Location     Type
                  1    wreg      void 
 Registers used:
		wreg
 Tracked objects:
		On entry : 
		On exit  : 
		Unchanged: 
 Data sizes:     COMRAM   BANK0   BANK1   BANK2   BANK3   BANK4   BANK5   BANK6   BANK7   BANK8   BANK9  BANK10  BANK11  BANK12  BANK13  BANK14  BANK15
      Params:         0       0       0       0       0       0       0       0       0       0       0       0       0       0       0       0       0
      Locals:         2       0       0       0       0       0       0       0       0       0       0       0       0       0       0       0       0
      Temps:          0       0       0       0       0       0       0       0       0       0       0       0       0       0       0       0       0
      Totals:         2       0       0       0       0       0       0       0       0       0       0       0       0       0       0       0       0
Total ram usage:        2 bytes
 Hardware stack levels used:    1
 This function calls:
		Nothing
 This function is called by:
		_read_ZIGBEE_long
		i2_write_ZIGBEE_short
		i2_read_ZIGBEE_short
 This function uses a non-reentrant model


 *************** function i2_SPI_Read *****************
 Defined at:
		line 464 in file "zigbee.c"
 Parameters:    Size  Location     Type
		None
 Auto vars:     Size  Location     Type
  SPI_Read        1    0[COMRAM] unsigned char 
 Return value:  Size  Location     Type
                  1    wreg      unsigned char 
 Registers used:
		wreg, status,2
 Tracked objects:
		On entry : 
		On exit  : 
		Unchanged: 
 Data sizes:     COMRAM   BANK0   BANK1   BANK2   BANK3   BANK4   BANK5   BANK6   BANK7   BANK8   BANK9  BANK10  BANK11  BANK12  BANK13  BANK14  BANK15
      Params:         0       0       0       0       0       0       0       0       0       0       0       0       0       0       0       0       0
      Locals:         1       0       0       0       0       0       0       0       0       0       0       0       0       0       0       0       0
      Temps:          0       0       0       0       0       0       0       0       0       0       0       0       0       0       0       0       0
      Totals:         1       0       0       0       0       0       0       0       0       0       0       0       0       0       0       0       0
Total ram usage:        1 bytes
 Hardware stack levels used:    1
 This function calls:
		Nothing
 This function is called by:
		_read_ZIGBEE_long
		i2_read_ZIGBEE_short
 This function uses a non-reentrant model



MODULE INFORMATION

Module		Function		Class		Link	Load	Size
C:\Program Files\Microchip\xc8\v1.45\sources\common\awmod.c
		___awmod       		CODE           	12122	0000	115

C:\Program Files\Microchip\xc8\v1.45\sources\common\awmod.c estimated size: 115

2_April_TestMain.c
		_Message_Send_Frame_Parking_light_Board		CODE           	11A02	0000	177
		_Sprint        		CODE           	1226C	0000	105
		_SerInit       		CODE           	122D4	0000	103
		_Message_Send_Frame_1		CODE           	11F92	0000	145
		_LcdCmd        		CODE           	129A0	0000	33
		_ClearRxBytes  		CODE           	1280A	0000	43
		_Message_Send_Frame_2		CODE           	11F02	0000	145
		_main          		CODE           	10000	0000	3967
		_check_msg     		CODE           	11200	0000	519
		_Module_Init   		CODE           	12204	0000	105
		_Message_Send_Frame_3		CODE           	11E72	0000	145
		_ID_Conversion 		CODE           	11C10	0000	171
		_LcdInit       		CODE           	123E4	0000	83
		_lcd_off_cursor		CODE           	12B38	0000	9
		_LcdData       		CODE           	12980	0000	33
		_lcd_clear     		CODE           	12B40	0000	9
		_SprintRom     		CODE           	1233A	0000	87
		_INTERRUPT_InterruptManagerLow		CODE           	0018	0000	229
		_DeleteAllSms  		CODE           	11B62	0000	175
		_Message_Send_Frame_LDR_ON		CODE           	11DE2	0000	145
		_Message_Send_Frame_LDR_OFF		CODE           	11AB2	0000	177
		_LcdDisplay    		CODE           	125DA	0000	65
		_INTERRUPT_InterruptManagerHigh		CODE           	0008	0000	335

2_April_TestMain.c estimated size: 7005

mcc_generated_files/interrupt_manager.c
		_INTERRUPT_Initialize		CODE           	12B48	0000	7

mcc_generated_files/interrupt_manager.c estimated size: 7

mcc_generated_files/tmr0.c
		_TMR0_DefaultInterruptHandler		CODE           	12B4E	0000	3
		_TMR0_CallBack 		CODE           	12918	0000	37
		_TMR0_ISR      		CODE           	12884	0000	41

mcc_generated_files/tmr0.c estimated size: 81

mcc_generated_files/pin_manager.c
		_PIN_MANAGER_Initialize		CODE           	124D0	0000	69

mcc_generated_files/pin_manager.c estimated size: 69

C:\Program Files\Microchip\xc8\v1.45\sources\common\awdiv.c
		___awdiv       		CODE           	12022	0000	135

C:\Program Files\Microchip\xc8\v1.45\sources\common\awdiv.c estimated size: 135

zigbee.c
		_enable_interrupt		CODE           	12B1C	0000	15
		_delay         		CODE           	129C0	0000	31
		_write_ZIGBEE_short		CODE           	128D0	0000	37
		_set_not_encrypt		CODE           	12A4E	0000	23
		_read_ZIGBEE_short		CODE           	12834	0000	41
		_set_channel   		CODE           	11406	0000	449
		_set_long_address		CODE           	1274A	0000	53
		_Read_b_eep    		CODE           	12AEA	0000	19
		_write_TX_normal_FIFO		CODE           	115C6	0000	377
		_read_RX_FIFO  		CODE           	10F7E	0000	643
		_Delayms       		CODE           	1261A	0000	65
		_SPI_Write     		CODE           	12AC6	0000	19
		_set_PAN_ID    		CODE           	127DC	0000	47
		_Delay_ms      		CODE           	12A18	0000	29
		_set_frame_format_filter		CODE           	11D50	0000	147
		_Write_b_eep   		CODE           	126D8	0000	61
		_set_reception_mode		CODE           	12194	0000	113
		_start_transmit		CODE           	12488	0000	73
		_write_ZIGBEE_long		CODE           	12390	0000	85
		_set_RSSI_mode 		CODE           	12598	0000	67
		_set_not_ACK   		CODE           	12A64	0000	23
		_init_ZIGBEE_nonbeacon		CODE           	128AC	0000	37
		_SPI_Read      		CODE           	12AA2	0000	19
		_InitSPI       		CODE           	128F4	0000	37
		_init_ZIGBEE_basic		CODE           	11CBA	0000	151
		_RF_reset      		CODE           	1285C	0000	41
		_Xor_check     		CODE           	12514	0000	67
		_set_TX_power  		CODE           	12556	0000	67
		_enable_PLL    		CODE           	12A7A	0000	21
		_set_WAKE_from_pin		CODE           	129FC	0000	29
		_Clear_Data    		CODE           	12714	0000	55
		_pin_wake      		CODE           	12AB4	0000	19
		_read_ZIGBEE_long		CODE           	12436	0000	83
		_nonbeacon_PAN_coordinator_device		CODE           	1269A	0000	63
		_pin_reset     		CODE           	1293C	0000	35
		_set_short_address		CODE           	127AE	0000	47
		_set_CCA_mode  		CODE           	11886	0000	199

zigbee.c estimated size: 3387

mcc_generated_files/ext_int.c
		_INT0_SetInterruptHandler		CODE           	12B2A	0000	15
		_EXT_INT_Initialize		CODE           	12A34	0000	27

mcc_generated_files/ext_int.c estimated size: 42

shared
		_Sim_Status    		MEDIUMCONST    	FD6A	0000	10
		i2_SPI_Write   		CODE           	12AFC	0000	17
		_Manufacturer_Id		MEDIUMCONST    	FD8D	0000	5
		_Set_Responce  		MEDIUMCONST    	FD88	0000	6
		_Get_Baud      		MEDIUMCONST    	FD73	0000	9
		_DATA_LENGHT   		MEDIUMCONST    	FD92	0000	2
		_ATCheck       		MEDIUMCONST    	FDE4	0000	4
		i2_read_ZIGBEE_short		CODE           	1295E	0000	35
		i2_Xor_check   		CODE           	1265A	0000	65
		__initialization		CODE           	120A8	0000	113
		_Message1      		MEDIUMCONST    	FD42	0000	12
		_Message2      		MEDIUMCONST    	FD01	0000	14
		_Message3      		MEDIUMCONST    	FDB8	0000	33
		_Message6      		MEDIUMCONST    	FD93	0000	38
		_HEADER_LENGHT 		MEDIUMCONST    	FD91	0000	2
		i2_write_ZIGBEE_short		CODE           	129DE	0000	31
		_SMSread       		MEDIUMCONST    	FD4D	0000	11
		_LIGHT_ALL_ON  		MEDIUMCONST    	FD35	0000	14
		_LIGHT_ALL_OFF 		MEDIUMCONST    	FD28	0000	14
		_LIGHT_CARD_STATUS		MEDIUMCONST    	FD0E	0000	14
		_Enable_Result_Code		MEDIUMCONST    	FD57	0000	11
		_IMEI          		MEDIUMCONST    	FD7B	0000	8
		_Delet_All_SMS 		MEDIUMCONST    	FDD8	0000	13
		_LIGHT_DEBBUGE_STATUS		MEDIUMCONST    	FD61	0000	10
		i2_SPI_Read    		CODE           	12B0C	0000	17
		_LIGHT_ALTERNATE		MEDIUMCONST    	FD1B	0000	14
		_echo_off      		MEDIUMCONST    	FD82	0000	7

shared estimated size: 529

mcc_generated_files/mcc.c
		_OSCILLATOR_Initialize		CODE           	12A8E	0000	21
		_SYSTEM_Initialize		CODE           	12AD8	0000	19

mcc_generated_files/mcc.c estimated size: 40

