Microchip MPLAB XC8 Compiler V1.45 ()

Linker command line:

-W-3 --edf=C:\Program Files\Microchip\xc8\v1.45\dat\en_msgs.txt -cs \
  -h+dist/default/debug\P-050917_17-08-2018.X.debug.sym \
  --cmf=dist/default/debug\P-050917_17-08-2018.X.debug.cmf -z -Q18F67K22 \
  -oC:\Users\DiXiT\AppData\Local\Temp\s214.2 \
  -Mdist/default/debug/P-050917_17-08-2018.X.debug.map -E1 -ver=XC8 \
  -ASTACK=0162h-0f15h -pstack=STACK -ACODE=00h-01FFFFh -ACONST=00h-01FFFFh \
  -ASMALLCONST=01000h-010FFhx496 \
  -AMEDIUMCONST=01000h-0FFFFh,011000h-01FFFFh -ACOMRAM=01h-05Fh \
  -AABS1=00h-0F15h -ABIGRAM=01h-0F15h \
  -ARAM=060h-0FFh,0100h-01FFhx14,0F00h-0F15h -ABANK0=060h-0FFh \
  -ABANK1=0100h-01FFh -ABANK2=0200h-02FFh -ABANK3=0300h-03FFh \
  -ABANK4=0400h-04FFh -ABANK5=0500h-05FFh -ABANK6=0600h-06FFh \
  -ABANK7=0700h-07FFh -ABANK8=0800h-08FFh -ABANK9=0900h-09FFh \
  -ABANK10=0A00h-0AFFh -ABANK11=0B00h-0BFFh -ABANK12=0C00h-0CFFh \
  -ABANK13=0D00h-0DFFh -ABANK14=0E00h-0EFFh -ABANK15=0F00h-0F15h \
  -ASFR=0F16h-0F5Fh,0F60h-0FFCh \
  -preset_vec=00h,intcode=08h,intcodelo=018h,powerup,init -pramtop=01000h \
  -psmallconst=SMALLCONST -pmediumconst=MEDIUMCONST -pconst=CONST \
  -AFARRAM=00h-00h -ACONFIG=0300000h-030000Dh -pconfig=CONFIG \
  -AIDLOC=0200000h-0200007h -pidloc=IDLOC -AEEDATA=0F00000h-0F003FFh \
  -peeprom_data=EEDATA \
  -prdata=COMRAM,nvrram=COMRAM,nvbit=COMRAM,rbss=COMRAM,rbit=COMRAM \
  -pfarbss=FARRAM,fardata=FARRAM,nvFARRAM=FARRAM \
  -pintsave_regs=BIGRAM,bigbss=BIGRAM,bigdata=BIGRAM -pbss=RAM \
  -pidata=CODE,irdata=CODE,ibigdata=CODE,ifardata=CODE -prparam=COMRAM \
  C:\Users\DiXiT\AppData\Local\Temp\s214.obj \
  dist/default/debug\P-050917_17-08-2018.X.debug.obj 

Object code version is 3.11

Machine type is 18F67K22

Call graph: (short form)




                Name                               Link     Load   Length Selector   Space Scale
C:\Users\DiXiT\AppData\Local\Temp\s214.obj
                init                                124      124        4        C       0
                reset_vec                             0        0        6        0       0
                idloc                            200000   200000        8   200000       0
                config                           300000   300000        E   300000       0
dist/default/debug\P-050917_17-08-2018.X.debug.obj
                intcodelo                            18       18      10C        C       0
                intcode                               8        8        6        4       0
                temp                                 4A       4A        1        1       1
                smallconst                         1000     1000       10      800       0
                text70                             2DF4     2DF4        2     16F2       0
                text69                             2BBC     2BBC       24      808       0
                text68                             2DE4     2DE4        8     16F2       0
                text67                             295C     295C       34      808       0
                text66                             2D9E     2D9E       10      808       0
                text65                             2D8E     2D8E       10      808       0
                text64                             2660     2660       52      808       0
                text63                             2C42     2C42       1E      808       0
                text62                             1680     1680      282      808       0
                text61                             2802     2802       40      808       0
                text60                             2C02     2C02       22      808       0
                intcode_body                       20E2     20E2       E0      808       0
                text58                             29EC     29EC       2E      808       0
                text57                             2DF2     2DF2        2     16F2       0
                text56                             2B98     2B98       24      808       0
                text55                             2A92     2A92       28      808       0
                text53                             28F2     28F2       36      808       0
                text52                             28BC     28BC       36      808       0
                text51                             2B06     2B06       26      808       0
                text50                             2C24     2C24       1E      808       0
                text49                             2B74     2B74       24      808       0
                text48                             2D6C     2D6C       12      808       0
                text47                             2CF8     2CF8       16      808       0
                text46                             2DCA     2DCA        E      808       0
                text45                             2CB2     2CB2       1A      808       0
                text44                             2DEC     2DEC        6     16F2       0
                text43                             2D22     2D22       14      808       0
                text42                             27C0     27C0       42      808       0
                text41                             2DBC     2DBC        E      808       0
                text40                             2A6A     2A6A       28      808       0
                text39                             2C98     2C98       1A      808       0
                text38                             2880     2880       3C      808       0
                text37                             21C2     21C2       CE      808       0
                text36                             2356     2356       B0      808       0
                text35                             1902     1902      1E2      808       0
                text34                             1FFA     1FFA       E8      808       0
                text33                             1F04     1F04       F6      808       0
                text32                             2AE0     2AE0       26      808       0
                text31                             1E0C     1E0C       F8      808       0
                text30                             2ABA     2ABA       26      808       0
                text29                             2D5A     2D5A       12      808       0
                text28                             2B50     2B50       24      808       0
                text27                             2DAE     2DAE        E      808       0
                text26                             260C     260C       54      808       0
                text25                             2D0E     2D0E       14      808       0
                text24                             2406     2406       96      808       0
                text23                             2C7C     2C7C       1C      808       0
                text22                             2D48     2D48       12      808       0
                text21                             2290     2290       C6      808       0
                text20                             277E     277E       42      808       0
                text19                             2A42     2A42       28      808       0
                text18                             1AE4     1AE4      1C0      808       0
                text17                             2B2C     2B2C       24      808       0
                text16                             2842     2842       3E      808       0
                text15                             2BE0     2BE0       22      808       0
                text14                             29BE     29BE       2E      808       0
                text13                             273C     273C       42      808       0
                text12                             2C60     2C60       1C      808       0
                text11                             249C     249C       92      808       0
                text10                             2928     2928       34      808       0
                text9                              252E     252E       70      808       0
                text8                              2990     2990       2E      808       0
                text7                              26FA     26FA       42      808       0
                text6                              2CE2     2CE2       16      808       0
                text5                              2CCC     2CCC       16      808       0
                text4                              2D36     2D36       12      808       0
                text3                              2A1A     2A1A       28      808       0
                text2                              26B2     26B2       48      808       0
                text1                              1CA4     1CA4      168      808       0
                text0                              1010     1010      670      808       0
                cstackCOMRAM                         26       26       24        1       1
                cstackBANK0                          A8       A8       38       60       1
                cstackBANK1                         12B      12B       27      100       1
                dataBANK1                           152      152       10      100       1
                bssBANK1                            100      100       2B      100       1
                dataBANK0                            E0       E0        B       60       1
                bssBANK0                             60       60       48       60       1
                bssCOMRAM                             1        1       25        1       1
                cinit                              259E     259E       6E      808       0
                idataBANK1                         2D7E     2D7E       10      808       0
                idataBANK0                         2DD8     2DD8        B      808       0

TOTAL           Name                               Link     Load   Length     Space
        CLASS   STACK          

        CLASS   CODE           
                intcodelo                            18       18      10C         0
                intcode                               8        8        6         0
                init                                124      124        4         0
                reset_vec                             0        0        6         0
                text70                             2DF4     2DF4        2         0
                text69                             2BBC     2BBC       24         0
                text68                             2DE4     2DE4        8         0
                text67                             295C     295C       34         0
                text66                             2D9E     2D9E       10         0
                text65                             2D8E     2D8E       10         0
                text64                             2660     2660       52         0
                text63                             2C42     2C42       1E         0
                text62                             1680     1680      282         0
                text61                             2802     2802       40         0
                text60                             2C02     2C02       22         0
                intcode_body                       20E2     20E2       E0         0
                text58                             29EC     29EC       2E         0
                text57                             2DF2     2DF2        2         0
                text56                             2B98     2B98       24         0
                text55                             2A92     2A92       28         0
                text53                             28F2     28F2       36         0
                text52                             28BC     28BC       36         0
                text51                             2B06     2B06       26         0
                text50                             2C24     2C24       1E         0
                text49                             2B74     2B74       24         0
                text48                             2D6C     2D6C       12         0
                text47                             2CF8     2CF8       16         0
                text46                             2DCA     2DCA        E         0
                text45                             2CB2     2CB2       1A         0
                text44                             2DEC     2DEC        6         0
                text43                             2D22     2D22       14         0
                text42                             27C0     27C0       42         0
                text41                             2DBC     2DBC        E         0
                text40                             2A6A     2A6A       28         0
                text39                             2C98     2C98       1A         0
                text38                             2880     2880       3C         0
                text37                             21C2     21C2       CE         0
                text36                             2356     2356       B0         0
                text35                             1902     1902      1E2         0
                text34                             1FFA     1FFA       E8         0
                text33                             1F04     1F04       F6         0
                text32                             2AE0     2AE0       26         0
                text31                             1E0C     1E0C       F8         0
                text30                             2ABA     2ABA       26         0
                text29                             2D5A     2D5A       12         0
                text28                             2B50     2B50       24         0
                text27                             2DAE     2DAE        E         0
                text26                             260C     260C       54         0
                text25                             2D0E     2D0E       14         0
                text24                             2406     2406       96         0
                text23                             2C7C     2C7C       1C         0
                text22                             2D48     2D48       12         0
                text21                             2290     2290       C6         0
                text20                             277E     277E       42         0
                text19                             2A42     2A42       28         0
                text18                             1AE4     1AE4      1C0         0
                text17                             2B2C     2B2C       24         0
                text16                             2842     2842       3E         0
                text15                             2BE0     2BE0       22         0
                text14                             29BE     29BE       2E         0
                text13                             273C     273C       42         0
                text12                             2C60     2C60       1C         0
                text11                             249C     249C       92         0
                text10                             2928     2928       34         0
                text9                              252E     252E       70         0
                text8                              2990     2990       2E         0
                text7                              26FA     26FA       42         0
                text6                              2CE2     2CE2       16         0
                text5                              2CCC     2CCC       16         0
                text4                              2D36     2D36       12         0
                text3                              2A1A     2A1A       28         0
                text2                              26B2     26B2       48         0
                text1                              1CA4     1CA4      168         0
                text0                              1010     1010      670         0
                cinit                              259E     259E       6E         0
                idataBANK1                         2D7E     2D7E       10         0
                idataBANK0                         2DD8     2DD8        B         0

        CLASS   CONST          

        CLASS   SMALLCONST     
                smallconst                         1000     1000       10         0

        CLASS   MEDIUMCONST    

        CLASS   COMRAM         
                temp                                 4A       4A        1         1
                cstackCOMRAM                         26       26       24         1
                bssCOMRAM                             1        1       25         1

        CLASS   ABS1           

        CLASS   BIGRAM         

        CLASS   RAM            

        CLASS   BANK0          
                cstackBANK0                          A8       A8       38         1
                dataBANK0                            E0       E0        B         1
                bssBANK0                             60       60       48         1

        CLASS   BANK1          
                cstackBANK1                         12B      12B       27         1
                dataBANK1                           152      152       10         1
                bssBANK1                            100      100       2B         1

        CLASS   BANK2          

        CLASS   BANK3          

        CLASS   BANK4          

        CLASS   BANK5          

        CLASS   BANK6          

        CLASS   BANK7          

        CLASS   BANK8          

        CLASS   BANK9          

        CLASS   BANK10         

        CLASS   BANK11         

        CLASS   BANK12         

        CLASS   BANK13         

        CLASS   BANK14         

        CLASS   BANK15         

        CLASS   SFR            

        CLASS   FARRAM         

        CLASS   CONFIG         
                config                           300000   300000        E         0

        CLASS   IDLOC          
                idloc                            200000   200000        8         0

        CLASS   EEDATA         



SEGMENTS        Name                           Load    Length   Top    Selector   Space  Class

                reset_vec                      000000  000006  000006         0       0  CODE    
                bssCOMRAM                      000001  00004A  00004B         1       1  COMRAM  
                intcode                        000008  000006  00000E         4       0  CODE    
                intcodelo                      000018  000110  000128         C       0  CODE    
                bssBANK0                       000060  00008B  0000EB        60       1  BANK0   
                bssBANK1                       000100  000062  000162       100       1  BANK1   
                smallconst                     001000  000010  001010       800       0  SMALLCON
                text0                          001010  001DD3  002DE3       808       0  CODE    
                text68                         002DE4  000012  002DF6      16F2       0  CODE    
                idloc                          200000  000008  200008    200000       0  IDLOC   
                config                         300000  00000E  30000E    300000       0  CONFIG  


UNUSED ADDRESS RANGES

        Name                Unused          Largest block    Delta
        BANK0            0000EB-0000FF               15
        BANK1            000162-0001FF               9E
        BANK10           000A00-000AFF              100
        BANK11           000B00-000BFF              100
        BANK12           000C00-000CFF              100
        BANK13           000D00-000DFF              100
        BANK14           000E00-000EFF              100
        BANK15           000F00-000F15               16
        BANK2            000200-0002FF              100
        BANK3            000300-0003FF              100
        BANK4            000400-0004FF              100
        BANK5            000500-0005FF              100
        BANK6            000600-0006FF              100
        BANK7            000700-0007FF              100
        BANK8            000800-0008FF              100
        BANK9            000900-0009FF              100
        BIGRAM           00004B-00005F               15
                         0000EB-0000FF               15
                         000162-000F15              DB4
        CODE             000006-000007                2
                         00000E-000017                A
                         000128-000FFF              ED8
                         002DE3-002DE3                1
                         002DF6-01FFFF            1D20A
        COMRAM           00004B-00005F               15
        CONST            000006-000007                2
                         00000E-000017                A
                         000128-000FFF              ED8
                         002DE3-002DE3                1
                         002DF6-01FFFF            1D20A
        EEDATA           F00000-F003FF              400
        MEDIUMCONST      002DE3-002DE3                1
                         002DF6-00FFFF             D20A
                         011000-01FFFF             F000
        RAM              0000EB-0000FF               15
                         000162-000F15              100
        SFR              000F16-000FFC               4A
        SMALLCONST       002DE3-002DE3                1
                         002DF6-01FFFF              100
        STACK            000162-000F15              DB4

                                  Symbol Table

?_ADC_GetConversion                        cstackBANK0  0000BD
?_Xor_check                                cstackBANK0  0000BD
?___aldiv                                  cstackBANK0  0000BD
?___ftadd                                  cstackBANK0  0000DA
?___ftdiv                                  cstackBANK1  000131
?___ftmul                                  cstackBANK0  0000C8
?___ftneg                                  cstackBANK0  0000D7
?___ftpack                                 cstackBANK0  0000BD
?___fttol                                  cstackBANK1  000140
?___lwtoft                                 cstackBANK0  0000C5
?i2_Xor_check                              cstackCOMRAM 000026
ADC_GetConversion@channel                  cstackBANK0  0000C1
Clear_Data@n                               cstackBANK0  0000BD
Clear_Zigbee_Store_Buffer@d                cstackBANK0  0000BD
Delay_ms@time                              cstackBANK0  0000BD
Delay_ms@y                                 cstackBANK0  0000BF
INT0_SetInterruptHandler@InterruptHandler  cstackBANK0  0000BD
Read_b_eep@badd                            cstackBANK0  0000BD
SPI_Read@TempVar                           cstackBANK0  0000BD
SPI_Write@command                          cstackBANK0  0000BE
SPI_Write@response                         cstackBANK0  0000BD
TMR0_ISR@CountCallBack                     bssBANK0     00008B
TMR0_SetInterruptHandler@InterruptHandler  cstackBANK0  0000BD
Write_b_eep@GIE_BIT_VAL                    cstackBANK0  0000C0
Write_b_eep@badd                           cstackBANK0  0000BD
Write_b_eep@data                           cstackBANK0  0000BF
Xor_check@data_value                       cstackBANK0  0000BD
Xor_check@length                           cstackBANK0  0000BF
Xor_check@xor                              cstackBANK0  0000C3
Xor_check@xor_value                        cstackBANK0  0000C1
Zigbee_data_Store_Buffer@a                 cstackCOMRAM 000026
_ADCON0                                    (abs)        000FC2
_ADCON0bits                                (abs)        000FC2
_ADCON1                                    (abs)        000FC1
_ADCON2                                    (abs)        000FC0
_ADC_GetConversion                         text53       0028F2
_ADC_Initialize                            text47       002CF8
_ADDRESS_long_1                            dataBANK1    000152
_ADDRESS_long_2                            dataBANK1    00015A
_ADDRESS_short_1                           dataBANK0    0000E2
_ADDRESS_short_2                           dataBANK0    0000E9
_ADRESH                                    (abs)        000FC4
_ADRESL                                    (abs)        000FC3
_ALT_ON                                    bssBANK0     000091
_ANCON0                                    (abs)        000F25
_ANCON1                                    (abs)        000F24
_ANCON2                                    (abs)        000F23
_AdcRef                                    smallconst   00100A
_CHECK                                     bssBANK0     00009C
_CRC                                       bssBANK0     000083
_Clear_Data                                text52       0028BC
_Clear_Zigbee_Store_Buffer                 text51       002B06
_Count1                                    bssBANK0     00009E
_Count2                                    bssBANK0     00009D
_Count_LED                                 bssCOMRAM    000012
_DATA                                      bssCOMRAM    000023
_DATA_LENGHT                               smallconst   00100E
_DATA_RX                                   bssBANK0     0000A0
_DATA_TX                                   bssBANK0     0000A5
_Delay_ms                                  text23       002C7C
_Delta                                     bssBANK0     000066
_Device_ID                                 bssCOMRAM    00001E
_EEADR                                     (abs)        000F62
_EECON1bits                                (abs)        000F7F
_EECON2                                    (abs)        000F7E
_EEDATA                                    (abs)        000F61
_ERROR                                     bssCOMRAM    000014
_EXT_INT_Initialize                        text45       002CB2
_F_BUZZER                                  bssBANK0     000098
_F_Buzzer                                  bssBANK0     000094
_F_Calling                                 bssBANK0     000093
_F_ERROR                                   bssCOMRAM    000013
_F_ID_SEND                                 bssCOMRAM    000005
_F_ID_Send                                 bssCOMRAM    000007
_F_IdSet                                   bssCOMRAM    000019
_F_Input                                   bssCOMRAM    00001C
_F_LDR_STATUS                              bssBANK0     00008D
_F_MSG                                     bssBANK0     000090
_F_Relay_Time                              bssBANK0     000092
_F_SetID                                   bssCOMRAM    000010
_HEADER_LENGHT                             smallconst   00100D
_ID_READ                                   bssBANK0     000099
_ID_READ_Store                             bssBANK0     00008E
_ID_SET                                    bssBANK0     00009A
_INT0_CallBack                             text69       002BBC
_INT0_DefaultInterruptHandler              text70       002DF4
_INT0_ISR                                  text68       002DE4
_INT0_InterruptHandler                     bssBANK0     000076
_INT0_SetInterruptHandler                  text46       002DCA
_INTCON2bits                               (abs)        000FF1
_INTCONbits                                (abs)        000FF2
_INTERRUPT_Initialize                      text44       002DEC
_INTERRUPT_InterruptManagerHigh            intcode      000008
_INTERRUPT_InterruptManagerLow             intcodelo    000018
_INTTRUPT                                  bssCOMRAM    000025
_InitSPI                                   text49       002B74
_InputRead                                 bssCOMRAM    00001A
_LATA                                      (abs)        000F89
_LATB                                      (abs)        000F8A
_LATC                                      (abs)        000F8B
_LATD                                      (abs)        000F8C
_LATE                                      (abs)        000F8D
_LATF                                      (abs)        000F8E
_LATG                                      (abs)        000F8F
_LENGTH                                    bssCOMRAM    000024
_LQI                                       bssCOMRAM    000021
_Light                                     bssBANK1     000127
_Nilp                                      bssCOMRAM    000008
_OSCCON                                    (abs)        000FD3
_OSCCON2                                   (abs)        000F64
_OSCILLATOR_Initialize                     text43       002D22
_OSCTUNE                                   (abs)        000F9B
_PAN_ID_1                                  dataBANK0    0000E0
_PAN_ID_2                                  dataBANK0    0000E7
_PIN_MANAGER_Initialize                    text42       0027C0
_PIR1bits                                  (abs)        000F9E
_PORTAbits                                 (abs)        000F80
_PORTCbits                                 (abs)        000F82
_PORTD                                     (abs)        000F83
_PORTE                                     (abs)        000F84
_PORTFbits                                 (abs)        000F85
_Portread                                  bssCOMRAM    00001B
_Previous_Status                           bssBANK0     00008F
_R3                                        smallconst   001007
_RCONbits                                  (abs)        000FD0
_RECEIVE_OK                                bssBANK0     000095
_REFOCON                                   (abs)        000F2A
_RF_reset                                  text19       002A42
_RSSI2                                     bssCOMRAM    000020
_Read_b_eep                                text48       002D6C
_Relay_On_Time                             bssBANK0     00007B
_Resistance0                               smallconst   001001
_ResistanceLDR                             bssBANK0     00006A
_Rv_CRC                                    bssBANK0     000087
_SEQ_NUMBER                                dataBANK0    0000E6
_SPI_Read                                  text4        002D36
_SPI_Write                                 text29       002D5A
_SSP1BUF                                   (abs)        000FC9
_SSP1CON1bits                              (abs)        000FC6
_SSP1STATbits                              (abs)        000FC7
_SYSTEM_Initialize                         text39       002C98
_ScanInput                                 text58       0029EC
_Send_Frame                                bssBANK0     000097
_Send_Frame_2                              bssBANK0     000096
_Store                                     bssCOMRAM    000016
_Store_DATA                                bssBANK0     000070
_T                                         bssCOMRAM    000011
_T0CON                                     (abs)        000FD5
_T0CONbits                                 (abs)        000FD5
_TMR0H                                     (abs)        000FD7
_TMR0L                                     (abs)        000FD6
_TMR0_CallBack                             text56       002B98
_TMR0_DefaultInterruptHandler              text57       002DF2
_TMR0_ISR                                  text55       002A92
_TMR0_Initialize                           text40       002A6A
_TMR0_InterruptHandler                     bssBANK0     000073
_TMR0_SetInterruptHandler                  text41       002DBC
_TRISA                                     (abs)        000F92
_TRISB                                     (abs)        000F93
_TRISC                                     (abs)        000F94
_TRISCbits                                 (abs)        000F94
_TRISD                                     (abs)        000F95
_TRISE                                     (abs)        000F96
_TRISF                                     (abs)        000F97
_TRISG                                     (abs)        000F98
_TX_CRC                                    bssBANK0     000085
_TX_ID                                     bssCOMRAM    00000E
_T_BUZZER                                  bssCOMRAM    000006
_T_Calling                                 bssCOMRAM    000001
_T_ERROR                                   bssBANK0     000081
_T_ID_Send                                 bssCOMRAM    00000F
_T_Input                                   bssCOMRAM    00001D
_Tick                                      bssCOMRAM    00000D
_Time_start                                bssBANK0     00007D
_Trick                                     bssCOMRAM    00000C
_VALUE                                     bssCOMRAM    00000A
_Value_LDR                                 bssBANK0     000079
_Vcc                                       smallconst   001004
_VoltageOutput                             bssBANK0     00006D
_Write_b_eep                               text38       002880
_Xor_check                                 text7        0026FA
_ZigBee_Receive_Buffer                     bssBANK0     000060
_Zigbee_data_Store_Buffer                  text67       00295C
__CFG_BBSIZ$BB2K                           (abs)        000000
__CFG_BOREN$SBORDIS                        (abs)        000000
__CFG_BORPWR$ZPBORMV                       (abs)        000000
__CFG_BORV$3                               (abs)        000000
__CFG_CCP2MX$PORTC                         (abs)        000000
__CFG_CP0$OFF                              (abs)        000000
__CFG_CP1$OFF                              (abs)        000000
__CFG_CP2$OFF                              (abs)        000000
__CFG_CP3$OFF                              (abs)        000000
__CFG_CP4$OFF                              (abs)        000000
__CFG_CP5$OFF                              (abs)        000000
__CFG_CP6$OFF                              (abs)        000000
__CFG_CP7$OFF                              (abs)        000000
__CFG_CPB$OFF                              (abs)        000000
__CFG_CPD$OFF                              (abs)        000000
__CFG_DEBUG$OFF                            (abs)        000000
__CFG_EBRT0$OFF                            (abs)        000000
__CFG_EBRT1$OFF                            (abs)        000000
__CFG_EBRT2$OFF                            (abs)        000000
__CFG_EBRT3$OFF                            (abs)        000000
__CFG_EBRT4$OFF                            (abs)        000000
__CFG_EBRT5$OFF                            (abs)        000000
__CFG_EBRT6$OFF                            (abs)        000000
__CFG_EBRT7$OFF                            (abs)        000000
__CFG_EBRTB$OFF                            (abs)        000000
__CFG_FCMEN$OFF                            (abs)        000000
__CFG_FOSC$HS1                             (abs)        000000
__CFG_IESO$OFF                             (abs)        000000
__CFG_INTOSCSEL$HIGH                       (abs)        000000
__CFG_MCLRE$ON                             (abs)        000000
__CFG_MSSPMSK$MSK7                         (abs)        000000
__CFG_PLLCFG$OFF                           (abs)        000000
__CFG_PWRTEN$OFF                           (abs)        000000
__CFG_RETEN$ON                             (abs)        000000
__CFG_RTCOSC$SOSCREF                       (abs)        000000
__CFG_SOSCSEL$DIG                          (abs)        000000
__CFG_STVREN$ON                            (abs)        000000
__CFG_WDTEN$OFF                            (abs)        000000
__CFG_WDTPS$1048576                        (abs)        000000
__CFG_WRT0$OFF                             (abs)        000000
__CFG_WRT1$OFF                             (abs)        000000
__CFG_WRT2$OFF                             (abs)        000000
__CFG_WRT3$OFF                             (abs)        000000
__CFG_WRT4$OFF                             (abs)        000000
__CFG_WRT5$OFF                             (abs)        000000
__CFG_WRT6$OFF                             (abs)        000000
__CFG_WRT7$OFF                             (abs)        000000
__CFG_WRTB$OFF                             (abs)        000000
__CFG_WRTC$OFF                             (abs)        000000
__CFG_WRTD$OFF                             (abs)        000000
__CFG_XINST$OFF                            (abs)        000000
__HRAM                                     (abs)        000000
__Habs1                                    abs1         000000
__Hbank0                                   bank0        000000
__Hbank1                                   bank1        000000
__Hbank10                                  bank10       000000
__Hbank11                                  bank11       000000
__Hbank12                                  bank12       000000
__Hbank13                                  bank13       000000
__Hbank14                                  bank14       000000
__Hbank15                                  bank15       000000
__Hbank2                                   bank2        000000
__Hbank3                                   bank3        000000
__Hbank4                                   bank4        000000
__Hbank5                                   bank5        000000
__Hbank6                                   bank6        000000
__Hbank7                                   bank7        000000
__Hbank8                                   bank8        000000
__Hbank9                                   bank9        000000
__Hbigbss                                  bigbss       000000
__Hbigdata                                 bigdata      000000
__Hbigram                                  bigram       000000
__Hbss                                     bss          000000
__HbssBANK0                                bssBANK0     000000
__HbssBANK1                                bssBANK1     000000
__HbssCOMRAM                               bssCOMRAM    000000
__Hcinit                                   cinit        000000
__Hclrtext                                 clrtext      000000
__Hcomram                                  comram       000000
__Hconfig                                  config       30000E
__Hconst                                   const        000000
__HcstackBANK0                             cstackBANK0  000000
__HcstackBANK1                             cstackBANK1  000000
__HcstackCOMRAM                            cstackCOMRAM 000000
__Hdata                                    data         000000
__HdataBANK0                               dataBANK0    000000
__HdataBANK1                               dataBANK1    000000
__Heeprom_data                             eeprom_data  000000
__Hfarbss                                  farbss       000000
__Hfardata                                 fardata      000000
__Hibigdata                                ibigdata     000000
__Hidata                                   idata        000000
__HidataBANK0                              idataBANK0   000000
__HidataBANK1                              idataBANK1   000000
__Hidloc                                   idloc        200008
__Hifardata                                ifardata     000000
__Hinit                                    init         000128
__Hintcode                                 intcode      00000E
__Hintcode_body                            intcode_body 000000
__Hintcodelo                               intcodelo    000124
__Hintentry                                intentry     000000
__Hintret                                  intret       000000
__Hintsave_regs                            intsave_regs 000000
__Hirdata                                  irdata       000000
__Hmediumconst                             mediumconst  000000
__HnvFARRAM                                nvFARRAM     000000
__Hnvbit                                   nvbit        000000
__Hnvrram                                  nvrram       000000
__Hparam                                   rparam       000000
__Hpowerup                                 powerup      000124
__Hram                                     ram          000000
__Hramtop                                  ramtop       001000
__Hrbit                                    rbit         000000
__Hrbss                                    rbss         000000
__Hrdata                                   rdata        000000
__Hreset_vec                               reset_vec    000006
__Hrparam                                  rparam       000000
__Hsfr                                     sfr          000000
__Hsmallconst                              smallconst   001010
__Hspace_0                                 (abs)        30000E
__Hspace_1                                 (abs)        000162
__Hspace_2                                 (abs)        000000
__Hstack                                   stack        000000
__Hstruct                                  struct       000000
__Htemp                                    temp         00004B
__Htext                                    text         000000
__Htext0                                   text0        000000
__Htext1                                   text1        000000
__Htext10                                  text10       000000
__Htext11                                  text11       000000
__Htext12                                  text12       000000
__Htext13                                  text13       000000
__Htext14                                  text14       000000
__Htext15                                  text15       000000
__Htext16                                  text16       000000
__Htext17                                  text17       000000
__Htext18                                  text18       000000
__Htext19                                  text19       000000
__Htext2                                   text2        000000
__Htext20                                  text20       000000
__Htext21                                  text21       000000
__Htext22                                  text22       000000
__Htext23                                  text23       000000
__Htext24                                  text24       000000
__Htext25                                  text25       000000
__Htext26                                  text26       000000
__Htext27                                  text27       000000
__Htext28                                  text28       000000
__Htext29                                  text29       000000
__Htext3                                   text3        000000
__Htext30                                  text30       000000
__Htext31                                  text31       000000
__Htext32                                  text32       000000
__Htext33                                  text33       000000
__Htext34                                  text34       000000
__Htext35                                  text35       000000
__Htext36                                  text36       000000
__Htext37                                  text37       000000
__Htext38                                  text38       000000
__Htext39                                  text39       000000
__Htext4                                   text4        000000
__Htext40                                  text40       000000
__Htext41                                  text41       000000
__Htext42                                  text42       000000
__Htext43                                  text43       000000
__Htext44                                  text44       000000
__Htext45                                  text45       000000
__Htext46                                  text46       000000
__Htext47                                  text47       000000
__Htext48                                  text48       000000
__Htext49                                  text49       000000
__Htext5                                   text5        000000
__Htext50                                  text50       000000
__Htext51                                  text51       000000
__Htext52                                  text52       000000
__Htext53                                  text53       000000
__Htext55                                  text55       000000
__Htext56                                  text56       000000
__Htext57                                  text57       000000
__Htext58                                  text58       000000
__Htext6                                   text6        000000
__Htext60                                  text60       000000
__Htext61                                  text61       000000
__Htext62                                  text62       000000
__Htext63                                  text63       000000
__Htext64                                  text64       000000
__Htext65                                  text65       000000
__Htext66                                  text66       000000
__Htext67                                  text67       000000
__Htext68                                  text68       000000
__Htext69                                  text69       000000
__Htext7                                   text7        000000
__Htext70                                  text70       000000
__Htext71                                  text71       000000
__Htext8                                   text8        000000
__Htext9                                   text9        000000
__LRAM                                     (abs)        000001
__Labs1                                    abs1         000000
__Lbank0                                   bank0        000000
__Lbank1                                   bank1        000000
__Lbank10                                  bank10       000000
__Lbank11                                  bank11       000000
__Lbank12                                  bank12       000000
__Lbank13                                  bank13       000000
__Lbank14                                  bank14       000000
__Lbank15                                  bank15       000000
__Lbank2                                   bank2        000000
__Lbank3                                   bank3        000000
__Lbank4                                   bank4        000000
__Lbank5                                   bank5        000000
__Lbank6                                   bank6        000000
__Lbank7                                   bank7        000000
__Lbank8                                   bank8        000000
__Lbank9                                   bank9        000000
__Lbigbss                                  bigbss       000000
__Lbigdata                                 bigdata      000000
__Lbigram                                  bigram       000000
__Lbss                                     bss          000000
__LbssBANK0                                bssBANK0     000000
__LbssBANK1                                bssBANK1     000000
__LbssCOMRAM                               bssCOMRAM    000000
__Lcinit                                   cinit        000000
__Lclrtext                                 clrtext      000000
__Lcomram                                  comram       000000
__Lconfig                                  config       300000
__Lconst                                   const        000000
__LcstackBANK0                             cstackBANK0  000000
__LcstackBANK1                             cstackBANK1  000000
__LcstackCOMRAM                            cstackCOMRAM 000000
__Ldata                                    data         000000
__LdataBANK0                               dataBANK0    000000
__LdataBANK1                               dataBANK1    000000
__Leeprom_data                             eeprom_data  000000
__Lfarbss                                  farbss       000000
__Lfardata                                 fardata      000000
__Libigdata                                ibigdata     000000
__Lidata                                   idata        000000
__LidataBANK0                              idataBANK0   000000
__LidataBANK1                              idataBANK1   000000
__Lidloc                                   idloc        200000
__Lifardata                                ifardata     000000
__Linit                                    init         000124
__Lintcode                                 intcode      000008
__Lintcode_body                            intcode_body 000000
__Lintcodelo                               intcodelo    000018
__Lintentry                                intentry     000000
__Lintret                                  intret       000000
__Lintsave_regs                            intsave_regs 000000
__Lirdata                                  irdata       000000
__Lmediumconst                             mediumconst  000000
__LnvFARRAM                                nvFARRAM     000000
__Lnvbit                                   nvbit        000000
__Lnvrram                                  nvrram       000000
__Lparam                                   rparam       000000
__Lpowerup                                 powerup      000124
__Lram                                     ram          000000
__Lramtop                                  ramtop       001000
__Lrbit                                    rbit         000000
__Lrbss                                    rbss         000000
__Lrdata                                   rdata        000000
__Lreset_vec                               reset_vec    000000
__Lrparam                                  rparam       000000
__Lsfr                                     sfr          000000
__Lsmallconst                              smallconst   001000
__Lspace_0                                 (abs)        000000
__Lspace_1                                 (abs)        000000
__Lspace_2                                 (abs)        000000
__Lstack                                   stack        000000
__Lstruct                                  struct       000000
__Ltemp                                    temp         00004A
__Ltext                                    text         000000
__Ltext0                                   text0        000000
__Ltext1                                   text1        000000
__Ltext10                                  text10       000000
__Ltext11                                  text11       000000
__Ltext12                                  text12       000000
__Ltext13                                  text13       000000
__Ltext14                                  text14       000000
__Ltext15                                  text15       000000
__Ltext16                                  text16       000000
__Ltext17                                  text17       000000
__Ltext18                                  text18       000000
__Ltext19                                  text19       000000
__Ltext2                                   text2        000000
__Ltext20                                  text20       000000
__Ltext21                                  text21       000000
__Ltext22                                  text22       000000
__Ltext23                                  text23       000000
__Ltext24                                  text24       000000
__Ltext25                                  text25       000000
__Ltext26                                  text26       000000
__Ltext27                                  text27       000000
__Ltext28                                  text28       000000
__Ltext29                                  text29       000000
__Ltext3                                   text3        000000
__Ltext30                                  text30       000000
__Ltext31                                  text31       000000
__Ltext32                                  text32       000000
__Ltext33                                  text33       000000
__Ltext34                                  text34       000000
__Ltext35                                  text35       000000
__Ltext36                                  text36       000000
__Ltext37                                  text37       000000
__Ltext38                                  text38       000000
__Ltext39                                  text39       000000
__Ltext4                                   text4        000000
__Ltext40                                  text40       000000
__Ltext41                                  text41       000000
__Ltext42                                  text42       000000
__Ltext43                                  text43       000000
__Ltext44                                  text44       000000
__Ltext45                                  text45       000000
__Ltext46                                  text46       000000
__Ltext47                                  text47       000000
__Ltext48                                  text48       000000
__Ltext49                                  text49       000000
__Ltext5                                   text5        000000
__Ltext50                                  text50       000000
__Ltext51                                  text51       000000
__Ltext52                                  text52       000000
__Ltext53                                  text53       000000
__Ltext55                                  text55       000000
__Ltext56                                  text56       000000
__Ltext57                                  text57       000000
__Ltext58                                  text58       000000
__Ltext6                                   text6        000000
__Ltext60                                  text60       000000
__Ltext61                                  text61       000000
__Ltext62                                  text62       000000
__Ltext63                                  text63       000000
__Ltext64                                  text64       000000
__Ltext65                                  text65       000000
__Ltext66                                  text66       000000
__Ltext67                                  text67       000000
__Ltext68                                  text68       000000
__Ltext69                                  text69       000000
__Ltext7                                   text7        000000
__Ltext70                                  text70       000000
__Ltext71                                  text71       000000
__Ltext8                                   text8        000000
__Ltext9                                   text9        000000
__S0                                       (abs)        30000E
__S1                                       (abs)        000162
__S2                                       (abs)        000000
___aldiv                                   text37       0021C2
___aldiv@counter                           cstackBANK0  0000C5
___aldiv@dividend                          cstackBANK0  0000BD
___aldiv@divisor                           cstackBANK0  0000C1
___aldiv@quotient                          cstackBANK0  0000C7
___aldiv@sign                              cstackBANK0  0000C6
___ftadd                                   text35       001902
___ftadd@exp1                              cstackBANK1  000130
___ftadd@exp2                              cstackBANK1  00012F
___ftadd@f1                                cstackBANK0  0000DA
___ftadd@f2                                cstackBANK0  0000DD
___ftadd@sign                              cstackBANK1  00012E
___ftdiv                                   text34       001FFA
___ftdiv@cntr                              cstackBANK1  00013A
___ftdiv@exp                               cstackBANK1  00013E
___ftdiv@f1                                cstackBANK1  000131
___ftdiv@f2                                cstackBANK1  000134
___ftdiv@f3                                cstackBANK1  00013B
___ftdiv@sign                              cstackBANK1  00013F
___ftmul                                   text33       001F04
___ftmul@cntr                              cstackBANK0  0000D5
___ftmul@exp                               cstackBANK0  0000D1
___ftmul@f1                                cstackBANK0  0000C8
___ftmul@f2                                cstackBANK0  0000CB
___ftmul@f3_as_product                     cstackBANK0  0000D2
___ftmul@sign                              cstackBANK0  0000D6
___ftneg                                   text32       002AE0
___ftneg@f1                                cstackBANK0  0000D7
___ftpack                                  text36       002356
___ftpack@arg                              cstackBANK0  0000BD
___ftpack@exp                              cstackBANK0  0000C0
___ftpack@sign                             cstackBANK0  0000C1
___fttol                                   text31       001E0C
___fttol@exp1                              cstackBANK1  00014E
___fttol@f1                                cstackBANK1  000140
___fttol@lval                              cstackBANK1  00014A
___fttol@sign1                             cstackBANK1  000149
___inthi_sp                                stack        000000
___intlo_sp                                stack        000000
___lwtoft                                  text30       002ABA
___lwtoft@c                                cstackBANK0  0000C5
___param_bank                              (abs)        000000
___rparam_used                             (abs)        000001
___sp                                      stack        000000
__accesstop                                (abs)        000060
__activetblptr                             (abs)        000003
__end_of_ADC_GetConversion                 text53       002928
__end_of_ADC_Initialize                    text47       002D0E
__end_of_AdcRef                            smallconst   00100D
__end_of_Clear_Data                        text52       0028F2
__end_of_Clear_Zigbee_Store_Buffer         text51       002B2C
__end_of_DATA_LENGHT                       smallconst   00100F
__end_of_Delay_ms                          text23       002C98
__end_of_EXT_INT_Initialize                text45       002CCC
__end_of_HEADER_LENGHT                     smallconst   00100E
__end_of_INT0_CallBack                     text69       002BE0
__end_of_INT0_DefaultInterruptHandler      text70       002DF6
__end_of_INT0_ISR                          text68       002DEC
__end_of_INT0_SetInterruptHandler          text46       002DD8
__end_of_INTERRUPT_Initialize              text44       002DF2
__end_of_INTERRUPT_InterruptManagerHigh    intcode_body 0021C2
__end_of_INTERRUPT_InterruptManagerLow     intcodelo    000124
__end_of_InitSPI                           text49       002B98
__end_of_OSCILLATOR_Initialize             text43       002D36
__end_of_PIN_MANAGER_Initialize            text42       002802
__end_of_R3                                smallconst   00100A
__end_of_RF_reset                          text19       002A6A
__end_of_Read_b_eep                        text48       002D7E
__end_of_Resistance0                       smallconst   001004
__end_of_SPI_Read                          text4        002D48
__end_of_SPI_Write                         text29       002D6C
__end_of_SYSTEM_Initialize                 text39       002CB2
__end_of_ScanInput                         text58       002A1A
__end_of_TMR0_CallBack                     text56       002BBC
__end_of_TMR0_DefaultInterruptHandler      text57       002DF4
__end_of_TMR0_ISR                          text55       002ABA
__end_of_TMR0_Initialize                   text40       002A92
__end_of_TMR0_SetInterruptHandler          text41       002DCA
__end_of_Vcc                               smallconst   001007
__end_of_Write_b_eep                       text38       0028BC
__end_of_Xor_check                         text7        00273C
__end_of_Zigbee_data_Store_Buffer          text67       002990
__end_of___aldiv                           text37       002290
__end_of___ftadd                           text35       001AE4
__end_of___ftdiv                           text34       0020E2
__end_of___ftmul                           text33       001FFA
__end_of___ftneg                           text32       002B06
__end_of___ftpack                          text36       002406
__end_of___fttol                           text31       001F04
__end_of___lwtoft                          text30       002AE0
__end_of__initialization                   cinit        002602
__end_of_delay                             text50       002C42
__end_of_enable_PLL                        text25       002D22
__end_of_enable_interrupt                  text27       002DBC
__end_of_init_ZIGBEE_basic                 text24       00249C
__end_of_init_ZIGBEE_nonbeacon             text17       002B50
__end_of_main                              text0        001680
__end_of_nonbeacon_PAN_coordinator_device  text16       002880
__end_of_pin_reset                         text15       002C02
__end_of_pin_wake                          text22       002D5A
__end_of_read_RX_FIFO                      text62       001902
__end_of_read_ZIGBEE_long                  text64       0026B2
__end_of_read_ZIGBEE_short                 text3        002A42
__end_of_set_CCA_mode                      text21       002356
__end_of_set_PAN_ID                        text14       0029EC
__end_of_set_RSSI_mode                     text20       0027C0
__end_of_set_TX_power                      text13       00277E
__end_of_set_WAKE_from_pin                 text12       002C7C
__end_of_set_channel                       text18       001CA4
__end_of_set_frame_format_filter           text11       00252E
__end_of_set_long_address                  text10       00295C
__end_of_set_not_ACK                       text6        002CF8
__end_of_set_not_encrypt                   text5        002CE2
__end_of_set_reception_mode                text9        00259E
__end_of_set_short_address                 text8        0029BE
__end_of_start_transmit                    text2        0026FA
__end_of_write_TX_normal_FIFO              text1        001E0C
__end_of_write_ZIGBEE_long                 text26       002660
__end_of_write_ZIGBEE_short                text28       002B74
__end_ofi2_SPI_Read                        text66       002DAE
__end_ofi2_SPI_Write                       text65       002D9E
__end_ofi2_Xor_check                       text61       002842
__end_ofi2_read_ZIGBEE_short               text60       002C24
__end_ofi2_write_ZIGBEE_short              text63       002C60
__initialization                           cinit        00259E
__mediumconst                              mediumconst  000000
__pbssBANK0                                bssBANK0     000060
__pbssBANK1                                bssBANK1     000100
__pbssCOMRAM                               bssCOMRAM    000001
__pcinit                                   cinit        00259E
__pcstackBANK0                             cstackBANK0  0000A8
__pcstackBANK1                             cstackBANK1  00012B
__pcstackCOMRAM                            cstackCOMRAM 000026
__pdataBANK0                               dataBANK0    0000E0
__pdataBANK1                               dataBANK1    000152
__pidataBANK0                              idataBANK0   002DD8
__pidataBANK1                              idataBANK1   002D7E
__pintcode                                 intcode      000008
__pintcode_body                            intcode_body 0020E2
__pintcodelo                               intcodelo    000018
__psmallconst                              smallconst   001000
__ptext0                                   text0        001010
__ptext1                                   text1        001CA4
__ptext10                                  text10       002928
__ptext11                                  text11       00249C
__ptext12                                  text12       002C60
__ptext13                                  text13       00273C
__ptext14                                  text14       0029BE
__ptext15                                  text15       002BE0
__ptext16                                  text16       002842
__ptext17                                  text17       002B2C
__ptext18                                  text18       001AE4
__ptext19                                  text19       002A42
__ptext2                                   text2        0026B2
__ptext20                                  text20       00277E
__ptext21                                  text21       002290
__ptext22                                  text22       002D48
__ptext23                                  text23       002C7C
__ptext24                                  text24       002406
__ptext25                                  text25       002D0E
__ptext26                                  text26       00260C
__ptext27                                  text27       002DAE
__ptext28                                  text28       002B50
__ptext29                                  text29       002D5A
__ptext3                                   text3        002A1A
__ptext30                                  text30       002ABA
__ptext31                                  text31       001E0C
__ptext32                                  text32       002AE0
__ptext33                                  text33       001F04
__ptext34                                  text34       001FFA
__ptext35                                  text35       001902
__ptext36                                  text36       002356
__ptext37                                  text37       0021C2
__ptext38                                  text38       002880
__ptext39                                  text39       002C98
__ptext4                                   text4        002D36
__ptext40                                  text40       002A6A
__ptext41                                  text41       002DBC
__ptext42                                  text42       0027C0
__ptext43                                  text43       002D22
__ptext44                                  text44       002DEC
__ptext45                                  text45       002CB2
__ptext46                                  text46       002DCA
__ptext47                                  text47       002CF8
__ptext48                                  text48       002D6C
__ptext49                                  text49       002B74
__ptext5                                   text5        002CCC
__ptext50                                  text50       002C24
__ptext51                                  text51       002B06
__ptext52                                  text52       0028BC
__ptext53                                  text53       0028F2
__ptext55                                  text55       002A92
__ptext56                                  text56       002B98
__ptext57                                  text57       002DF2
__ptext58                                  text58       0029EC
__ptext6                                   text6        002CE2
__ptext60                                  text60       002C02
__ptext61                                  text61       002802
__ptext62                                  text62       001680
__ptext63                                  text63       002C42
__ptext64                                  text64       002660
__ptext65                                  text65       002D8E
__ptext66                                  text66       002D9E
__ptext67                                  text67       00295C
__ptext68                                  text68       002DE4
__ptext69                                  text69       002BBC
__ptext7                                   text7        0026FA
__ptext70                                  text70       002DF4
__ptext71                                  text71       000000
__ptext8                                   text8        002990
__ptext9                                   text9        00252E
__ramtop                                   ramtop       001000
__size_of_ADC_GetConversion                (abs)        000000
__size_of_ADC_Initialize                   (abs)        000000
__size_of_Clear_Data                       (abs)        000000
__size_of_Clear_Zigbee_Store_Buffer        (abs)        000000
__size_of_Delay_ms                         (abs)        000000
__size_of_EXT_INT_Initialize               (abs)        000000
__size_of_INT0_CallBack                    (abs)        000000
__size_of_INT0_DefaultInterruptHandler     (abs)        000000
__size_of_INT0_ISR                         (abs)        000000
__size_of_INT0_SetInterruptHandler         (abs)        000000
__size_of_INTERRUPT_Initialize             (abs)        000000
__size_of_INTERRUPT_InterruptManagerHigh   (abs)        000000
__size_of_INTERRUPT_InterruptManagerLow    (abs)        000000
__size_of_InitSPI                          (abs)        000000
__size_of_OSCILLATOR_Initialize            (abs)        000000
__size_of_PIN_MANAGER_Initialize           (abs)        000000
__size_of_RF_reset                         (abs)        000000
__size_of_Read_b_eep                       (abs)        000000
__size_of_SPI_Read                         (abs)        000000
__size_of_SPI_Write                        (abs)        000000
__size_of_SYSTEM_Initialize                (abs)        000000
__size_of_ScanInput                        (abs)        000000
__size_of_TMR0_CallBack                    (abs)        000000
__size_of_TMR0_DefaultInterruptHandler     (abs)        000000
__size_of_TMR0_ISR                         (abs)        000000
__size_of_TMR0_Initialize                  (abs)        000000
__size_of_TMR0_SetInterruptHandler         (abs)        000000
__size_of_Write_b_eep                      (abs)        000000
__size_of_Xor_check                        (abs)        000000
__size_of_Zigbee_data_Store_Buffer         (abs)        000000
__size_of___aldiv                          (abs)        000000
__size_of___ftadd                          (abs)        000000
__size_of___ftdiv                          (abs)        000000
__size_of___ftmul                          (abs)        000000
__size_of___ftneg                          (abs)        000000
__size_of___ftpack                         (abs)        000000
__size_of___fttol                          (abs)        000000
__size_of___lwtoft                         (abs)        000000
__size_of_delay                            (abs)        000000
__size_of_enable_PLL                       (abs)        000000
__size_of_enable_interrupt                 (abs)        000000
__size_of_init_ZIGBEE_basic                (abs)        000000
__size_of_init_ZIGBEE_nonbeacon            (abs)        000000
__size_of_main                             (abs)        000000
__size_of_nonbeacon_PAN_coordinator_device (abs)        000000
__size_of_pin_reset                        (abs)        000000
__size_of_pin_wake                         (abs)        000000
__size_of_read_RX_FIFO                     (abs)        000000
__size_of_read_ZIGBEE_long                 (abs)        000000
__size_of_read_ZIGBEE_short                (abs)        000000
__size_of_set_CCA_mode                     (abs)        000000
__size_of_set_PAN_ID                       (abs)        000000
__size_of_set_RSSI_mode                    (abs)        000000
__size_of_set_TX_power                     (abs)        000000
__size_of_set_WAKE_from_pin                (abs)        000000
__size_of_set_channel                      (abs)        000000
__size_of_set_frame_format_filter          (abs)        000000
__size_of_set_long_address                 (abs)        000000
__size_of_set_not_ACK                      (abs)        000000
__size_of_set_not_encrypt                  (abs)        000000
__size_of_set_reception_mode               (abs)        000000
__size_of_set_short_address                (abs)        000000
__size_of_start_transmit                   (abs)        000000
__size_of_write_TX_normal_FIFO             (abs)        000000
__size_of_write_ZIGBEE_long                (abs)        000000
__size_of_write_ZIGBEE_short               (abs)        000000
__size_ofi2_SPI_Read                       (abs)        000000
__size_ofi2_SPI_Write                      (abs)        000000
__size_ofi2_Xor_check                      (abs)        000000
__size_ofi2_read_ZIGBEE_short              (abs)        000000
__size_ofi2_write_ZIGBEE_short             (abs)        000000
__smallconst                               smallconst   001000
_address                                   bssCOMRAM    000009
_address_RX_FIFO                           dataBANK0    0000E4
_address_TX_normal_FIFO                    bssBANK0     000089
_ckeck                                     bssBANK0     00007F
_d                                         bssCOMRAM    000017
_data_RX_FIFO                              bssBANK1     000100
_data_TX_normal_FIFO                       bssBANK1     000115
_data_r                                    bssCOMRAM    000022
_delay                                     text50       002C24
_enable_PLL                                text25       002D0E
_enable_interrupt                          text27       002DAE
_i                                         bssCOMRAM    000018
_ii                                        bssBANK0     00009B
_init_ZIGBEE_basic                         text24       002406
_init_ZIGBEE_nonbeacon                     text17       002B2C
_lost_data                                 bssCOMRAM    00001F
_main                                      text0        001010
_main$2284                                 cstackBANK1  00014F
_nonbeacon_PAN_coordinator_device          text16       002842
_pin_reset                                 text15       002BE0
_pin_wake                                  text22       002D48
_portread                                  bssCOMRAM    000004
_read_RX_FIFO                              text62       001680
_read_ZIGBEE_long                          text64       002660
_read_ZIGBEE_short                         text3        002A1A
_set_CCA_mode                              text21       002290
_set_PAN_ID                                text14       0029BE
_set_RSSI_mode                             text20       00277E
_set_TX_power                              text13       00273C
_set_WAKE_from_pin                         text12       002C60
_set_channel                               text18       001AE4
_set_frame_format_filter                   text11       00249C
_set_long_address                          text10       002928
_set_not_ACK                               text6        002CE2
_set_not_encrypt                           text5        002CCC
_set_reception_mode                        text9        00252E
_set_short_address                         text8        002990
_slave_add                                 bssCOMRAM    000015
_start_transmit                            text2        0026B2
_tick                                      bssCOMRAM    000003
_tick2                                     bssCOMRAM    000002
_timer0ReloadVal                           bssBANK0     00009F
_value                                     bssCOMRAM    00000B
_write_TX_normal_FIFO                      text1        001CA4
_write_ZIGBEE_long                         text26       00260C
_write_ZIGBEE_short                        text28       002B50
btemp                                      temp         00004A
delay@dly                                  cstackBANK0  0000BD
delay@l                                    cstackBANK0  0000BF
end_of_initialization                      cinit        002602
i2SPI_Read@TempVar                         cstackCOMRAM 000026
i2SPI_Write@command                        cstackCOMRAM 000027
i2SPI_Write@response                       cstackCOMRAM 000026
i2Xor_check@data_value                     cstackCOMRAM 000026
i2Xor_check@length                         cstackCOMRAM 000028
i2Xor_check@xor                            cstackCOMRAM 00002C
i2Xor_check@xor_value                      cstackCOMRAM 00002A
i2_SPI_Read                                text66       002D9E
i2_SPI_Write                               text65       002D8E
i2_Xor_check                               text61       002802
i2_read_ZIGBEE_short                       text60       002C02
i2_write_ZIGBEE_short                      text63       002C42
i2read_ZIGBEE_short@address                cstackCOMRAM 000028
i2read_ZIGBEE_short@data_r                 cstackCOMRAM 000029
i2write_ZIGBEE_short@address               cstackCOMRAM 000029
i2write_ZIGBEE_short@data_r                cstackCOMRAM 000028
int$flags                                  temp         00004A
int_func                                   intcode_body 0020E2
intlevel0                                  text         000000
intlevel1                                  text         000000
intlevel2                                  text         000000
intlevel3                                  text         000000
nonbeacon_PAN_coordinator_device@temp      cstackBANK0  0000C1
read_RX_FIFO@i                             cstackCOMRAM 000035
read_RX_FIFO@temp                          cstackCOMRAM 000034
read_ZIGBEE_long@address                   cstackCOMRAM 000028
read_ZIGBEE_long@address_high              cstackCOMRAM 00002D
read_ZIGBEE_long@address_low               cstackCOMRAM 00002E
read_ZIGBEE_long@data_r                    cstackCOMRAM 00002C
read_ZIGBEE_short@address                  cstackBANK0  0000C0
read_ZIGBEE_short@data_r                   cstackBANK0  0000BF
set_CCA_mode@CCA_mode                      cstackBANK0  0000C1
set_CCA_mode@temp                          cstackBANK0  0000C2
set_PAN_ID@address                         cstackBANK0  0000C1
set_RSSI_mode@RSSI_mode                    cstackBANK0  0000C1
set_RSSI_mode@temp                         cstackBANK0  0000C2
set_TX_power@power                         cstackBANK0  0000C7
[...]
      Totals:         8       0       0       0       0       0       0       0       0       0       0       0       0       0       0       0       0
Total ram usage:        8 bytes
 Hardware stack levels used:    1
 This function calls:
		Nothing
 This function is called by:
		_INTERRUPT_InterruptManagerHigh
 This function uses a non-reentrant model


 *************** function _read_RX_FIFO *****************
 Defined at:
		line 10 in file "zigbee.c"
 Parameters:    Size  Location     Type
		None
 Auto vars:     Size  Location     Type
  i               1   15[COMRAM] unsigned char 
  temp            1   14[COMRAM] unsigned char 
 Return value:  Size  Location     Type
                  1    wreg      void 
 Registers used:
		wreg, fsr2l, fsr2h, status,2, status,0, tblptrl, tblptrh, tblptru, prodl, prodh, cstack
 Tracked objects:
		On entry : 
		On exit  : 
		Unchanged: 
 Data sizes:     COMRAM   BANK0   BANK1   BANK2   BANK3   BANK4   BANK5   BANK6   BANK7   BANK8   BANK9  BANK10  BANK11  BANK12  BANK13  BANK14  BANK15
      Params:         0       0       0       0       0       0       0       0       0       0       0       0       0       0       0       0       0
      Locals:         2       0       0       0       0       0       0       0       0       0       0       0       0       0       0       0       0
      Temps:          5       0       0       0       0       0       0       0       0       0       0       0       0       0       0       0       0
      Totals:         7       0       0       0       0       0       0       0       0       0       0       0       0       0       0       0       0
Total ram usage:        7 bytes
 Hardware stack levels used:    1
 Hardware stack levels required when called:    2
 This function calls:
		_read_ZIGBEE_long
		i2_write_ZIGBEE_short
 This function is called by:
		_INTERRUPT_InterruptManagerHigh
 This function uses a non-reentrant model


 *************** function i2_write_ZIGBEE_short *****************
 Defined at:
		line 396 in file "zigbee.c"
 Parameters:    Size  Location     Type
  address         1    wreg     unsigned char 
  data_r          1    2[COMRAM] unsigned char 
 Auto vars:     Size  Location     Type
  address         1    3[COMRAM] unsigned char 
 Return value:  Size  Location     Type
                  1    wreg      void 
 Registers used:
		wreg, status,2, status,0, cstack
 Tracked objects:
		On entry : 
		On exit  : 
		Unchanged: 
 Data sizes:     COMRAM   BANK0   BANK1   BANK2   BANK3   BANK4   BANK5   BANK6   BANK7   BANK8   BANK9  BANK10  BANK11  BANK12  BANK13  BANK14  BANK15
      Params:         1       0       0       0       0       0       0       0       0       0       0       0       0       0       0       0       0
      Locals:         1       0       0       0       0       0       0       0       0       0       0       0       0       0       0       0       0
      Temps:          0       0       0       0       0       0       0       0       0       0       0       0       0       0       0       0       0
      Totals:         2       0       0       0       0       0       0       0       0       0       0       0       0       0       0       0       0
Total ram usage:        2 bytes
 Hardware stack levels used:    1
 Hardware stack levels required when called:    1
 This function calls:
		i2_SPI_Write
 This function is called by:
		_read_RX_FIFO
 This function uses a non-reentrant model


 *************** function _read_ZIGBEE_long *****************
 Defined at:
		line 425 in file "zigbee.c"
 Parameters:    Size  Location     Type
  address         2    2[COMRAM] unsigned int 
 Auto vars:     Size  Location     Type
  address_low     1    8[COMRAM] unsigned char 
  address_high    1    7[COMRAM] unsigned char 
  data_r          1    6[COMRAM] unsigned char 
 Return value:  Size  Location     Type
                  1    wreg      unsigned char 
 Registers used:
		wreg, status,2, status,0, cstack
 Tracked objects:
		On entry : 
		On exit  : 
		Unchanged: 
 Data sizes:     COMRAM   BANK0   BANK1   BANK2   BANK3   BANK4   BANK5   BANK6   BANK7   BANK8   BANK9  BANK10  BANK11  BANK12  BANK13  BANK14  BANK15
      Params:         2       0       0       0       0       0       0       0       0       0       0       0       0       0       0       0       0
      Locals:         3       0       0       0       0       0       0       0       0       0       0       0       0       0       0       0       0
      Temps:          2       0       0       0       0       0       0       0       0       0       0       0       0       0       0       0       0
      Totals:         7       0       0       0       0       0       0       0       0       0       0       0       0       0       0       0       0
Total ram usage:        7 bytes
 Hardware stack levels used:    1
 Hardware stack levels required when called:    1
 This function calls:
		i2_SPI_Read
		i2_SPI_Write
 This function is called by:
		_read_RX_FIFO
 This function uses a non-reentrant model


 *************** function i2_SPI_Write *****************
 Defined at:
		line 457 in file "zigbee.c"
 Parameters:    Size  Location     Type
  command         1    wreg     unsigned char 
 Auto vars:     Size  Location     Type
  command         1    1[COMRAM] unsigned char 
  SPI_Write       1    0[COMRAM] unsigned char 
 Return value:  Size  Location     Type
                  1    wreg      void 
 Registers used:
		wreg
 Tracked objects:
		On entry : 
		On exit  : 
		Unchanged: 
 Data sizes:     COMRAM   BANK0   BANK1   BANK2   BANK3   BANK4   BANK5   BANK6   BANK7   BANK8   BANK9  BANK10  BANK11  BANK12  BANK13  BANK14  BANK15
      Params:         0       0       0       0       0       0       0       0       0       0       0       0       0       0       0       0       0
      Locals:         2       0       0       0       0       0       0       0       0       0       0       0       0       0       0       0       0
      Temps:          0       0       0       0       0       0       0       0       0       0       0       0       0       0       0       0       0
      Totals:         2       0       0       0       0       0       0       0       0       0       0       0       0       0       0       0       0
Total ram usage:        2 bytes
 Hardware stack levels used:    1
 This function calls:
		Nothing
 This function is called by:
		_read_ZIGBEE_long
		i2_write_ZIGBEE_short
		i2_read_ZIGBEE_short
 This function uses a non-reentrant model


 *************** function i2_SPI_Read *****************
 Defined at:
		line 463 in file "zigbee.c"
 Parameters:    Size  Location     Type
		None
 Auto vars:     Size  Location     Type
  SPI_Read        1    0[COMRAM] unsigned char 
 Return value:  Size  Location     Type
                  1    wreg      unsigned char 
 Registers used:
		wreg, status,2
 Tracked objects:
		On entry : 
		On exit  : 
		Unchanged: 
 Data sizes:     COMRAM   BANK0   BANK1   BANK2   BANK3   BANK4   BANK5   BANK6   BANK7   BANK8   BANK9  BANK10  BANK11  BANK12  BANK13  BANK14  BANK15
      Params:         0       0       0       0       0       0       0       0       0       0       0       0       0       0       0       0       0
      Locals:         1       0       0       0       0       0       0       0       0       0       0       0       0       0       0       0       0
      Temps:          0       0       0       0       0       0       0       0       0       0       0       0       0       0       0       0       0
      Totals:         1       0       0       0       0       0       0       0       0       0       0       0       0       0       0       0       0
Total ram usage:        1 bytes
 Hardware stack levels used:    1
 This function calls:
		Nothing
 This function is called by:
		_read_ZIGBEE_long
		i2_read_ZIGBEE_short
 This function uses a non-reentrant model


 *************** function _Zigbee_data_Store_Buffer *****************
 Defined at:
		line 310 in file "17_March_2018_P050917Main.c"
 Parameters:    Size  Location     Type
		None
 Auto vars:     Size  Location     Type
  a               1    0[COMRAM] unsigned char 
 Return value:  Size  Location     Type
                  1    wreg      void 
 Registers used:
		wreg, fsr1l, fsr1h, fsr2l, fsr2h, status,2, status,0, prodl, prodh
 Tracked objects:
		On entry : 
		On exit  : 
		Unchanged: 
 Data sizes:     COMRAM   BANK0   BANK1   BANK2   BANK3   BANK4   BANK5   BANK6   BANK7   BANK8   BANK9  BANK10  BANK11  BANK12  BANK13  BANK14  BANK15
      Params:         0       0       0       0       0       0       0       0       0       0       0       0       0       0       0       0       0
      Locals:         1       0       0       0       0       0       0       0       0       0       0       0       0       0       0       0       0
      Temps:          0       0       0       0       0       0       0       0       0       0       0       0       0       0       0       0       0
      Totals:         1       0       0       0       0       0       0       0       0       0       0       0       0       0       0       0       0
Total ram usage:        1 bytes
 Hardware stack levels used:    1
 This function calls:
		Nothing
 This function is called by:
		_INTERRUPT_InterruptManagerHigh
 This function uses a non-reentrant model


 *************** function _INT0_ISR *****************
 Defined at:
		line 32 in file "mcc_generated_files/ext_int.c"
 Parameters:    Size  Location     Type
		None
 Auto vars:     Size  Location     Type
		None
 Return value:  Size  Location     Type
                  1    wreg      void 
 Registers used:
		wreg, status,2, status,0, pclath, tosl, cstack
 Tracked objects:
		On entry : 
		On exit  : 
		Unchanged: 
 Data sizes:     COMRAM   BANK0   BANK1   BANK2   BANK3   BANK4   BANK5   BANK6   BANK7   BANK8   BANK9  BANK10  BANK11  BANK12  BANK13  BANK14  BANK15
      Params:         0       0       0       0       0       0       0       0       0       0       0       0       0       0       0       0       0
      Locals:         0       0       0       0       0       0       0       0       0       0       0       0       0       0       0       0       0
      Temps:          0       0       0       0       0       0       0       0       0       0       0       0       0       0       0       0       0
      Totals:         0       0       0       0       0       0       0       0       0       0       0       0       0       0       0       0       0
Total ram usage:        0 bytes
 Hardware stack levels used:    1
 Hardware stack levels required when called:    2
 This function calls:
		_INT0_CallBack
 This function is called by:
		_INTERRUPT_InterruptManagerHigh
 This function uses a non-reentrant model


 *************** function _INT0_CallBack *****************
 Defined at:
		line 41 in file "mcc_generated_files/ext_int.c"
 Parameters:    Size  Location     Type
		None
 Auto vars:     Size  Location     Type
		None
 Return value:  Size  Location     Type
                  1    wreg      void 
 Registers used:
		wreg, status,2, status,0, pclath, tosl, cstack
 Tracked objects:
		On entry : 
		On exit  : 
		Unchanged: 
 Data sizes:     COMRAM   BANK0   BANK1   BANK2   BANK3   BANK4   BANK5   BANK6   BANK7   BANK8   BANK9  BANK10  BANK11  BANK12  BANK13  BANK14  BANK15
      Params:         0       0       0       0       0       0       0       0       0       0       0       0       0       0       0       0       0
      Locals:         0       0       0       0       0       0       0       0       0       0       0       0       0       0       0       0       0
      Temps:          0       0       0       0       0       0       0       0       0       0       0       0       0       0       0       0       0
      Totals:         0       0       0       0       0       0       0       0       0       0       0       0       0       0       0       0       0
Total ram usage:        0 bytes
 Hardware stack levels used:    1
 Hardware stack levels required when called:    1
 This function calls:
		Absolute function
		_INT0_DefaultInterruptHandler
 This function is called by:
		_INT0_ISR
 This function uses a non-reentrant model


 *************** function _INT0_DefaultInterruptHandler *****************
 Defined at:
		line 54 in file "mcc_generated_files/ext_int.c"
 Parameters:    Size  Location     Type
		None
 Auto vars:     Size  Location     Type
		None
 Return value:  Size  Location     Type
                  1    wreg      void 
 Registers used:
		None
 Tracked objects:
		On entry : 
		On exit  : 
		Unchanged: 
 Data sizes:     COMRAM   BANK0   BANK1   BANK2   BANK3   BANK4   BANK5   BANK6   BANK7   BANK8   BANK9  BANK10  BANK11  BANK12  BANK13  BANK14  BANK15
      Params:         0       0       0       0       0       0       0       0       0       0       0       0       0       0       0       0       0
      Locals:         0       0       0       0       0       0       0       0       0       0       0       0       0       0       0       0       0
      Temps:          0       0       0       0       0       0       0       0       0       0       0       0       0       0       0       0       0
      Totals:         0       0       0       0       0       0       0       0       0       0       0       0       0       0       0       0       0
Total ram usage:        0 bytes
 Hardware stack levels used:    1
 This function calls:
		Nothing
 This function is called by:
		_EXT_INT_Initialize
		_INT0_CallBack
 This function uses a non-reentrant model



MODULE INFORMATION

Module		Function		Class		Link	Load	Size
C:\Program Files\Microchip\xc8\v1.45\sources\common\ftmul.c
		___ftmul       		CODE           	1F04	0000	247

C:\Program Files\Microchip\xc8\v1.45\sources\common\ftmul.c estimated size: 247

C:\Program Files\Microchip\xc8\v1.45\sources\common\ftdiv.c
		___ftdiv       		CODE           	1FFA	0000	233

C:\Program Files\Microchip\xc8\v1.45\sources\common\ftdiv.c estimated size: 233

mcc_generated_files/interrupt_manager.c
		_INTERRUPT_Initialize		CODE           	2DEC	0000	7

mcc_generated_files/interrupt_manager.c estimated size: 7

mcc_generated_files/tmr0.c
		_TMR0_SetInterruptHandler		CODE           	2DBC	0000	15
		_TMR0_DefaultInterruptHandler		CODE           	2DF2	0000	3
		_TMR0_CallBack 		CODE           	2B98	0000	37
		_TMR0_ISR      		CODE           	2A92	0000	41
		_TMR0_Initialize		CODE           	2A6A	0000	41

mcc_generated_files/tmr0.c estimated size: 137

mcc_generated_files/pin_manager.c
		_PIN_MANAGER_Initialize		CODE           	27C0	0000	67

mcc_generated_files/pin_manager.c estimated size: 67

mcc_generated_files/adc.c
		_ADC_Initialize		CODE           	2CF8	0000	23
		_ADC_GetConversion		CODE           	28F2	0000	55

mcc_generated_files/adc.c estimated size: 78

C:\Program Files\Microchip\xc8\v1.45\sources\common\fttol.c
		___fttol       		CODE           	1E0C	0000	249

C:\Program Files\Microchip\xc8\v1.45\sources\common\fttol.c estimated size: 249

17_March_2018_P050917Main.c
		_ScanInput     		CODE           	29EC	0000	47
		_main          		CODE           	1010	0000	1649
		_Clear_Zigbee_Store_Buffer		CODE           	2B06	0000	39
		_INTERRUPT_InterruptManagerLow		CODE           	0018	0000	269
		_INTERRUPT_InterruptManagerHigh		CODE           	0008	0000	231
		_Zigbee_data_Store_Buffer		CODE           	295C	0000	53

17_March_2018_P050917Main.c estimated size: 2288

C:\Program Files\Microchip\xc8\v1.45\sources\common\lwtoft.c
		___lwtoft      		CODE           	2ABA	0000	39

C:\Program Files\Microchip\xc8\v1.45\sources\common\lwtoft.c estimated size: 39

zigbee.c
		_enable_interrupt		CODE           	2DAE	0000	15
		_delay         		CODE           	2C24	0000	31
		_write_ZIGBEE_short		CODE           	2B50	0000	37
		_set_not_encrypt		CODE           	2CCC	0000	23
		_read_ZIGBEE_short		CODE           	2A1A	0000	41
		_set_channel   		CODE           	1AE4	0000	449
		_set_long_address		CODE           	2928	0000	53
		_Read_b_eep    		CODE           	2D6C	0000	19
		_write_TX_normal_FIFO		CODE           	1CA4	0000	361
		_read_RX_FIFO  		CODE           	1680	0000	643
		_SPI_Write     		CODE           	2D5A	0000	19
		_set_PAN_ID    		CODE           	29BE	0000	47
		_Delay_ms      		CODE           	2C7C	0000	29
		_set_frame_format_filter		CODE           	249C	0000	147
		_Write_b_eep   		CODE           	2880	0000	61
		_set_reception_mode		CODE           	252E	0000	113
		_start_transmit		CODE           	26B2	0000	73
		_write_ZIGBEE_long		CODE           	260C	0000	85
		_set_RSSI_mode 		CODE           	277E	0000	67
		_set_not_ACK   		CODE           	2CE2	0000	23
		_init_ZIGBEE_nonbeacon		CODE           	2B2C	0000	37
		_SPI_Read      		CODE           	2D36	0000	19
		_InitSPI       		CODE           	2B74	0000	37
		_init_ZIGBEE_basic		CODE           	2406	0000	151
		_RF_reset      		CODE           	2A42	0000	41
		_Xor_check     		CODE           	26FA	0000	67
		_set_TX_power  		CODE           	273C	0000	67
		_enable_PLL    		CODE           	2D0E	0000	21
		_set_WAKE_from_pin		CODE           	2C60	0000	29
		_Clear_Data    		CODE           	28BC	0000	55
		_pin_wake      		CODE           	2D48	0000	19
		_read_ZIGBEE_long		CODE           	2660	0000	83
		_nonbeacon_PAN_coordinator_device		CODE           	2842	0000	63
		_pin_reset     		CODE           	2BE0	0000	35
		_set_short_address		CODE           	2990	0000	47
		_set_CCA_mode  		CODE           	2290	0000	199

zigbee.c estimated size: 3306

C:\Program Files\Microchip\xc8\v1.45\sources\common\ftadd.c
		___ftadd       		CODE           	1902	0000	483

C:\Program Files\Microchip\xc8\v1.45\sources\common\ftadd.c estimated size: 483

mcc_generated_files/ext_int.c
		_INT0_SetInterruptHandler		CODE           	2DCA	0000	15
		_EXT_INT_Initialize		CODE           	2CB2	0000	27
		_INT0_DefaultInterruptHandler		CODE           	2DF4	0000	3
		_INT0_CallBack 		CODE           	2BBC	0000	37
		_INT0_ISR      		CODE           	2DE4	0000	9

mcc_generated_files/ext_int.c estimated size: 91

C:\Program Files\Microchip\xc8\v1.45\sources\common\aldiv.c
		___aldiv       		CODE           	21C2	0000	207

C:\Program Files\Microchip\xc8\v1.45\sources\common\aldiv.c estimated size: 207

shared
		_R3            		SMALLCONST     	1007	0000	4
		i2_SPI_Write   		CODE           	2D8E	0000	17
		_DATA_LENGHT   		SMALLCONST     	100E	0000	2
		_Vcc           		SMALLCONST     	1004	0000	4
		i2_read_ZIGBEE_short		CODE           	2C02	0000	35
		i2_Xor_check   		CODE           	2802	0000	65
		__initialization		CODE           	259E	0000	101
		_HEADER_LENGHT 		SMALLCONST     	100D	0000	2
		i2_write_ZIGBEE_short		CODE           	2C42	0000	31
		_Resistance0   		SMALLCONST     	1001	0000	4
		_AdcRef        		SMALLCONST     	100A	0000	4
		i2_SPI_Read    		CODE           	2D9E	0000	17

shared estimated size: 286

mcc_generated_files/mcc.c
		_OSCILLATOR_Initialize		CODE           	2D22	0000	21
		_SYSTEM_Initialize		CODE           	2C98	0000	27

mcc_generated_files/mcc.c estimated size: 48

C:\Program Files\Microchip\xc8\v1.45\sources\common\ftneg.c
		___ftneg       		CODE           	2AE0	0000	39

C:\Program Files\Microchip\xc8\v1.45\sources\common\ftneg.c estimated size: 39

C:\Program Files\Microchip\xc8\v1.45\sources\common\float.c
		___ftpack      		CODE           	2356	0000	177

C:\Program Files\Microchip\xc8\v1.45\sources\common\float.c estimated size: 177

