Microchip MPLAB XC8 Compiler V1.45 ()

Linker command line:

-W-3 --edf=C:\Program Files\Microchip\xc8\v1.45\dat\en_msgs.txt -cs \
  -h+dist/default/production\P010315_Parking_Module.X.production.sym \
  --cmf=dist/default/production\P010315_Parking_Module.X.production.cmf -z \
  -Q18F67K22 -oC:\Users\DiXiT\AppData\Local\Temp\s5t8.2 \
  -Mdist/default/production/P010315_Parking_Module.X.production.map -E1 \
  -ver=XC8 -ASTACK=0110h-0f15h -pstack=STACK -ACODE=00h-01FFFFh \
  -ACONST=00h-01FFFFh -ASMALLCONST=01000h-010FFhx496 \
  -AMEDIUMCONST=01000h-0FFFFh,011000h-01FFFFh -ACOMRAM=01h-05Fh \
  -AABS1=00h-0F15h -ABIGRAM=01h-0F15h \
  -ARAM=060h-0FFh,0100h-01FFhx14,0F00h-0F15h -ABANK0=060h-0FFh \
  -ABANK1=0100h-01FFh -ABANK2=0200h-02FFh -ABANK3=0300h-03FFh \
  -ABANK4=0400h-04FFh -ABANK5=0500h-05FFh -ABANK6=0600h-06FFh \
  -ABANK7=0700h-07FFh -ABANK8=0800h-08FFh -ABANK9=0900h-09FFh \
  -ABANK10=0A00h-0AFFh -ABANK11=0B00h-0BFFh -ABANK12=0C00h-0CFFh \
  -ABANK13=0D00h-0DFFh -ABANK14=0E00h-0EFFh -ABANK15=0F00h-0F15h \
  -ASFR=0F16h-0F5Fh,0F60h-0FFFh \
  -preset_vec=00h,intcode=08h,intcodelo=018h,powerup,init -pramtop=01000h \
  -psmallconst=SMALLCONST -pmediumconst=MEDIUMCONST -pconst=CONST \
  -AFARRAM=00h-00h -ACONFIG=0300000h-030000Dh -pconfig=CONFIG \
  -AIDLOC=0200000h-0200007h -pidloc=IDLOC -AEEDATA=0F00000h-0F003FFh \
  -peeprom_data=EEDATA \
  -prdata=COMRAM,nvrram=COMRAM,nvbit=COMRAM,rbss=COMRAM,rbit=COMRAM \
  -pfarbss=FARRAM,fardata=FARRAM,nvFARRAM=FARRAM \
  -pintsave_regs=BIGRAM,bigbss=BIGRAM,bigdata=BIGRAM -pbss=RAM \
  -pidata=CODE,irdata=CODE,ibigdata=CODE,ifardata=CODE -prparam=COMRAM \
  C:\Users\DiXiT\AppData\Local\Temp\s5t8.obj \
  dist/default/production\P010315_Parking_Module.X.production.obj 

Object code version is 3.11

Machine type is 18F67K22

Call graph: (short form)




                Name                               Link     Load   Length Selector   Space Scale
C:\Users\DiXiT\AppData\Local\Temp\s5t8.obj
                init                                 E0       E0        4        C       0
                reset_vec                             0        0        4        0       0
                idloc                            200000   200000        8   200000       0
                config                           300000   300000        E   300000       0
dist/default/production\P010315_Parking_Module.X.production.obj
                intcodelo                            18       18       C8        C       0
                intcode                               8        8        6        4       0
                temp                                 49       49        1        1       1
                smallconst                         1000     1000        4      800       0
                text57                             21BA     21BA        2     104D       0
                text56                             1FA2     1FA2       24      802       0
                text55                             21AA     21AA        8     104D       0
                text54                             1E08     1E08       34      802       0
                text53                             2164     2164       10     104D       0
                text52                             2154     2154       10     104D       0
                text51                             1B3C     1B3C       52      802       0
                text50                             2028     2028       1E      802       0
                text49                             1004     1004      282      802       0
                text48                             1D20     1D20       40      802       0
                text47                             1FE8     1FE8       22      802       0
                intcode_body                       1712     1712       DC      802       0
                text45                             18B4     18B4       9C      802       0
                text44                             21B8     21B8        2     104D       0
                text43                             1F7E     1F7E       24      802       0
                text42                             219E     219E        C     104D       0
                text40                             1D9E     1D9E       36      802       0
                text39                             200A     200A       1E      802       0
                text38                             1F5A     1F5A       24      802       0
                text37                             2190     2190        E     104D       0
                text36                             209A     209A       1A     104D       0
                text35                             21B2     21B2        6     104D       0
                text34                             210A     210A       14     104D       0
                text33                             1CDE     1CDE       42      802       0
                text32                             2182     2182        E     104D       0
                text31                             1E98     1E98       2A      802       0
                text30                             20E0     20E0       16     104D       0
                text29                             2142     2142       12     104D       0
                text28                             1F36     1F36       24      802       0
                text27                             2174     2174        E     104D       0
                text26                             1AE8     1AE8       54      802       0
                text25                             20F6     20F6       14     104D       0
                text24                             1950     1950       96      802       0
                text23                             2062     2062       1C      802       0
                text22                             2130     2130       12     104D       0
                text21                             17EE     17EE       C6      802       0
                text20                             1C9C     1C9C       42      802       0
                text19                             1EEA     1EEA       28      802       0
                text18                             1286     1286      1C0      802       0
                text17                             1F12     1F12       24      802       0
                text16                             1D60     1D60       3E      802       0
                text15                             1FC6     1FC6       22      802       0
                text14                             1E6A     1E6A       2E      802       0
                text13                             1C5A     1C5A       42      802       0
                text12                             2046     2046       1C      802       0
                text11                             19E6     19E6       92      802       0
                text10                             1DD4     1DD4       34      802       0
                text9                              1A78     1A78       70      802       0
                text8                              1E3C     1E3C       2E      802       0
                text7                              1C18     1C18       42      802       0
                text6                              20CA     20CA       16     104D       0
                text5                              20B4     20B4       16     104D       0
                text4                              211E     211E       12     104D       0
                text3                              1EC2     1EC2       28      802       0
                text2                              1B8E     1B8E       48      802       0
                text1                              1446     1446      178      802       0
                text0                              15BE     15BE      154      802       0
                cstackCOMRAM                         25       25       24        1       1
                cstackBANK0                          CF       CF       16       60       1
                cstackBANK1                         100      100       10      100       1
                dataBANK0                            B4       B4       1B       60       1
                bssBANK0                             60       60       54       60       1
                bssCOMRAM                             1        1       24        1       1
                cinit                              1BD6     1BD6       42      802       0
                nvBANK0                              E5       E5        7       60       1
                idataBANK0                         207E     207E       1B      802       0

TOTAL           Name                               Link     Load   Length     Space
        CLASS   STACK          

        CLASS   CODE           
                intcodelo                            18       18       C8         0
                intcode                               8        8        6         0
                init                                 E0       E0        4         0
                reset_vec                             0        0        4         0
                text57                             21BA     21BA        2         0
                text56                             1FA2     1FA2       24         0
                text55                             21AA     21AA        8         0
                text54                             1E08     1E08       34         0
                text53                             2164     2164       10         0
                text52                             2154     2154       10         0
                text51                             1B3C     1B3C       52         0
                text50                             2028     2028       1E         0
                text49                             1004     1004      282         0
                text48                             1D20     1D20       40         0
                text47                             1FE8     1FE8       22         0
                intcode_body                       1712     1712       DC         0
                text45                             18B4     18B4       9C         0
                text44                             21B8     21B8        2         0
                text43                             1F7E     1F7E       24         0
                text42                             219E     219E        C         0
                text40                             1D9E     1D9E       36         0
                text39                             200A     200A       1E         0
                text38                             1F5A     1F5A       24         0
                text37                             2190     2190        E         0
                text36                             209A     209A       1A         0
                text35                             21B2     21B2        6         0
                text34                             210A     210A       14         0
                text33                             1CDE     1CDE       42         0
                text32                             2182     2182        E         0
                text31                             1E98     1E98       2A         0
                text30                             20E0     20E0       16         0
                text29                             2142     2142       12         0
                text28                             1F36     1F36       24         0
                text27                             2174     2174        E         0
                text26                             1AE8     1AE8       54         0
                text25                             20F6     20F6       14         0
                text24                             1950     1950       96         0
                text23                             2062     2062       1C         0
                text22                             2130     2130       12         0
                text21                             17EE     17EE       C6         0
                text20                             1C9C     1C9C       42         0
                text19                             1EEA     1EEA       28         0
                text18                             1286     1286      1C0         0
                text17                             1F12     1F12       24         0
                text16                             1D60     1D60       3E         0
                text15                             1FC6     1FC6       22         0
                text14                             1E6A     1E6A       2E         0
                text13                             1C5A     1C5A       42         0
                text12                             2046     2046       1C         0
                text11                             19E6     19E6       92         0
                text10                             1DD4     1DD4       34         0
                text9                              1A78     1A78       70         0
                text8                              1E3C     1E3C       2E         0
                text7                              1C18     1C18       42         0
                text6                              20CA     20CA       16         0
                text5                              20B4     20B4       16         0
                text4                              211E     211E       12         0
                text3                              1EC2     1EC2       28         0
                text2                              1B8E     1B8E       48         0
                text1                              1446     1446      178         0
                text0                              15BE     15BE      154         0
                cinit                              1BD6     1BD6       42         0
                idataBANK0                         207E     207E       1B         0

        CLASS   CONST          

        CLASS   SMALLCONST     
                smallconst                         1000     1000        4         0

        CLASS   MEDIUMCONST    

        CLASS   COMRAM         
                temp                                 49       49        1         1
                cstackCOMRAM                         25       25       24         1
                bssCOMRAM                             1        1       24         1

        CLASS   ABS1           

        CLASS   BIGRAM         

        CLASS   RAM            

        CLASS   BANK0          
                cstackBANK0                          CF       CF       16         1
                dataBANK0                            B4       B4       1B         1
                bssBANK0                             60       60       54         1
                nvBANK0                              E5       E5        7         1

        CLASS   BANK1          
                cstackBANK1                         100      100       10         1

        CLASS   BANK2          

        CLASS   BANK3          

        CLASS   BANK4          

        CLASS   BANK5          

        CLASS   BANK6          

        CLASS   BANK7          

        CLASS   BANK8          

        CLASS   BANK9          

        CLASS   BANK10         

        CLASS   BANK11         

        CLASS   BANK12         

        CLASS   BANK13         

        CLASS   BANK14         

        CLASS   BANK15         

        CLASS   SFR            

        CLASS   FARRAM         

        CLASS   CONFIG         
                config                           300000   300000        E         0

        CLASS   IDLOC          
                idloc                            200000   200000        8         0

        CLASS   EEDATA         



SEGMENTS        Name                           Load    Length   Top    Selector   Space  Class

                reset_vec                      000000  000004  000004         0       0  CODE    
                bssCOMRAM                      000001  000049  00004A         1       1  COMRAM  
                intcode                        000008  000006  00000E         4       0  CODE    
                intcodelo                      000018  0000CC  0000E4         C       0  CODE    
                bssBANK0                       000060  00008C  0000EC        60       1  BANK0   
                cstackBANK1                    000100  000010  000110       100       1  BANK1   
                smallconst                     001000  000004  001004       800       0  SMALLCON
                text49                         001004  001095  002099       802       0  CODE    
                text36                         00209A  000122  0021BC      104D       0  CODE    
                idloc                          200000  000008  200008    200000       0  IDLOC   
                config                         300000  00000E  30000E    300000       0  CONFIG  


UNUSED ADDRESS RANGES

        Name                Unused          Largest block    Delta
        BANK0            0000EC-0000FF               14
        BANK1            000110-0001FF               F0
        BANK10           000A00-000AFF              100
        BANK11           000B00-000BFF              100
        BANK12           000C00-000CFF              100
        BANK13           000D00-000DFF              100
        BANK14           000E00-000EFF              100
        BANK15           000F00-000F15               16
        BANK2            000200-0002FF              100
        BANK3            000300-0003FF              100
        BANK4            000400-0004FF              100
        BANK5            000500-0005FF              100
        BANK6            000600-0006FF              100
        BANK7            000700-0007FF              100
        BANK8            000800-0008FF              100
        BANK9            000900-0009FF              100
        BIGRAM           00004A-00005F               16
                         0000EC-0000FF               14
                         000110-000F15              E06
        CODE             000004-000007                4
                         00000E-000017                A
                         0000E4-000FFF              F1C
                         002099-002099                1
                         0021BC-01FFFF            1DE44
        COMRAM           00004A-00005F               16
        CONST            000004-000007                4
                         00000E-000017                A
                         0000E4-000FFF              F1C
                         002099-002099                1
                         0021BC-01FFFF            1DE44
        EEDATA           F00000-F003FF              400
        MEDIUMCONST      002099-002099                1
                         0021BC-00FFFF             DE44
                         011000-01FFFF             F000
        RAM              0000EC-0000FF               14
                         000110-000F15              100
        SFR              000F16-000FFF               4A
        SMALLCONST       002099-002099                1
                         0021BC-01FFFF              100
        STACK            000110-000F15              E06

                                  Symbol Table

?_Xor_check                                cstackBANK1  000100
?i2_Xor_check                              cstackCOMRAM 000025
Clear_Data@n                               cstackBANK1  000100
Delay_ms@time                              cstackBANK1  000100
Delay_ms@y                                 cstackBANK1  000102
INT0_SetInterruptHandler@InterruptHandler  cstackBANK1  000100
SPI_Read@TempVar                           cstackBANK1  000100
SPI_Write@command                          cstackBANK1  000101
SPI_Write@response                         cstackBANK1  000100
ScanInput@portread                         cstackBANK0  0000CF
TMR0_SetInterruptHandler@InterruptHandler  cstackBANK1  000100
Xor_check@data_value                       cstackBANK1  000100
Xor_check@length                           cstackBANK1  000102
Xor_check@xor                              cstackBANK1  000106
Xor_check@xor_value                        cstackBANK1  000104
Zigbee_data_Store_Buffer@a                 cstackCOMRAM 000025
_ADDRESS_long_1                            dataBANK0    0000B4
_ADDRESS_long_2                            dataBANK0    0000C3
_ADDRESS_short_1                           dataBANK0    0000BE
_ADDRESS_short_2                           dataBANK0    0000CD
_ANCON0                                    (abs)        000F25
_ANCON1                                    (abs)        000F24
_ANCON2                                    (abs)        000F23
_CHECK                                     bssBANK0     0000A9
_CRC                                       bssBANK0     000094
_Clear_Data                                text40       001D9E
_Count1                                    bssBANK0     0000AB
_Count2                                    bssBANK0     0000AA
_Count_LED                                 bssCOMRAM    000011
_DATA                                      bssCOMRAM    000022
_DATA_LENGHT                               smallconst   001002
_DATA_RX                                   bssBANK0     0000AC
_DATA_TX                                   bssBANK0     0000B1
_Delay_ms                                  text23       002062
_Device_ID                                 bssCOMRAM    00001D
_EEADR                                     (abs)        000F62
_EECON1bits                                (abs)        000F7F
_EECON2                                    (abs)        000F7E
_EEDATA                                    (abs)        000F61
_ERROR                                     bssCOMRAM    000013
_EXT_INT_Initialize                        text36       00209A
_F_BUZZER                                  bssBANK0     0000A5
_F_ERROR                                   bssCOMRAM    000012
_F_ID_SEND                                 bssBANK0     0000A3
_F_ID_Send                                 bssBANK0     0000A6
_F_IdSet                                   bssCOMRAM    000018
_F_Input                                   bssCOMRAM    00001B
_F_KEY1                                    bssBANK0     0000A0
_F_KEY2                                    bssBANK0     00009F
_F_KEY3                                    bssBANK0     00009E
_F_KEY4                                    bssBANK0     00009D
_F_Send_Frame1                             bssBANK0     00009C
_F_SetID                                   bssCOMRAM    00000F
_HEADER_LENGHT                             smallconst   001001
_ID_READ                                   bssCOMRAM    000006
_ID_SET                                    bssBANK0     0000A7
_INT0_CallBack                             text56       001FA2
_INT0_DefaultInterruptHandler              text57       0021BA
_INT0_ISR                                  text55       0021AA
_INT0_InterruptHandler                     nvBANK0      0000E8
_INT0_SetInterruptHandler                  text37       002190
_INTCON2bits                               (abs)        000FF1
_INTCONbits                                (abs)        000FF2
_INTERRUPT_Initialize                      text35       0021B2
_INTERRUPT_InterruptManagerHigh            intcode      000008
_INTERRUPT_InterruptManagerLow             intcodelo    000018
_INTTRUPT                                  bssCOMRAM    000024
_InitSPI                                   text38       001F5A
_InputRead                                 bssCOMRAM    000019
_LATA                                      (abs)        000F89
_LATB                                      (abs)        000F8A
_LATC                                      (abs)        000F8B
_LATD                                      (abs)        000F8C
_LATE                                      (abs)        000F8D
_LATF                                      (abs)        000F8E
_LATG                                      (abs)        000F8F
_LENGTH                                    bssCOMRAM    000023
_LQI                                       bssCOMRAM    000020
_Nilp                                      bssCOMRAM    000007
_OSCCON                                    (abs)        000FD3
_OSCCON2                                   (abs)        000F64
_OSCILLATOR_Initialize                     text34       00210A
_OSCTUNE                                   (abs)        000F9B
_PAN_ID_1                                  dataBANK0    0000BC
_PAN_ID_2                                  dataBANK0    0000CB
_PIN_MANAGER_Initialize                    text33       001CDE
_PIR1bits                                  (abs)        000F9E
_PORTA                                     (abs)        000F80
_PORTCbits                                 (abs)        000F82
_PORTEbits                                 (abs)        000F84
_PORTGbits                                 (abs)        000F86
_Portread                                  bssCOMRAM    00001A
_RCONbits                                  (abs)        000FD0
_REFOCON                                   (abs)        000F2A
_RF_reset                                  text19       001EEA
_RSSI2                                     bssCOMRAM    00001F
_Rv_CRC                                    bssBANK0     000098
_SEQ_NUMBER                                dataBANK0    0000C2
_SPI_Read                                  text4        00211E
_SPI_Write                                 text29       002142
_SSP1BUF                                   (abs)        000FC9
_SSP1CON1bits                              (abs)        000FC6
_SSP1STATbits                              (abs)        000FC7
_SYSTEM_Initialize                         text30       0020E0
_ScanInput                                 text45       0018B4
_Send_Frame                                bssBANK0     0000A2
_Send_Frame_2                              bssBANK0     0000A1
_Store                                     bssCOMRAM    000015
_Store_DATA                                bssBANK0     00008D
_T                                         bssCOMRAM    000010
_T0CON                                     (abs)        000FD5
_T0CONbits                                 (abs)        000FD5
_TMR0H                                     (abs)        000FD7
_TMR0L                                     (abs)        000FD6
_TMR0_CallBack                             text43       001F7E
_TMR0_DefaultInterruptHandler              text44       0021B8
_TMR0_ISR                                  text42       00219E
_TMR0_Initialize                           text31       001E98
_TMR0_InterruptHandler                     nvBANK0      0000E5
_TMR0_SetInterruptHandler                  text32       002182
_TRISA                                     (abs)        000F92
_TRISB                                     (abs)        000F93
_TRISC                                     (abs)        000F94
_TRISCbits                                 (abs)        000F94
_TRISD                                     (abs)        000F95
_TRISE                                     (abs)        000F96
_TRISF                                     (abs)        000F97
_TRISG                                     (abs)        000F98
_TX_CRC                                    bssBANK0     000096
_TX_ID                                     bssCOMRAM    00000D
_T_BUZZER                                  bssBANK0     0000A4
_T_ERROR                                   bssBANK0     000092
_T_ID_Send                                 bssCOMRAM    00000E
_T_Input                                   bssCOMRAM    00001C
_T_KEY1                                    bssCOMRAM    000004
_T_KEY2                                    bssCOMRAM    000003
_T_KEY3                                    bssCOMRAM    000002
_T_KEY4                                    bssCOMRAM    000001
_Tick                                      bssCOMRAM    00000C
_Trick                                     bssCOMRAM    00000B
_VALUE                                     bssCOMRAM    000009
_Xor_check                                 text7        001C18
_ZigBee_Receive_Buffer                     bssBANK0     000087
_Zigbee_data_Store_Buffer                  text54       001E08
__CFG_BBSIZ$BB2K                           (abs)        000000
__CFG_BOREN$SBORDIS                        (abs)        000000
__CFG_BORPWR$ZPBORMV                       (abs)        000000
__CFG_BORV$3                               (abs)        000000
__CFG_CCP2MX$PORTC                         (abs)        000000
__CFG_CP0$OFF                              (abs)        000000
__CFG_CP1$OFF                              (abs)        000000
__CFG_CP2$OFF                              (abs)        000000
__CFG_CP3$OFF                              (abs)        000000
__CFG_CP4$OFF                              (abs)        000000
__CFG_CP5$OFF                              (abs)        000000
__CFG_CP6$OFF                              (abs)        000000
__CFG_CP7$OFF                              (abs)        000000
__CFG_CPB$OFF                              (abs)        000000
__CFG_CPD$OFF                              (abs)        000000
__CFG_DEBUG$OFF                            (abs)        000000
__CFG_EBRT0$OFF                            (abs)        000000
__CFG_EBRT1$OFF                            (abs)        000000
__CFG_EBRT2$OFF                            (abs)        000000
__CFG_EBRT3$OFF                            (abs)        000000
__CFG_EBRT4$OFF                            (abs)        000000
__CFG_EBRT5$OFF                            (abs)        000000
__CFG_EBRT6$OFF                            (abs)        000000
__CFG_EBRT7$OFF                            (abs)        000000
__CFG_EBRTB$OFF                            (abs)        000000
__CFG_FCMEN$OFF                            (abs)        000000
__CFG_FOSC$HS1                             (abs)        000000
__CFG_IESO$OFF                             (abs)        000000
__CFG_INTOSCSEL$HIGH                       (abs)        000000
__CFG_MCLRE$ON                             (abs)        000000
__CFG_MSSPMSK$MSK7                         (abs)        000000
__CFG_PLLCFG$OFF                           (abs)        000000
__CFG_PWRTEN$OFF                           (abs)        000000
__CFG_RETEN$ON                             (abs)        000000
__CFG_RTCOSC$SOSCREF                       (abs)        000000
__CFG_SOSCSEL$DIG                          (abs)        000000
__CFG_STVREN$ON                            (abs)        000000
__CFG_WDTEN$OFF                            (abs)        000000
__CFG_WDTPS$1048576                        (abs)        000000
__CFG_WRT0$OFF                             (abs)        000000
__CFG_WRT1$OFF                             (abs)        000000
__CFG_WRT2$OFF                             (abs)        000000
__CFG_WRT3$OFF                             (abs)        000000
__CFG_WRT4$OFF                             (abs)        000000
__CFG_WRT5$OFF                             (abs)        000000
__CFG_WRT6$OFF                             (abs)        000000
__CFG_WRT7$OFF                             (abs)        000000
__CFG_WRTB$OFF                             (abs)        000000
__CFG_WRTC$OFF                             (abs)        000000
__CFG_WRTD$OFF                             (abs)        000000
__CFG_XINST$OFF                            (abs)        000000
__HRAM                                     (abs)        000000
__Habs1                                    abs1         000000
__Hbank0                                   bank0        000000
__Hbank1                                   bank1        000000
__Hbank10                                  bank10       000000
__Hbank11                                  bank11       000000
__Hbank12                                  bank12       000000
__Hbank13                                  bank13       000000
__Hbank14                                  bank14       000000
__Hbank15                                  bank15       000000
__Hbank2                                   bank2        000000
__Hbank3                                   bank3        000000
__Hbank4                                   bank4        000000
__Hbank5                                   bank5        000000
__Hbank6                                   bank6        000000
__Hbank7                                   bank7        000000
__Hbank8                                   bank8        000000
__Hbank9                                   bank9        000000
__Hbigbss                                  bigbss       000000
__Hbigdata                                 bigdata      000000
__Hbigram                                  bigram       000000
__Hbss                                     bss          000000
__HbssBANK0                                bssBANK0     000000
__HbssCOMRAM                               bssCOMRAM    000000
__Hcinit                                   cinit        000000
__Hclrtext                                 clrtext      000000
__Hcomram                                  comram       000000
__Hconfig                                  config       30000E
__Hconst                                   const        000000
__HcstackBANK0                             cstackBANK0  000000
__HcstackBANK1                             cstackBANK1  000000
__HcstackCOMRAM                            cstackCOMRAM 000000
__Hdata                                    data         000000
__HdataBANK0                               dataBANK0    000000
__Heeprom_data                             eeprom_data  000000
__Hfarbss                                  farbss       000000
__Hfardata                                 fardata      000000
__Hibigdata                                ibigdata     000000
__Hidata                                   idata        000000
__HidataBANK0                              idataBANK0   000000
__Hidloc                                   idloc        200008
__Hifardata                                ifardata     000000
__Hinit                                    init         0000E4
__Hintcode                                 intcode      00000E
__Hintcode_body                            intcode_body 000000
__Hintcodelo                               intcodelo    0000E0
__Hintentry                                intentry     000000
__Hintret                                  intret       000000
__Hintsave_regs                            intsave_regs 000000
__Hirdata                                  irdata       000000
__Hmediumconst                             mediumconst  000000
__HnvBANK0                                 nvBANK0      000000
__HnvFARRAM                                nvFARRAM     000000
__Hnvbit                                   nvbit        000000
__Hnvrram                                  nvrram       000000
__Hparam                                   rparam       000000
__Hpowerup                                 powerup      0000E0
__Hram                                     ram          000000
__Hramtop                                  ramtop       001000
__Hrbit                                    rbit         000000
__Hrbss                                    rbss         000000
__Hrdata                                   rdata        000000
__Hreset_vec                               reset_vec    000004
__Hrparam                                  rparam       000000
__Hsfr                                     sfr          000000
__Hsmallconst                              smallconst   001004
__Hspace_0                                 (abs)        30000E
__Hspace_1                                 (abs)        000110
__Hspace_2                                 (abs)        000000
__Hstack                                   stack        000000
__Hstruct                                  struct       000000
__Htemp                                    temp         00004A
__Htext                                    text         000000
__Htext0                                   text0        000000
__Htext1                                   text1        000000
__Htext10                                  text10       000000
__Htext11                                  text11       000000
__Htext12                                  text12       000000
__Htext13                                  text13       000000
__Htext14                                  text14       000000
__Htext15                                  text15       000000
__Htext16                                  text16       000000
__Htext17                                  text17       000000
__Htext18                                  text18       000000
__Htext19                                  text19       000000
__Htext2                                   text2        000000
__Htext20                                  text20       000000
__Htext21                                  text21       000000
__Htext22                                  text22       000000
__Htext23                                  text23       000000
__Htext24                                  text24       000000
__Htext25                                  text25       000000
__Htext26                                  text26       000000
__Htext27                                  text27       000000
__Htext28                                  text28       000000
__Htext29                                  text29       000000
__Htext3                                   text3        000000
__Htext30                                  text30       000000
__Htext31                                  text31       000000
__Htext32                                  text32       000000
__Htext33                                  text33       000000
__Htext34                                  text34       000000
__Htext35                                  text35       000000
__Htext36                                  text36       000000
__Htext37                                  text37       000000
__Htext38                                  text38       000000
__Htext39                                  text39       000000
__Htext4                                   text4        000000
__Htext40                                  text40       000000
__Htext42                                  text42       000000
__Htext43                                  text43       000000
__Htext44                                  text44       000000
__Htext45                                  text45       000000
__Htext47                                  text47       000000
__Htext48                                  text48       000000
__Htext49                                  text49       000000
__Htext5                                   text5        000000
__Htext50                                  text50       000000
__Htext51                                  text51       000000
__Htext52                                  text52       000000
__Htext53                                  text53       000000
__Htext54                                  text54       000000
__Htext55                                  text55       000000
__Htext56                                  text56       000000
__Htext57                                  text57       000000
__Htext58                                  text58       000000
__Htext6                                   text6        000000
__Htext7                                   text7        000000
__Htext8                                   text8        000000
__Htext9                                   text9        000000
__LRAM                                     (abs)        000001
__Labs1                                    abs1         000000
__Lbank0                                   bank0        000000
__Lbank1                                   bank1        000000
__Lbank10                                  bank10       000000
__Lbank11                                  bank11       000000
__Lbank12                                  bank12       000000
__Lbank13                                  bank13       000000
__Lbank14                                  bank14       000000
__Lbank15                                  bank15       000000
__Lbank2                                   bank2        000000
__Lbank3                                   bank3        000000
__Lbank4                                   bank4        000000
__Lbank5                                   bank5        000000
__Lbank6                                   bank6        000000
__Lbank7                                   bank7        000000
__Lbank8                                   bank8        000000
__Lbank9                                   bank9        000000
__Lbigbss                                  bigbss       000000
__Lbigdata                                 bigdata      000000
__Lbigram                                  bigram       000000
__Lbss                                     bss          000000
__LbssBANK0                                bssBANK0     000000
__LbssCOMRAM                               bssCOMRAM    000000
__Lcinit                                   cinit        000000
__Lclrtext                                 clrtext      000000
__Lcomram                                  comram       000000
__Lconfig                                  config       300000
__Lconst                                   const        000000
__LcstackBANK0                             cstackBANK0  000000
__LcstackBANK1                             cstackBANK1  000000
__LcstackCOMRAM                            cstackCOMRAM 000000
__Ldata                                    data         000000
__LdataBANK0                               dataBANK0    000000
__Leeprom_data                             eeprom_data  000000
__Lfarbss                                  farbss       000000
__Lfardata                                 fardata      000000
__Libigdata                                ibigdata     000000
__Lidata                                   idata        000000
__LidataBANK0                              idataBANK0   000000
__Lidloc                                   idloc        200000
__Lifardata                                ifardata     000000
__Linit                                    init         0000E0
__Lintcode                                 intcode      000008
__Lintcode_body                            intcode_body 000000
__Lintcodelo                               intcodelo    000018
__Lintentry                                intentry     000000
__Lintret                                  intret       000000
__Lintsave_regs                            intsave_regs 000000
__Lirdata                                  irdata       000000
__Lmediumconst                             mediumconst  000000
__LnvBANK0                                 nvBANK0      000000
__LnvFARRAM                                nvFARRAM     000000
__Lnvbit                                   nvbit        000000
__Lnvrram                                  nvrram       000000
__Lparam                                   rparam       000000
__Lpowerup                                 powerup      0000E0
__Lram                                     ram          000000
__Lramtop                                  ramtop       001000
__Lrbit                                    rbit         000000
__Lrbss                                    rbss         000000
__Lrdata                                   rdata        000000
__Lreset_vec                               reset_vec    000000
__Lrparam                                  rparam       000000
__Lsfr                                     sfr          000000
__Lsmallconst                              smallconst   001000
__Lspace_0                                 (abs)        000000
__Lspace_1                                 (abs)        000000
__Lspace_2                                 (abs)        000000
__Lstack                                   stack        000000
__Lstruct                                  struct       000000
__Ltemp                                    temp         000049
__Ltext                                    text         000000
__Ltext0                                   text0        000000
__Ltext1                                   text1        000000
__Ltext10                                  text10       000000
__Ltext11                                  text11       000000
__Ltext12                                  text12       000000
__Ltext13                                  text13       000000
__Ltext14                                  text14       000000
__Ltext15                                  text15       000000
__Ltext16                                  text16       000000
__Ltext17                                  text17       000000
__Ltext18                                  text18       000000
__Ltext19                                  text19       000000
__Ltext2                                   text2        000000
__Ltext20                                  text20       000000
__Ltext21                                  text21       000000
__Ltext22                                  text22       000000
__Ltext23                                  text23       000000
__Ltext24                                  text24       000000
__Ltext25                                  text25       000000
__Ltext26                                  text26       000000
__Ltext27                                  text27       000000
__Ltext28                                  text28       000000
__Ltext29                                  text29       000000
__Ltext3                                   text3        000000
__Ltext30                                  text30       000000
__Ltext31                                  text31       000000
__Ltext32                                  text32       000000
__Ltext33                                  text33       000000
__Ltext34                                  text34       000000
__Ltext35                                  text35       000000
__Ltext36                                  text36       000000
__Ltext37                                  text37       000000
__Ltext38                                  text38       000000
__Ltext39                                  text39       000000
__Ltext4                                   text4        000000
__Ltext40                                  text40       000000
__Ltext42                                  text42       000000
__Ltext43                                  text43       000000
__Ltext44                                  text44       000000
__Ltext45                                  text45       000000
__Ltext47                                  text47       000000
__Ltext48                                  text48       000000
__Ltext49                                  text49       000000
__Ltext5                                   text5        000000
__Ltext50                                  text50       000000
__Ltext51                                  text51       000000
__Ltext52                                  text52       000000
__Ltext53                                  text53       000000
__Ltext54                                  text54       000000
__Ltext55                                  text55       000000
__Ltext56                                  text56       000000
__Ltext57                                  text57       000000
__Ltext58                                  text58       000000
__Ltext6                                   text6        000000
__Ltext7                                   text7        000000
__Ltext8                                   text8        000000
__Ltext9                                   text9        000000
__S0                                       (abs)        30000E
__S1                                       (abs)        000110
__S2                                       (abs)        000000
___inthi_sp                                stack        000000
___intlo_sp                                stack        000000
___param_bank                              (abs)        000000
___rparam_used                             (abs)        000001
___sp                                      stack        000000
__accesstop                                (abs)        000060
__activetblptr                             (abs)        000003
__end_of_Clear_Data                        text40       001DD4
__end_of_DATA_LENGHT                       smallconst   001003
__end_of_Delay_ms                          text23       00207E
__end_of_EXT_INT_Initialize                text36       0020B4
__end_of_HEADER_LENGHT                     smallconst   001002
__end_of_INT0_CallBack                     text56       001FC6
__end_of_INT0_DefaultInterruptHandler      text57       0021BC
__end_of_INT0_ISR                          text55       0021B2
__end_of_INT0_SetInterruptHandler          text37       00219E
__end_of_INTERRUPT_Initialize              text35       0021B8
__end_of_INTERRUPT_InterruptManagerHigh    intcode_body 0017EE
__end_of_INTERRUPT_InterruptManagerLow     intcodelo    0000E0
__end_of_InitSPI                           text38       001F7E
__end_of_OSCILLATOR_Initialize             text34       00211E
__end_of_PIN_MANAGER_Initialize            text33       001D20
__end_of_RF_reset                          text19       001F12
__end_of_SPI_Read                          text4        002130
__end_of_SPI_Write                         text29       002154
__end_of_SYSTEM_Initialize                 text30       0020F6
__end_of_ScanInput                         text45       001950
__end_of_TMR0_CallBack                     text43       001FA2
__end_of_TMR0_DefaultInterruptHandler      text44       0021BA
__end_of_TMR0_ISR                          text42       0021AA
__end_of_TMR0_Initialize                   text31       001EC2
__end_of_TMR0_SetInterruptHandler          text32       002190
__end_of_Xor_check                         text7        001C5A
__end_of_Zigbee_data_Store_Buffer          text54       001E3C
__end_of__initialization                   cinit        001C0E
__end_of_delay                             text39       002028
__end_of_enable_PLL                        text25       00210A
__end_of_enable_interrupt                  text27       002182
__end_of_init_ZIGBEE_basic                 text24       0019E6
__end_of_init_ZIGBEE_nonbeacon             text17       001F36
__end_of_main                              text0        001712
__end_of_nonbeacon_PAN_coordinator_device  text16       001D9E
__end_of_pin_reset                         text15       001FE8
__end_of_pin_wake                          text22       002142
__end_of_read_RX_FIFO                      text49       001286
__end_of_read_ZIGBEE_long                  text51       001B8E
__end_of_read_ZIGBEE_short                 text3        001EEA
__end_of_set_CCA_mode                      text21       0018B4
__end_of_set_PAN_ID                        text14       001E98
__end_of_set_RSSI_mode                     text20       001CDE
__end_of_set_TX_power                      text13       001C9C
__end_of_set_WAKE_from_pin                 text12       002062
__end_of_set_channel                       text18       001446
__end_of_set_frame_format_filter           text11       001A78
__end_of_set_long_address                  text10       001E08
__end_of_set_not_ACK                       text6        0020E0
__end_of_set_not_encrypt                   text5        0020CA
__end_of_set_reception_mode                text9        001AE8
__end_of_set_short_address                 text8        001E6A
__end_of_start_transmit                    text2        001BD6
__end_of_write_TX_normal_FIFO              text1        0015BE
__end_of_write_ZIGBEE_long                 text26       001B3C
__end_of_write_ZIGBEE_short                text28       001F5A
__end_ofi2_SPI_Read                        text53       002174
__end_ofi2_SPI_Write                       text52       002164
__end_ofi2_Xor_check                       text48       001D60
__end_ofi2_read_ZIGBEE_short               text47       00200A
__end_ofi2_write_ZIGBEE_short              text50       002046
__initialization                           cinit        001BD6
__mediumconst                              mediumconst  000000
__pbssBANK0                                bssBANK0     000060
__pbssCOMRAM                               bssCOMRAM    000001
__pcinit                                   cinit        001BD6
__pcstackBANK0                             cstackBANK0  0000CF
__pcstackBANK1                             cstackBANK1  000100
__pcstackCOMRAM                            cstackCOMRAM 000025
__pdataBANK0                               dataBANK0    0000B4
__pidataBANK0                              idataBANK0   00207E
__pintcode                                 intcode      000008
__pintcode_body                            intcode_body 001712
__pintcodelo                               intcodelo    000018
__pnvBANK0                                 nvBANK0      0000E5
__psmallconst                              smallconst   001000
__ptext0                                   text0        0015BE
__ptext1                                   text1        001446
__ptext10                                  text10       001DD4
__ptext11                                  text11       0019E6
__ptext12                                  text12       002046
__ptext13                                  text13       001C5A
__ptext14                                  text14       001E6A
__ptext15                                  text15       001FC6
__ptext16                                  text16       001D60
__ptext17                                  text17       001F12
__ptext18                                  text18       001286
__ptext19                                  text19       001EEA
__ptext2                                   text2        001B8E
__ptext20                                  text20       001C9C
__ptext21                                  text21       0017EE
__ptext22                                  text22       002130
__ptext23                                  text23       002062
__ptext24                                  text24       001950
__ptext25                                  text25       0020F6
__ptext26                                  text26       001AE8
__ptext27                                  text27       002174
__ptext28                                  text28       001F36
__ptext29                                  text29       002142
__ptext3                                   text3        001EC2
__ptext30                                  text30       0020E0
__ptext31                                  text31       001E98
__ptext32                                  text32       002182
__ptext33                                  text33       001CDE
__ptext34                                  text34       00210A
__ptext35                                  text35       0021B2
__ptext36                                  text36       00209A
__ptext37                                  text37       002190
__ptext38                                  text38       001F5A
__ptext39                                  text39       00200A
__ptext4                                   text4        00211E
__ptext40                                  text40       001D9E
__ptext42                                  text42       00219E
__ptext43                                  text43       001F7E
__ptext44                                  text44       0021B8
__ptext45                                  text45       0018B4
__ptext47                                  text47       001FE8
__ptext48                                  text48       001D20
__ptext49                                  text49       001004
__ptext5                                   text5        0020B4
__ptext50                                  text50       002028
__ptext51                                  text51       001B3C
__ptext52                                  text52       002154
__ptext53                                  text53       002164
__ptext54                                  text54       001E08
__ptext55                                  text55       0021AA
__ptext56                                  text56       001FA2
__ptext57                                  text57       0021BA
__ptext58                                  text58       000000
__ptext6                                   text6        0020CA
__ptext7                                   text7        001C18
__ptext8                                   text8        001E3C
__ptext9                                   text9        001A78
__ramtop                                   ramtop       001000
__size_of_Clear_Data                       (abs)        000000
__size_of_Delay_ms                         (abs)        000000
__size_of_EXT_INT_Initialize               (abs)        000000
__size_of_INT0_CallBack                    (abs)        000000
__size_of_INT0_DefaultInterruptHandler     (abs)        000000
__size_of_INT0_ISR                         (abs)        000000
__size_of_INT0_SetInterruptHandler         (abs)        000000
__size_of_INTERRUPT_Initialize             (abs)        000000
__size_of_INTERRUPT_InterruptManagerHigh   (abs)        000000
__size_of_INTERRUPT_InterruptManagerLow    (abs)        000000
__size_of_InitSPI                          (abs)        000000
__size_of_OSCILLATOR_Initialize            (abs)        000000
__size_of_PIN_MANAGER_Initialize           (abs)        000000
__size_of_RF_reset                         (abs)        000000
__size_of_SPI_Read                         (abs)        000000
__size_of_SPI_Write                        (abs)        000000
__size_of_SYSTEM_Initialize                (abs)        000000
__size_of_ScanInput                        (abs)        000000
__size_of_TMR0_CallBack                    (abs)        000000
__size_of_TMR0_DefaultInterruptHandler     (abs)        000000
__size_of_TMR0_ISR                         (abs)        000000
__size_of_TMR0_Initialize                  (abs)        000000
__size_of_TMR0_SetInterruptHandler         (abs)        000000
__size_of_Xor_check                        (abs)        000000
__size_of_Zigbee_data_Store_Buffer         (abs)        000000
__size_of_delay                            (abs)        000000
__size_of_enable_PLL                       (abs)        000000
__size_of_enable_interrupt                 (abs)        000000
__size_of_init_ZIGBEE_basic                (abs)        000000
__size_of_init_ZIGBEE_nonbeacon            (abs)        000000
__size_of_main                             (abs)        000000
__size_of_nonbeacon_PAN_coordinator_device (abs)        000000
__size_of_pin_reset                        (abs)        000000
__size_of_pin_wake                         (abs)        000000
__size_of_read_RX_FIFO                     (abs)        000000
__size_of_read_ZIGBEE_long                 (abs)        000000
__size_of_read_ZIGBEE_short                (abs)        000000
__size_of_set_CCA_mode                     (abs)        000000
__size_of_set_PAN_ID                       (abs)        000000
__size_of_set_RSSI_mode                    (abs)        000000
__size_of_set_TX_power                     (abs)        000000
__size_of_set_WAKE_from_pin                (abs)        000000
__size_of_set_channel                      (abs)        000000
__size_of_set_frame_format_filter          (abs)        000000
__size_of_set_long_address                 (abs)        000000
__size_of_set_not_ACK                      (abs)        000000
__size_of_set_not_encrypt                  (abs)        000000
__size_of_set_reception_mode               (abs)        000000
__size_of_set_short_address                (abs)        000000
__size_of_start_transmit                   (abs)        000000
__size_of_write_TX_normal_FIFO             (abs)        000000
__size_of_write_ZIGBEE_long                (abs)        000000
__size_of_write_ZIGBEE_short               (abs)        000000
__size_ofi2_SPI_Read                       (abs)        000000
__size_ofi2_SPI_Write                      (abs)        000000
__size_ofi2_Xor_check                      (abs)        000000
__size_ofi2_read_ZIGBEE_short              (abs)        000000
__size_ofi2_write_ZIGBEE_short             (abs)        000000
__smallconst                               smallconst   001000
_address                                   bssCOMRAM    000008
_address_RX_FIFO                           dataBANK0    0000C0
_address_TX_normal_FIFO                    bssBANK0     00009A
_ckeck                                     bssBANK0     000090
_d                                         bssCOMRAM    000016
_data_RX_FIFO                              bssBANK0     000060
_data_TX_normal_FIFO                       bssBANK0     000075
_data_r                                    bssCOMRAM    000021
_delay                                     text39       00200A
_enable_PLL                                text25       0020F6
_enable_interrupt                          text27       002174
_i                                         bssCOMRAM    000017
_ii                                        bssBANK0     0000A8
_init_ZIGBEE_basic                         text24       001950
_init_ZIGBEE_nonbeacon                     text17       001F12
_lost_data                                 bssCOMRAM    00001E
_main                                      text0        0015BE
_nonbeacon_PAN_coordinator_device          text16       001D60
_pin_reset                                 text15       001FC6
_pin_wake                                  text22       002130
_read_RX_FIFO                              text49       001004
_read_ZIGBEE_long                          text51       001B3C
_read_ZIGBEE_short                         text3        001EC2
_set_CCA_mode                              text21       0017EE
_set_PAN_ID                                text14       001E6A
_set_RSSI_mode                             text20       001C9C
_set_TX_power                              text13       001C5A
_set_WAKE_from_pin                         text12       002046
_set_channel                               text18       001286
_set_frame_format_filter                   text11       0019E6
_set_long_address                          text10       001DD4
_set_not_ACK                               text6        0020CA
_set_not_encrypt                           text5        0020B4
_set_reception_mode                        text9        001A78
_set_short_address                         text8        001E3C
_slave_add                                 bssCOMRAM    000014
_start_transmit                            text2        001B8E
_tick                                      bssCOMRAM    000005
_timer0ReloadVal                           nvBANK0      0000EB
_value                                     bssCOMRAM    00000A
_write_TX_normal_FIFO                      text1        001446
_write_ZIGBEE_long                         text26       001AE8
_write_ZIGBEE_short                        text28       001F36
btemp                                      temp         000049
delay@dly                                  cstackBANK1  000100
delay@l                                    cstackBANK1  000102
end_of_initialization                      cinit        001C0E
i2SPI_Read@TempVar                         cstackCOMRAM 000025
i2SPI_Write@command                        cstackCOMRAM 000026
i2SPI_Write@response                       cstackCOMRAM 000025
i2Xor_check@data_value                     cstackCOMRAM 000025
i2Xor_check@length                         cstackCOMRAM 000027
i2Xor_check@xor                            cstackCOMRAM 00002B
i2Xor_check@xor_value                      cstackCOMRAM 000029
i2_SPI_Read                                text53       002164
i2_SPI_Write                               text52       002154
i2_Xor_check                               text48       001D20
i2_read_ZIGBEE_short                       text47       001FE8
i2_write_ZIGBEE_short                      text50       002028
i2read_ZIGBEE_short@address                cstackCOMRAM 000027
i2read_ZIGBEE_short@data_r                 cstackCOMRAM 000028
i2write_ZIGBEE_short@address               cstackCOMRAM 000028
i2write_ZIGBEE_short@data_r                cstackCOMRAM 000027
int$flags                                  temp         000049
int_func                                   intcode_body 001712
intlevel0                                  text         000000
intlevel1                                  text         000000
intlevel2                                  text         000000
intlevel3                                  text         000000
nonbeacon_PAN_coordinator_device@temp      cstackBANK1  000104
read_RX_FIFO@i                             cstackCOMRAM 000034
read_RX_FIFO@temp                          cstackCOMRAM 000033
read_ZIGBEE_long@address                   cstackCOMRAM 000027
read_ZIGBEE_long@address_high              cstackCOMRAM 00002C
read_ZIGBEE_long@address_low               cstackCOMRAM 00002D
read_ZIGBEE_long@data_r                    cstackCOMRAM 00002B
read_ZIGBEE_short@address                  cstackBANK1  000103
read_ZIGBEE_short@data_r                   cstackBANK1  000102
set_CCA_mode@CCA_mode                      cstackBANK1  000104
set_CCA_mode@temp                          cstackBANK1  000105
set_PAN_ID@address                         cstackBANK1  000104
set_RSSI_mode@RSSI_mode                    cstackBANK1  000104
set_RSSI_mode@temp                         cstackBANK1  000105
set_TX_power@power                         cstackBANK1  00010A
set_channel@channel_number                 cstackBANK1  000109
set_frame_format_filter@fff_mode           cstackBANK1  000104
set_frame_format_filter@temp               cstackBANK1  000105
set_long_address@address                   cstackBANK1  000104
set_long_address@i                         cstackBANK1  000106
set_not_ACK@temp                           cstackBANK1  000104
set_not_encrypt@temp                       cstackBANK1  000104
set_reception_mode@r_mode                  cstackBANK1  000104
set_reception_mode@temp                    cstackBANK1  000105
set_short_address@address                  cstackBANK1  000104
stackhi                                    (abs)        000F15
stacklo                                    (abs)        000110
start                                      init         0000E0
start_initialization                       cinit        001BD6
write_TX_normal_FIFO@i                     cstackBANK1  00010F
write_TX_normal_FIFO@n                     cstackBANK1  00010E
write_ZIGBEE_long@address                  cstackBANK1  000102
write_ZIGBEE_long@address_high             cstackBANK1  000107
write_ZIGBEE_long@address_low              cstackBANK1  000108
write_ZIGBEE_long@data_r                   cstackBANK1  000104
write_ZIGBEE_short@address                 cstackBANK1  000103
write_ZIGBEE_short@data_r                  cstackBANK1  000102
wtemp6                                     temp         00004A


FUNCTION INFORMATION:

 *************** function _main *****************
 Defined at:
		line 68 in file "31_March_2018.c"
 Parameters:    Size  Location     Type
		None
 Auto vars:     Size  Location     Type
		None
 Return value:  Size  Location     Type
                  1    wreg      void 
 Registers used:
		wreg, fsr1l, fsr1h, fsr2l, fsr2h, status,2, status,0, tblptrl, tblptrh, tblptru, prodl, prodh, cstack
 Tracked objects:
		On entry : 
		On exit  : 
		Unchanged: 
 Data sizes:     COMRAM   BANK0   BANK1   BANK2   BANK3   BANK4   BANK5   BANK6   BANK7   BANK8   BANK9  BANK10  BANK11  BANK12  BANK13  BANK14  BANK15
      Params:         0       0       0       0       0       0       0       0       0       0       0       0       0       0       0       0       0
      Locals:         0       0       0       0       0       0       0       0       0       0       0       0       0       0       0       0       0
      Temps:          0       0       0       0       0       0       0       0       0       0       0       0       0       0       0       0       0
      Totals:         0       0       0       0       0       0       0       0       0       0       0       0       0       0       0       0       0
Total ram usage:        0 bytes
 Hardware stack levels required when called:   13
 This function calls:
		_Clear_Data
		_Delay_ms
		_InitSPI
		_RF_reset
		_SYSTEM_Initialize
		_init_ZIGBEE_nonbeacon
		_nonbeacon_PAN_coordinator_device
		_pin_reset
		_pin_wake
		_set_PAN_ID
		_set_TX_power
		_set_WAKE_from_pin
		_set_frame_format_filter
		_set_long_address
		_set_reception_mode
		_set_short_address
		_write_TX_normal_FIFO
 This function is called by:
		Startup code after reset
 This function uses a non-reentrant model


 *************** function _write_TX_normal_FIFO *****************
 Defined at:
		line 334 in file "zigbee.c"
 Parameters:    Size  Location     Type
		None
 Auto vars:     Size  Location     Type
  i               1   15[BANK1 ] unsigned char 
  n               1   14[BANK1 ] unsigned char 
 Return value:  Size  Location     Type
                  1    wreg      void 
 Registers used:
		wreg, fsr1l, fsr1h, fsr2l, fsr2h, status,2, status,0, tblptrl, tblptrh, tblptru, prodl, prodh, cstack
 Tracked objects:
		On entry : 
		On exit  : 
		Unchanged: 
 Data sizes:     COMRAM   BANK0   BANK1   BANK2   BANK3   BANK4   BANK5   BANK6   BANK7   BANK8   BANK9  BANK10  BANK11  BANK12  BANK13  BANK14  BANK15
      Params:         0       0       0       0       0       0       0       0       0       0       0       0       0       0       0       0       0
      Locals:         0       0       2       0       0       0       0       0       0       0       0       0       0       0       0       0       0
      Temps:          0       0       5       0       0       0       0       0       0       0       0       0       0       0       0       0       0
      Totals:         0       0       7       0       0       0       0       0       0       0       0       0       0       0       0       0       0
Total ram usage:        7 bytes
 Hardware stack levels used:    1
 Hardware stack levels required when called:   11
 This function calls:
		_Delay_ms
		_Xor_check
		_set_not_ACK
		_set_not_encrypt
		_start_transmit
		_write_ZIGBEE_long
 This function is called by:
		_main
 This function uses a non-reentrant model


 *************** function _start_transmit *****************
 Defined at:
		line 382 in file "zigbee.c"
 Parameters:    Size  Location     Type
		None
 Auto vars:     Size  Location     Type
		None
 Return value:  Size  Location     Type
                  1    wreg      void 
 Registers used:
		wreg, status,2, status,0, cstack
 Tracked objects:
		On entry : 
		On exit  : 
		Unchanged: 
 Data sizes:     COMRAM   BANK0   BANK1   BANK2   BANK3   BANK4   BANK5   BANK6   BANK7   BANK8   BANK9  BANK10  BANK11  BANK12  BANK13  BANK14  BANK15
      Params:         0       0       0       0       0       0       0       0       0       0       0       0       0       0       0       0       0
      Locals:         0       0       0       0       0       0       0       0       0       0       0       0       0       0       0       0       0
      Temps:          0       0       0       0       0       0       0       0       0       0       0       0       0       0       0       0       0
      Totals:         0       0       0       0       0       0       0       0       0       0       0       0       0       0       0       0       0
Total ram usage:        0 bytes
 Hardware stack levels used:    1
 Hardware stack levels required when called:   10
 This function calls:
		_read_ZIGBEE_short
		_write_ZIGBEE_short
 This function is called by:
		_write_TX_normal_FIFO
 This function uses a non-reentrant model


 *************** function _read_ZIGBEE_short *****************
 Defined at:
		line 403 in file "zigbee.c"
 Parameters:    Size  Location     Type
  address         1    wreg     unsigned char 
 Auto vars:     Size  Location     Type
  address         1    3[BANK1 ] unsigned char 
  data_r          1    2[BANK1 ] unsigned char 
 Return value:  Size  Location     Type
                  1    wreg      unsigned char 
 Registers used:
		wreg, status,2, status,0, cstack
 Tracked objects:
		On entry : 
		On exit  : 
		Unchanged: 
 Data sizes:     COMRAM   BANK0   BANK1   BANK2   BANK3   BANK4   BANK5   BANK6   BANK7   BANK8   BANK9  BANK10  BANK11  BANK12  BANK13  BANK14  BANK15
      Params:         0       0       0       0       0       0       0       0       0       0       0       0       0       0       0       0       0
      Locals:         0       0       2       0       0       0       0       0       0       0       0       0       0       0       0       0       0
      Temps:          0       0       0       0       0       0       0       0       0       0       0       0       0       0       0       0       0
      Totals:         0       0       2       0       0       0       0       0       0       0       0       0       0       0       0       0       0
Total ram usage:        2 bytes
 Hardware stack levels used:    1
 Hardware stack levels required when called:    9
 This function calls:
		_SPI_Read
		_SPI_Write
 This function is called by:
		_start_transmit
 This function uses a non-reentrant model


 *************** function _SPI_Read *****************
 Defined at:
		line 463 in file "zigbee.c"
 Parameters:    Size  Location     Type
		None
 Auto vars:     Size  Location     Type
  TempVar         1    0[BANK1 ] unsigned char 
 Return value:  Size  Location     Type
                  1    wreg      unsigned char 
 Registers used:
		wreg, status,2
 Tracked objects:
		On entry : 
		On exit  : 
		Unchanged: 
 Data sizes:     COMRAM   BANK0   BANK1   BANK2   BANK3   BANK4   BANK5   BANK6   BANK7   BANK8   BANK9  BANK10  BANK11  BANK12  BANK13  BANK14  BANK15
      Params:         0       0       0       0       0       0       0       0       0       0       0       0       0       0       0       0       0
      Locals:         0       0       1       0       0       0       0       0       0       0       0       0       0       0       0       0       0
      Temps:          0       0       0       0       0       0       0       0       0       0       0       0       0       0       0       0       0
      Totals:         0       0       1       0       0       0       0       0       0       0       0       0       0       0       0       0       0
Total ram usage:        1 bytes
 Hardware stack levels used:    1
 Hardware stack levels required when called:    8
 This function calls:
		Nothing
 This function is called by:
		_read_ZIGBEE_short
 This function uses a non-reentrant model


 *************** function _set_not_encrypt *****************
 Defined at:
		line 375 in file "zigbee.c"
 Parameters:    Size  Location     Type
		None
 Auto vars:     Size  Location     Type
  temp            1    4[BANK1 ] unsigned char 
 Return value:  Size  Location     Type
                  1    wreg      void 
 Registers used:
		wreg, status,2, status,0, cstack
 Tracked objects:
		On entry : 
		On exit  : 
		Unchanged: 
 Data sizes:     COMRAM   BANK0   BANK1   BANK2   BANK3   BANK4   BANK5   BANK6   BANK7   BANK8   BANK9  BANK10  BANK11  BANK12  BANK13  BANK14  BANK15
      Params:         0       0       0       0       0       0       0       0       0       0       0       0       0       0       0       0       0
      Locals:         0       0       1       0       0       0       0       0       0       0       0       0       0       0       0       0       0
      Temps:          0       0       0       0       0       0       0       0       0       0       0       0       0       0       0       0       0
      Totals:         0       0       1       0       0       0       0       0       0       0       0       0       0       0       0       0       0
Total ram usage:        1 bytes
 Hardware stack levels used:    1
 Hardware stack levels required when called:   10
 This function calls:
		_write_ZIGBEE_short
 This function is called by:
		_write_TX_normal_FIFO
 This function uses a non-reentrant model


 *************** function _set_not_ACK *****************
 Defined at:
		line 369 in file "zigbee.c"
 Parameters:    Size  Location     Type
		None
 Auto vars:     Size  Location     Type
  temp            1    4[BANK1 ] unsigned char 
 Return value:  Size  Location     Type
                  1    wreg      void 
 Registers used:
		wreg, status,2, status,0, cstack
 Tracked objects:
		On entry : 
		On exit  : 
		Unchanged: 
 Data sizes:     COMRAM   BANK0   BANK1   BANK2   BANK3   BANK4   BANK5   BANK6   BANK7   BANK8   BANK9  BANK10  BANK11  BANK12  BANK13  BANK14  BANK15
      Params:         0       0       0       0       0       0       0       0       0       0       0       0       0       0       0       0       0
      Locals:         0       0       1       0       0       0       0       0       0       0       0       0       0       0       0       0       0
      Temps:          0       0       0       0       0       0       0       0       0       0       0       0       0       0       0       0       0
      Totals:         0       0       1       0       0       0       0       0       0       0       0       0       0       0       0       0       0
Total ram usage:        1 bytes
 Hardware stack levels used:    1
 Hardware stack levels required when called:   10
 This function calls:
		_write_ZIGBEE_short
 This function is called by:
		_write_TX_normal_FIFO
 This function uses a non-reentrant model


 *************** function _Xor_check *****************
 Defined at:
		line 501 in file "zigbee.c"
 Parameters:    Size  Location     Type
  data_value      2    0[BANK1 ] PTR unsigned char 
[...]
      Params:         0       0       0       0       0       0       0       0       0       0       0       0       0       0       0       0       0
      Locals:         2       0       0       0       0       0       0       0       0       0       0       0       0       0       0       0       0
      Temps:          0       0       0       0       0       0       0       0       0       0       0       0       0       0       0       0       0
      Totals:         2       0       0       0       0       0       0       0       0       0       0       0       0       0       0       0       0
Total ram usage:        2 bytes
 Hardware stack levels used:    1
 Hardware stack levels required when called:    1
 This function calls:
		i2_SPI_Read
		i2_SPI_Write
 This function is called by:
		_INTERRUPT_InterruptManagerHigh
 This function uses a non-reentrant model


 *************** function i2_Xor_check *****************
 Defined at:
		line 501 in file "zigbee.c"
 Parameters:    Size  Location     Type
  data_value      2    0[COMRAM] PTR unsigned char 
		 -> DATA_TX(3), DATA_RX(5), 
  length          1    2[COMRAM] unsigned char 
 Auto vars:     Size  Location     Type
  Xor_check       2    6[COMRAM] unsigned short 
  Xor_check       2    4[COMRAM] unsigned short 
 Return value:  Size  Location     Type
                  2    0[COMRAM] unsigned short 
 Registers used:
		wreg, fsr2l, fsr2h, status,2, status,0
 Tracked objects:
		On entry : 
		On exit  : 
		Unchanged: 
 Data sizes:     COMRAM   BANK0   BANK1   BANK2   BANK3   BANK4   BANK5   BANK6   BANK7   BANK8   BANK9  BANK10  BANK11  BANK12  BANK13  BANK14  BANK15
      Params:         3       0       0       0       0       0       0       0       0       0       0       0       0       0       0       0       0
      Locals:         4       0       0       0       0       0       0       0       0       0       0       0       0       0       0       0       0
      Temps:          1       0       0       0       0       0       0       0       0       0       0       0       0       0       0       0       0
      Totals:         8       0       0       0       0       0       0       0       0       0       0       0       0       0       0       0       0
Total ram usage:        8 bytes
 Hardware stack levels used:    1
 This function calls:
		Nothing
 This function is called by:
		_INTERRUPT_InterruptManagerHigh
 This function uses a non-reentrant model


 *************** function _read_RX_FIFO *****************
 Defined at:
		line 10 in file "zigbee.c"
 Parameters:    Size  Location     Type
		None
 Auto vars:     Size  Location     Type
  i               1   15[COMRAM] unsigned char 
  temp            1   14[COMRAM] unsigned char 
 Return value:  Size  Location     Type
                  1    wreg      void 
 Registers used:
		wreg, fsr2l, fsr2h, status,2, status,0, tblptrl, tblptrh, tblptru, prodl, prodh, cstack
 Tracked objects:
		On entry : 
		On exit  : 
		Unchanged: 
 Data sizes:     COMRAM   BANK0   BANK1   BANK2   BANK3   BANK4   BANK5   BANK6   BANK7   BANK8   BANK9  BANK10  BANK11  BANK12  BANK13  BANK14  BANK15
      Params:         0       0       0       0       0       0       0       0       0       0       0       0       0       0       0       0       0
      Locals:         2       0       0       0       0       0       0       0       0       0       0       0       0       0       0       0       0
      Temps:          5       0       0       0       0       0       0       0       0       0       0       0       0       0       0       0       0
      Totals:         7       0       0       0       0       0       0       0       0       0       0       0       0       0       0       0       0
Total ram usage:        7 bytes
 Hardware stack levels used:    1
 Hardware stack levels required when called:    2
 This function calls:
		_read_ZIGBEE_long
		i2_write_ZIGBEE_short
 This function is called by:
		_INTERRUPT_InterruptManagerHigh
 This function uses a non-reentrant model


 *************** function i2_write_ZIGBEE_short *****************
 Defined at:
		line 396 in file "zigbee.c"
 Parameters:    Size  Location     Type
  address         1    wreg     unsigned char 
  data_r          1    2[COMRAM] unsigned char 
 Auto vars:     Size  Location     Type
  address         1    3[COMRAM] unsigned char 
 Return value:  Size  Location     Type
                  1    wreg      void 
 Registers used:
		wreg, status,2, status,0, cstack
 Tracked objects:
		On entry : 
		On exit  : 
		Unchanged: 
 Data sizes:     COMRAM   BANK0   BANK1   BANK2   BANK3   BANK4   BANK5   BANK6   BANK7   BANK8   BANK9  BANK10  BANK11  BANK12  BANK13  BANK14  BANK15
      Params:         1       0       0       0       0       0       0       0       0       0       0       0       0       0       0       0       0
      Locals:         1       0       0       0       0       0       0       0       0       0       0       0       0       0       0       0       0
      Temps:          0       0       0       0       0       0       0       0       0       0       0       0       0       0       0       0       0
      Totals:         2       0       0       0       0       0       0       0       0       0       0       0       0       0       0       0       0
Total ram usage:        2 bytes
 Hardware stack levels used:    1
 Hardware stack levels required when called:    1
 This function calls:
		i2_SPI_Write
 This function is called by:
		_read_RX_FIFO
 This function uses a non-reentrant model


 *************** function _read_ZIGBEE_long *****************
 Defined at:
		line 425 in file "zigbee.c"
 Parameters:    Size  Location     Type
  address         2    2[COMRAM] unsigned int 
 Auto vars:     Size  Location     Type
  address_low     1    8[COMRAM] unsigned char 
  address_high    1    7[COMRAM] unsigned char 
  data_r          1    6[COMRAM] unsigned char 
 Return value:  Size  Location     Type
                  1    wreg      unsigned char 
 Registers used:
		wreg, status,2, status,0, cstack
 Tracked objects:
		On entry : 
		On exit  : 
		Unchanged: 
 Data sizes:     COMRAM   BANK0   BANK1   BANK2   BANK3   BANK4   BANK5   BANK6   BANK7   BANK8   BANK9  BANK10  BANK11  BANK12  BANK13  BANK14  BANK15
      Params:         2       0       0       0       0       0       0       0       0       0       0       0       0       0       0       0       0
      Locals:         3       0       0       0       0       0       0       0       0       0       0       0       0       0       0       0       0
      Temps:          2       0       0       0       0       0       0       0       0       0       0       0       0       0       0       0       0
      Totals:         7       0       0       0       0       0       0       0       0       0       0       0       0       0       0       0       0
Total ram usage:        7 bytes
 Hardware stack levels used:    1
 Hardware stack levels required when called:    1
 This function calls:
		i2_SPI_Read
		i2_SPI_Write
 This function is called by:
		_read_RX_FIFO
 This function uses a non-reentrant model


 *************** function i2_SPI_Write *****************
 Defined at:
		line 457 in file "zigbee.c"
 Parameters:    Size  Location     Type
  command         1    wreg     unsigned char 
 Auto vars:     Size  Location     Type
  command         1    1[COMRAM] unsigned char 
  SPI_Write       1    0[COMRAM] unsigned char 
 Return value:  Size  Location     Type
                  1    wreg      void 
 Registers used:
		wreg
 Tracked objects:
		On entry : 
		On exit  : 
		Unchanged: 
 Data sizes:     COMRAM   BANK0   BANK1   BANK2   BANK3   BANK4   BANK5   BANK6   BANK7   BANK8   BANK9  BANK10  BANK11  BANK12  BANK13  BANK14  BANK15
      Params:         0       0       0       0       0       0       0       0       0       0       0       0       0       0       0       0       0
      Locals:         2       0       0       0       0       0       0       0       0       0       0       0       0       0       0       0       0
      Temps:          0       0       0       0       0       0       0       0       0       0       0       0       0       0       0       0       0
      Totals:         2       0       0       0       0       0       0       0       0       0       0       0       0       0       0       0       0
Total ram usage:        2 bytes
 Hardware stack levels used:    1
 This function calls:
		Nothing
 This function is called by:
		_read_ZIGBEE_long
		i2_write_ZIGBEE_short
		i2_read_ZIGBEE_short
 This function uses a non-reentrant model


 *************** function i2_SPI_Read *****************
 Defined at:
		line 463 in file "zigbee.c"
 Parameters:    Size  Location     Type
		None
 Auto vars:     Size  Location     Type
  SPI_Read        1    0[COMRAM] unsigned char 
 Return value:  Size  Location     Type
                  1    wreg      unsigned char 
 Registers used:
		wreg, status,2
 Tracked objects:
		On entry : 
		On exit  : 
		Unchanged: 
 Data sizes:     COMRAM   BANK0   BANK1   BANK2   BANK3   BANK4   BANK5   BANK6   BANK7   BANK8   BANK9  BANK10  BANK11  BANK12  BANK13  BANK14  BANK15
      Params:         0       0       0       0       0       0       0       0       0       0       0       0       0       0       0       0       0
      Locals:         1       0       0       0       0       0       0       0       0       0       0       0       0       0       0       0       0
      Temps:          0       0       0       0       0       0       0       0       0       0       0       0       0       0       0       0       0
      Totals:         1       0       0       0       0       0       0       0       0       0       0       0       0       0       0       0       0
Total ram usage:        1 bytes
 Hardware stack levels used:    1
 This function calls:
		Nothing
 This function is called by:
		_read_ZIGBEE_long
		i2_read_ZIGBEE_short
 This function uses a non-reentrant model


 *************** function _Zigbee_data_Store_Buffer *****************
 Defined at:
		line 214 in file "31_March_2018.c"
 Parameters:    Size  Location     Type
		None
 Auto vars:     Size  Location     Type
  a               1    0[COMRAM] unsigned char 
 Return value:  Size  Location     Type
                  1    wreg      void 
 Registers used:
		wreg, fsr1l, fsr1h, fsr2l, fsr2h, status,2, status,0, prodl, prodh
 Tracked objects:
		On entry : 
		On exit  : 
		Unchanged: 
 Data sizes:     COMRAM   BANK0   BANK1   BANK2   BANK3   BANK4   BANK5   BANK6   BANK7   BANK8   BANK9  BANK10  BANK11  BANK12  BANK13  BANK14  BANK15
      Params:         0       0       0       0       0       0       0       0       0       0       0       0       0       0       0       0       0
      Locals:         1       0       0       0       0       0       0       0       0       0       0       0       0       0       0       0       0
      Temps:          0       0       0       0       0       0       0       0       0       0       0       0       0       0       0       0       0
      Totals:         1       0       0       0       0       0       0       0       0       0       0       0       0       0       0       0       0
Total ram usage:        1 bytes
 Hardware stack levels used:    1
 This function calls:
		Nothing
 This function is called by:
		_INTERRUPT_InterruptManagerHigh
 This function uses a non-reentrant model


 *************** function _INT0_ISR *****************
 Defined at:
		line 32 in file "mcc_generated_files/ext_int.c"
 Parameters:    Size  Location     Type
		None
 Auto vars:     Size  Location     Type
		None
 Return value:  Size  Location     Type
                  1    wreg      void 
 Registers used:
		wreg, status,2, status,0, pclath, tosl, cstack
 Tracked objects:
		On entry : 
		On exit  : 
		Unchanged: 
 Data sizes:     COMRAM   BANK0   BANK1   BANK2   BANK3   BANK4   BANK5   BANK6   BANK7   BANK8   BANK9  BANK10  BANK11  BANK12  BANK13  BANK14  BANK15
      Params:         0       0       0       0       0       0       0       0       0       0       0       0       0       0       0       0       0
      Locals:         0       0       0       0       0       0       0       0       0       0       0       0       0       0       0       0       0
      Temps:          0       0       0       0       0       0       0       0       0       0       0       0       0       0       0       0       0
      Totals:         0       0       0       0       0       0       0       0       0       0       0       0       0       0       0       0       0
Total ram usage:        0 bytes
 Hardware stack levels used:    1
 Hardware stack levels required when called:    2
 This function calls:
		_INT0_CallBack
 This function is called by:
		_INTERRUPT_InterruptManagerHigh
 This function uses a non-reentrant model


 *************** function _INT0_CallBack *****************
 Defined at:
		line 41 in file "mcc_generated_files/ext_int.c"
 Parameters:    Size  Location     Type
		None
 Auto vars:     Size  Location     Type
		None
 Return value:  Size  Location     Type
                  1    wreg      void 
 Registers used:
		wreg, status,2, status,0, pclath, tosl, cstack
 Tracked objects:
		On entry : 
		On exit  : 
		Unchanged: 
 Data sizes:     COMRAM   BANK0   BANK1   BANK2   BANK3   BANK4   BANK5   BANK6   BANK7   BANK8   BANK9  BANK10  BANK11  BANK12  BANK13  BANK14  BANK15
      Params:         0       0       0       0       0       0       0       0       0       0       0       0       0       0       0       0       0
      Locals:         0       0       0       0       0       0       0       0       0       0       0       0       0       0       0       0       0
      Temps:          0       0       0       0       0       0       0       0       0       0       0       0       0       0       0       0       0
      Totals:         0       0       0       0       0       0       0       0       0       0       0       0       0       0       0       0       0
Total ram usage:        0 bytes
 Hardware stack levels used:    1
 Hardware stack levels required when called:    1
 This function calls:
		Absolute function
		_INT0_DefaultInterruptHandler
 This function is called by:
		_INT0_ISR
 This function uses a non-reentrant model


 *************** function _INT0_DefaultInterruptHandler *****************
 Defined at:
		line 54 in file "mcc_generated_files/ext_int.c"
 Parameters:    Size  Location     Type
		None
 Auto vars:     Size  Location     Type
		None
 Return value:  Size  Location     Type
                  1    wreg      void 
 Registers used:
		None
 Tracked objects:
		On entry : 
		On exit  : 
		Unchanged: 
 Data sizes:     COMRAM   BANK0   BANK1   BANK2   BANK3   BANK4   BANK5   BANK6   BANK7   BANK8   BANK9  BANK10  BANK11  BANK12  BANK13  BANK14  BANK15
      Params:         0       0       0       0       0       0       0       0       0       0       0       0       0       0       0       0       0
      Locals:         0       0       0       0       0       0       0       0       0       0       0       0       0       0       0       0       0
      Temps:          0       0       0       0       0       0       0       0       0       0       0       0       0       0       0       0       0
      Totals:         0       0       0       0       0       0       0       0       0       0       0       0       0       0       0       0       0
Total ram usage:        0 bytes
 Hardware stack levels used:    1
 This function calls:
		Nothing
 This function is called by:
		_EXT_INT_Initialize
		_INT0_CallBack
 This function uses a non-reentrant model



MODULE INFORMATION

Module		Function		Class		Link	Load	Size
mcc_generated_files/interrupt_manager.c
		_INTERRUPT_Initialize		CODE           	21B2	0000	7

mcc_generated_files/interrupt_manager.c estimated size: 7

31_March_2018.c
		_ScanInput     		CODE           	18B4	0000	157
		_main          		CODE           	15BE	0000	341
		_INTERRUPT_InterruptManagerLow		CODE           	0018	0000	201
		_INTERRUPT_InterruptManagerHigh		CODE           	0008	0000	227
		_Zigbee_data_Store_Buffer		CODE           	1E08	0000	53

31_March_2018.c estimated size: 979

mcc_generated_files/tmr0.c
		_TMR0_SetInterruptHandler		CODE           	2182	0000	15
		_TMR0_DefaultInterruptHandler		CODE           	21B8	0000	3
		_TMR0_CallBack 		CODE           	1F7E	0000	37
		_TMR0_ISR      		CODE           	219E	0000	13
		_TMR0_Initialize		CODE           	1E98	0000	43

mcc_generated_files/tmr0.c estimated size: 111

mcc_generated_files/pin_manager.c
		_PIN_MANAGER_Initialize		CODE           	1CDE	0000	67

mcc_generated_files/pin_manager.c estimated size: 67

zigbee.c
		_enable_interrupt		CODE           	2174	0000	15
		_delay         		CODE           	200A	0000	31
		_write_ZIGBEE_short		CODE           	1F36	0000	37
		_set_not_encrypt		CODE           	20B4	0000	23
		_read_ZIGBEE_short		CODE           	1EC2	0000	41
		_set_channel   		CODE           	1286	0000	449
		_set_long_address		CODE           	1DD4	0000	53
		_write_TX_normal_FIFO		CODE           	1446	0000	377
		_read_RX_FIFO  		CODE           	1004	0000	643
		_SPI_Write     		CODE           	2142	0000	19
		_set_PAN_ID    		CODE           	1E6A	0000	47
		_Delay_ms      		CODE           	2062	0000	29
		_set_frame_format_filter		CODE           	19E6	0000	147
		_set_reception_mode		CODE           	1A78	0000	113
		_start_transmit		CODE           	1B8E	0000	73
		_write_ZIGBEE_long		CODE           	1AE8	0000	85
		_set_RSSI_mode 		CODE           	1C9C	0000	67
		_set_not_ACK   		CODE           	20CA	0000	23
		_init_ZIGBEE_nonbeacon		CODE           	1F12	0000	37
		_SPI_Read      		CODE           	211E	0000	19
		_InitSPI       		CODE           	1F5A	0000	37
		_init_ZIGBEE_basic		CODE           	1950	0000	151
		_RF_reset      		CODE           	1EEA	0000	41
		_Xor_check     		CODE           	1C18	0000	67
		_set_TX_power  		CODE           	1C5A	0000	67
		_enable_PLL    		CODE           	20F6	0000	21
		_set_WAKE_from_pin		CODE           	2046	0000	29
		_Clear_Data    		CODE           	1D9E	0000	55
		_pin_wake      		CODE           	2130	0000	19
		_read_ZIGBEE_long		CODE           	1B3C	0000	83
		_nonbeacon_PAN_coordinator_device		CODE           	1D60	0000	63
		_pin_reset     		CODE           	1FC6	0000	35
		_set_short_address		CODE           	1E3C	0000	47
		_set_CCA_mode  		CODE           	17EE	0000	199

zigbee.c estimated size: 3242

mcc_generated_files/ext_int.c
		_INT0_SetInterruptHandler		CODE           	2190	0000	15
		_EXT_INT_Initialize		CODE           	209A	0000	27
		_INT0_DefaultInterruptHandler		CODE           	21BA	0000	3
		_INT0_CallBack 		CODE           	1FA2	0000	37
		_INT0_ISR      		CODE           	21AA	0000	9

mcc_generated_files/ext_int.c estimated size: 91

shared
		i2_SPI_Write   		CODE           	2154	0000	17
		_DATA_LENGHT   		SMALLCONST     	1002	0000	2
		i2_read_ZIGBEE_short		CODE           	1FE8	0000	35
		i2_Xor_check   		CODE           	1D20	0000	65
		__initialization		CODE           	1BD6	0000	57
		_HEADER_LENGHT 		SMALLCONST     	1001	0000	2
		i2_write_ZIGBEE_short		CODE           	2028	0000	31
		i2_SPI_Read    		CODE           	2164	0000	17

shared estimated size: 226

mcc_generated_files/mcc.c
		_OSCILLATOR_Initialize		CODE           	210A	0000	21
		_SYSTEM_Initialize		CODE           	20E0	0000	23

mcc_generated_files/mcc.c estimated size: 44

