Microchip MPLAB XC8 Compiler V1.45 ()

Linker command line:

-W-3 --edf=C:\Program Files\Microchip\xc8\v1.45\dat\en_msgs.txt -cs \
  -h+dist/default/debug\WaterMeter_P060917_.X.debug.sym \
  --cmf=dist/default/debug\WaterMeter_P060917_.X.debug.cmf -z -Q18F67K22 \
  -oC:\Users\DiXiT\AppData\Local\Temp\s5f8.2 \
  -Mdist/default/debug/WaterMeter_P060917_.X.debug.map -E1 -ver=XC8 \
  -ASTACK=0141h-0f15h -pstack=STACK -ACODE=00h-01FFFFh -ACONST=00h-01FFFFh \
  -ASMALLCONST=01000h-010FFhx496 \
  -AMEDIUMCONST=01000h-0FFFFh,011000h-01FFFFh -ACOMRAM=01h-05Fh \
  -AABS1=00h-0F15h -ABIGRAM=01h-0F15h \
  -ARAM=060h-0FFh,0100h-01FFhx14,0F00h-0F15h -ABANK0=060h-0FFh \
  -ABANK1=0100h-01FFh -ABANK2=0200h-02FFh -ABANK3=0300h-03FFh \
  -ABANK4=0400h-04FFh -ABANK5=0500h-05FFh -ABANK6=0600h-06FFh \
  -ABANK7=0700h-07FFh -ABANK8=0800h-08FFh -ABANK9=0900h-09FFh \
  -ABANK10=0A00h-0AFFh -ABANK11=0B00h-0BFFh -ABANK12=0C00h-0CFFh \
  -ABANK13=0D00h-0DFFh -ABANK14=0E00h-0EFFh -ABANK15=0F00h-0F15h \
  -ASFR=0F16h-0F5Fh,0F60h-0FFCh \
  -preset_vec=00h,intcode=08h,intcodelo=018h,powerup,init -pramtop=01000h \
  -psmallconst=SMALLCONST -pmediumconst=MEDIUMCONST -pconst=CONST \
  -AFARRAM=00h-00h -ACONFIG=0300000h-030000Dh -pconfig=CONFIG \
  -AIDLOC=0200000h-0200007h -pidloc=IDLOC -AEEDATA=0F00000h-0F003FFh \
  -peeprom_data=EEDATA \
  -prdata=COMRAM,nvrram=COMRAM,nvbit=COMRAM,rbss=COMRAM,rbit=COMRAM \
  -pfarbss=FARRAM,fardata=FARRAM,nvFARRAM=FARRAM \
  -pintsave_regs=BIGRAM,bigbss=BIGRAM,bigdata=BIGRAM -pbss=RAM \
  -pidata=CODE,irdata=CODE,ibigdata=CODE,ifardata=CODE -prparam=COMRAM \
  C:\Users\DiXiT\AppData\Local\Temp\s5f8.obj \
  dist/default/debug\WaterMeter_P060917_.X.debug.obj 

Object code version is 3.11

Machine type is 18F67K22

Call graph: (short form)




                Name                               Link     Load   Length Selector   Space Scale
C:\Users\DiXiT\AppData\Local\Temp\s5f8.obj
                init                                1F2      1F2        4        C       0
                reset_vec                             0        0        6        0       0
                idloc                            200000   200000        8   200000       0
                config                           300000   300000        E   300000       0
dist/default/debug\WaterMeter_P060917_.X.debug.obj
                intcodelo                            18       18      1DA        C       0
                intcode                               8        8        6        4       0
                temp                                 4B       4B        1        1       1
                smallconst                         1000     1000       F6      800       0
                text81                             32F4     32F4        2     18D8       0
                text80                             307C     307C       24      87B       0
                text79                             32E2     32E2        8     18D8       0
                text78                             3272     3272       10     18D8       0
                text77                             3262     3262       10     18D8       0
                text76                             2ABC     2ABC       52      87B       0
                text75                             3142     3142       1E      87B       0
                text74                             1B62     1B62      282      87B       0
                text73                             2D24     2D24       40      87B       0
                text72                             30C2     30C2       22      87B       0
                intcode_body                       23BE     23BE       DA      87B       0
                text70                             32F2     32F2        2     18D8       0
                text69                             3058     3058       24      87B       0
                text68                             32DA     32DA        8     18D8       0
                text67                             290C     290C       62      87B       0
                text66                             32F0     32F0        2     18D8       0
                text65                             3034     3034       24      87B       0
                text64                             2F7A     2F7A       28      87B       0
                text63                             255E     255E       B0      87B       0
                text62                             1FA4     1FA4      1AE      87B       0
                text61                             2FA2     2FA2       26      87B       0
                text60                             2F52     2F52       28      87B       0
                text59                             2A16     2A16       54      87B       0
                text57                             3124     3124       1E      87B       0
                text56                             3010     3010       24      87B       0
                text55                             2CE4     2CE4       40      87B       0
                text54                             3104     3104       20      87B       0
                text53                             2A6A     2A6A       52      87B       0
                text52                             32AC     32AC        E     18D8       0
                text51                             329E     329E        E     18D8       0
                text50                             2E4A     2E4A       32      87B       0
                text49                             32D2     32D2        8     18D8       0
                text48                             3206     3206       14     18D8       0
                text47                             2B9A     2B9A       44      87B       0
                text46                             3290     3290        E     18D8       0
                text45                             2ED8     2ED8       2A      87B       0
                text44                             31DC     31DC       16     18D8       0
                text43                             32EA     32EA        6     18D8       0
                text42                             2DDE     2DDE       38      87B       0
                text41                             30E4     30E4       20      87B       0
                text40                             2CA4     2CA4       40      87B       0
                text39                             3250     3250       12     18D8       0
                text38                             2DA2     2DA2       3C      87B       0
                text37                             27BC     27BC       72      87B       0
                text36                             32CA     32CA        8     18D8       0
                text35                             16A8     16A8      4BA      87B       0
                text34                             2736     2736       86      87B       0
                text33                             22C6     22C6       F8      87B       0
                text32                             29C2     29C2       54      87B       0
                text31                             2B56     2B56       44      87B       0
                text30                             323E     323E       12     18D8       0
                text29                             2FEC     2FEC       24      87B       0
                text28                             3282     3282        E     18D8       0
                text27                             296E     296E       54      87B       0
                text26                             31F2     31F2       14     18D8       0
                text25                             260E     260E       96      87B       0
                text24                             317C     317C       1C      87B       0
                text23                             322C     322C       12     18D8       0
                text22                             2498     2498       C6      87B       0
                text21                             2C62     2C62       42      87B       0
                text20                             2F2A     2F2A       28      87B       0
                text19                             1DE4     1DE4      1C0      87B       0
                text18                             2FC8     2FC8       24      87B       0
                text17                             32C2     32C2        8     18D8       0
                text16                             2D64     2D64       3E      87B       0
                text15                             30A0     30A0       22      87B       0
                text14                             2EAA     2EAA       2E      87B       0
                text13                             2C20     2C20       42      87B       0
                text12                             3160     3160       1C      87B       0
                text11                             26A4     26A4       92      87B       0
                text10                             2E16     2E16       34      87B       0
                text9                              282E     282E       70      87B       0
                text8                              2E7C     2E7C       2E      87B       0
                text7                              2BDE     2BDE       42      87B       0
                text6                              31C6     31C6       16     18D8       0
                text5                              31B0     31B0       16     18D8       0
                text4                              321A     321A       12     18D8       0
                text3                              2F02     2F02       28      87B       0
                text2                              2B0E     2B0E       48      87B       0
                text1                              2152     2152      174      87B       0
                text0                              10F6     10F6      5B2      87B       0
                cstackCOMRAM                         27       27       24        1       1
                cstackBANK0                          BB       BB       29       60       1
                cstackBANK1                         127      127       12      100       1
                dataBANK1                           139      139        8      100       1
                bssBANK1                            100      100       27      100       1
                dataBANK0                            E4       E4       17       60       1
                bssBANK0                             60       60       5B       60       1
                bssCOMRAM                             1        1       26        1       1
                cinit                              289E     289E       6E      87B       0
                idataBANK1                         32BA     32BA        8     18D8       0
                idataBANK0                         3198     3198       17      87B       0

TOTAL           Name                               Link     Load   Length     Space
        CLASS   STACK          

        CLASS   CODE           
                intcodelo                            18       18      1DA         0
                intcode                               8        8        6         0
                init                                1F2      1F2        4         0
                reset_vec                             0        0        6         0
                text81                             32F4     32F4        2         0
                text80                             307C     307C       24         0
                text79                             32E2     32E2        8         0
                text78                             3272     3272       10         0
                text77                             3262     3262       10         0
                text76                             2ABC     2ABC       52         0
                text75                             3142     3142       1E         0
                text74                             1B62     1B62      282         0
                text73                             2D24     2D24       40         0
                text72                             30C2     30C2       22         0
                intcode_body                       23BE     23BE       DA         0
                text70                             32F2     32F2        2         0
                text69                             3058     3058       24         0
                text68                             32DA     32DA        8         0
                text67                             290C     290C       62         0
                text66                             32F0     32F0        2         0
                text65                             3034     3034       24         0
                text64                             2F7A     2F7A       28         0
                text63                             255E     255E       B0         0
                text62                             1FA4     1FA4      1AE         0
                text61                             2FA2     2FA2       26         0
                text60                             2F52     2F52       28         0
                text59                             2A16     2A16       54         0
                text57                             3124     3124       1E         0
                text56                             3010     3010       24         0
                text55                             2CE4     2CE4       40         0
                text54                             3104     3104       20         0
                text53                             2A6A     2A6A       52         0
                text52                             32AC     32AC        E         0
                text51                             329E     329E        E         0
                text50                             2E4A     2E4A       32         0
                text49                             32D2     32D2        8         0
                text48                             3206     3206       14         0
                text47                             2B9A     2B9A       44         0
                text46                             3290     3290        E         0
                text45                             2ED8     2ED8       2A         0
                text44                             31DC     31DC       16         0
                text43                             32EA     32EA        6         0
                text42                             2DDE     2DDE       38         0
                text41                             30E4     30E4       20         0
                text40                             2CA4     2CA4       40         0
                text39                             3250     3250       12         0
                text38                             2DA2     2DA2       3C         0
                text37                             27BC     27BC       72         0
                text36                             32CA     32CA        8         0
                text35                             16A8     16A8      4BA         0
                text34                             2736     2736       86         0
                text33                             22C6     22C6       F8         0
                text32                             29C2     29C2       54         0
                text31                             2B56     2B56       44         0
                text30                             323E     323E       12         0
                text29                             2FEC     2FEC       24         0
                text28                             3282     3282        E         0
                text27                             296E     296E       54         0
                text26                             31F2     31F2       14         0
                text25                             260E     260E       96         0
                text24                             317C     317C       1C         0
                text23                             322C     322C       12         0
                text22                             2498     2498       C6         0
                text21                             2C62     2C62       42         0
                text20                             2F2A     2F2A       28         0
                text19                             1DE4     1DE4      1C0         0
                text18                             2FC8     2FC8       24         0
                text17                             32C2     32C2        8         0
                text16                             2D64     2D64       3E         0
                text15                             30A0     30A0       22         0
                text14                             2EAA     2EAA       2E         0
                text13                             2C20     2C20       42         0
                text12                             3160     3160       1C         0
                text11                             26A4     26A4       92         0
                text10                             2E16     2E16       34         0
                text9                              282E     282E       70         0
                text8                              2E7C     2E7C       2E         0
                text7                              2BDE     2BDE       42         0
                text6                              31C6     31C6       16         0
                text5                              31B0     31B0       16         0
                text4                              321A     321A       12         0
                text3                              2F02     2F02       28         0
                text2                              2B0E     2B0E       48         0
                text1                              2152     2152      174         0
                text0                              10F6     10F6      5B2         0
                cinit                              289E     289E       6E         0
                idataBANK1                         32BA     32BA        8         0
                idataBANK0                         3198     3198       17         0

        CLASS   CONST          

        CLASS   SMALLCONST     
                smallconst                         1000     1000       F6         0

        CLASS   MEDIUMCONST    

        CLASS   COMRAM         
                temp                                 4B       4B        1         1
                cstackCOMRAM                         27       27       24         1
                bssCOMRAM                             1        1       26         1

        CLASS   ABS1           

        CLASS   BIGRAM         

        CLASS   RAM            

        CLASS   BANK0          
                cstackBANK0                          BB       BB       29         1
                dataBANK0                            E4       E4       17         1
                bssBANK0                             60       60       5B         1

        CLASS   BANK1          
                cstackBANK1                         127      127       12         1
                dataBANK1                           139      139        8         1
                bssBANK1                            100      100       27         1

        CLASS   BANK2          

        CLASS   BANK3          

        CLASS   BANK4          

        CLASS   BANK5          

        CLASS   BANK6          

        CLASS   BANK7          

        CLASS   BANK8          

        CLASS   BANK9          

        CLASS   BANK10         

        CLASS   BANK11         

        CLASS   BANK12         

        CLASS   BANK13         

        CLASS   BANK14         

        CLASS   BANK15         

        CLASS   SFR            

        CLASS   FARRAM         

        CLASS   CONFIG         
                config                           300000   300000        E         0

        CLASS   IDLOC          
                idloc                            200000   200000        8         0

        CLASS   EEDATA         



SEGMENTS        Name                           Load    Length   Top    Selector   Space  Class

                reset_vec                      000000  000006  000006         0       0  CODE    
                bssCOMRAM                      000001  00004B  00004C         1       1  COMRAM  
                intcode                        000008  000006  00000E         4       0  CODE    
                intcodelo                      000018  0001DE  0001F6         C       0  CODE    
                bssBANK0                       000060  00009B  0000FB        60       1  BANK0   
                bssBANK1                       000100  000041  000141       100       1  BANK1   
                smallconst                     001000  0000F6  0010F6       800       0  SMALLCON
                text0                          0010F6  0020B9  0031AF       87B       0  CODE    
                text5                          0031B0  000146  0032F6      18D8       0  CODE    
                idloc                          200000  000008  200008    200000       0  IDLOC   
                config                         300000  00000E  30000E    300000       0  CONFIG  


UNUSED ADDRESS RANGES

        Name                Unused          Largest block    Delta
        BANK0            0000FB-0000FF                5
        BANK1            000141-0001FF               BF
        BANK10           000A00-000AFF              100
        BANK11           000B00-000BFF              100
        BANK12           000C00-000CFF              100
        BANK13           000D00-000DFF              100
        BANK14           000E00-000EFF              100
        BANK15           000F00-000F15               16
        BANK2            000200-0002FF              100
        BANK3            000300-0003FF              100
        BANK4            000400-0004FF              100
        BANK5            000500-0005FF              100
        BANK6            000600-0006FF              100
        BANK7            000700-0007FF              100
        BANK8            000800-0008FF              100
        BANK9            000900-0009FF              100
        BIGRAM           00004C-00005F               14
                         0000FB-0000FF                5
                         000141-000F15              DD5
        CODE             000006-000007                2
                         00000E-000017                A
                         0001F6-000FFF              E0A
                         0031AF-0031AF                1
                         0032F6-01FFFF            1CD0A
        COMRAM           00004C-00005F               14
        CONST            000006-000007                2
                         00000E-000017                A
                         0001F6-000FFF              E0A
                         0031AF-0031AF                1
                         0032F6-01FFFF            1CD0A
        EEDATA           F00000-F003FF              400
        MEDIUMCONST      0031AF-0031AF                1
                         0032F6-00FFFF             CD0A
                         011000-01FFFF             F000
        RAM              0000FB-0000FF                5
                         000141-000F15              100
        SFR              000F16-000FFC               4A
        SMALLCONST       0031AF-0031AF                1
                         0032F6-01FFFF              100
        STACK            000141-000F15              DD5

                                  Symbol Table

?_Xor_check                                cstackBANK1  000127
?___awdiv                                  cstackBANK1  000127
?___awmod                                  cstackBANK1  000127
?___ftadd                                  cstackBANK0  0000C3
?___ftpack                                 cstackBANK0  0000BB
?___fttol                                  cstackBANK1  000127
?___lwdiv                                  cstackBANK1  000127
?___lwmod                                  cstackBANK1  000127
?___lwtoft                                 cstackBANK0  0000C8
?___wmul                                   cstackBANK0  0000BB
?i1___lwdiv                                cstackBANK0  0000C1
?i2_Xor_check                              cstackCOMRAM 000027
Delay_ms@time                              cstackBANK1  000127
Delay_ms@y                                 cstackBANK1  000129
Delayms1@i                                 cstackBANK1  000129
Delayms1@j                                 cstackBANK1  00012B
Delayms1@time                              cstackBANK1  000127
Delayms@k                                  cstackBANK1  000129
Delayms@l                                  cstackBANK1  00012B
Delayms@time                               cstackBANK1  000127
INT0_SetInterruptHandler@InterruptHandler  cstackBANK1  000127
INT1_SetInterruptHandler@InterruptHandler  cstackBANK1  000127
LcdCmd@value                               cstackBANK1  00012D
LcdData@value                              cstackBANK1  00012D
LcdDisplay@LINE                            cstackBANK1  000130
LcdDisplay@string                          cstackBANK1  00012E
Read_b_eep2@badd                           cstackBANK1  000127
SPI_Read@TempVar                           cstackBANK1  000127
SPI_Write@command                          cstackBANK1  000128
SPI_Write@response                         cstackBANK1  000127
ScanInput@portread                         cstackBANK0  0000BB
ScanInput@temp                             cstackBANK0  0000BC
ScanInput@x                                cstackBANK0  0000BD
Set_DeviceId@ID1                           cstackBANK1  000133
Set_DeviceId@fail                          cstackBANK1  000135
Set_DeviceId@i                             cstackBANK1  000138
Set_DeviceId@j                             cstackBANK1  000136
Set_DeviceId@n                             cstackBANK1  000137
TMR0_ISR@CountCallBack                     bssBANK0     00009A
TMR0_SetInterruptHandler@InterruptHandler  cstackBANK1  000127
Write_b_eep2@GIE_BIT_VAL                   cstackBANK1  00012A
Write_b_eep2@badd                          cstackBANK1  000127
Write_b_eep2@data                          cstackBANK1  000129
Xor_check@data_value                       cstackBANK1  000127
Xor_check@length                           cstackBANK1  000129
Xor_check@xor                              cstackBANK1  00012D
Xor_check@xor_value                        cstackBANK1  00012B
_ADDRESS_long_1                            dataBANK1    000139
_ADDRESS_long_2                            dataBANK0    0000EF
_ADDRESS_short_1                           dataBANK0    0000EA
_ADDRESS_short_2                           dataBANK0    0000F9
_ANCON0                                    (abs)        000F25
_ANCON1                                    (abs)        000F24
_ANCON2                                    (abs)        000F23
_Busy_eep2                                 text43       0032EA
_CHECK                                     bssBANK0     0000AE
_COUNT                                     bssBANK0     000088
_CRC                                       bssBANK0     000092
_CheckPassword                             bssBANK0     00006A
_ConfigModeEntered                         bssBANK0     0000A6
_Count1                                    bssCOMRAM    000025
_Count2                                    bssCOMRAM    000024
_Count_LED                                 bssCOMRAM    000011
_DATA                                      bssCOMRAM    000022
_DATA_LENGHT                               smallconst   001002
_DATA_RX                                   bssBANK0     0000B0
_DATA_TX                                   bssBANK0     0000B8
_Decrement                                 bssBANK0     00008A
_Delay_ms                                  text24       00317C
_Delayms                                   text55       002CE4
_Delayms1                                  text42       002DDE
_DeviceId_arr                              bssBANK0     0000B5
_Device_ID                                 bssCOMRAM    00001D
_Digit                                     bssBANK0     0000A1
_EEADR                                     (abs)        000F62
_EECON1bits                                (abs)        000F7F
_EECON2                                    (abs)        000F7E
_EEDATA                                    (abs)        000F61
_ENTERCOUNT                                bssBANK0     000086
_ERROR                                     bssCOMRAM    000013
_EXT_INT_Initialize                        text50       002E4A
_Enter                                     bssBANK0     0000A4
_F_BUZZER                                  bssBANK0     0000AC
_F_ERROR                                   bssCOMRAM    000012
_F_Enter                                   bssCOMRAM    000001
_F_ID_SEND                                 bssBANK0     0000AA
_F_ID_Send                                 bssCOMRAM    000004
_F_IdSet                                   bssCOMRAM    000018
_F_Input                                   bssCOMRAM    00001B
_F_SetID                                   bssCOMRAM    00000F
_F_Success                                 bssBANK0     0000A5
_F_TimerCounting                           bssCOMRAM    000002
_Flow_Rate                                 bssBANK0     000080
_HEADER_LENGHT                             smallconst   001001
_ID_READ                                   bssCOMRAM    000005
_ID_SET                                    bssCOMRAM    00000E
_INPUT_DS                                  dataBANK0    0000E4
_INPUT_PS                                  dataBANK0    0000E6
_INT0_CallBack                             text80       00307C
_INT0_DefaultInterruptHandler              text81       0032F4
_INT0_ISR                                  text79       0032E2
_INT0_InterruptHandler                     bssBANK0     00006D
_INT0_SetInterruptHandler                  text52       0032AC
_INT1_CallBack                             text69       003058
_INT1_DefaultInterruptHandler              text70       0032F2
_INT1_ISR                                  text68       0032DA
_INT1_InterruptHandler                     bssBANK0     000070
_INT1_SetInterruptHandler                  text51       00329E
_INTCON2bits                               (abs)        000FF1
_INTCON3bits                               (abs)        000FF0
_INTCONbits                                (abs)        000FF2
_INTERRUPT_Initialize                      text49       0032D2
_INTERRUPT_InterruptManagerHigh            intcode      000008
_INTERRUPT_InterruptManagerLow             intcodelo    000018
_INTTRUPT                                  bssCOMRAM    000026
_IdByte1                                   bssBANK0     00009F
_IdByte2                                   bssBANK0     00009E
_IdByte3                                   bssBANK0     00009D
_Increment                                 bssBANK0     00008C
_InitSPI                                   text56       003010
_InputRead                                 bssCOMRAM    000019
_LATA                                      (abs)        000F89
_LATB                                      (abs)        000F8A
_LATC                                      (abs)        000F8B
_LATD                                      (abs)        000F8C
_LATE                                      (abs)        000F8D
_LATF                                      (abs)        000F8E
_LATG                                      (abs)        000F8F
_LENGTH                                    bssCOMRAM    000023
_LQI                                       bssCOMRAM    000020
_LcdCmd                                    text54       003104
_LcdData                                   text41       0030E4
_LcdDisplay                                text40       002CA4
_LcdInit                                   text53       002A6A
_Module_ID                                 bssBANK0     0000A3
_Nilp                                      bssCOMRAM    000006
_Num                                       bssBANK0     000084
_OSCCON                                    (abs)        000FD3
_OSCCON2                                   (abs)        000F64
_OSCILLATOR_Initialize                     text48       003206
_OSCTUNE                                   (abs)        000F9B
_PAN_ID_1                                  dataBANK0    0000E8
_PAN_ID_2                                  dataBANK0    0000F7
_PIN_MANAGER_Initialize                    text47       002B9A
_PIR1bits                                  (abs)        000F9E
_PORTAbits                                 (abs)        000F80
_PORTCbits                                 (abs)        000F82
_PORTE                                     (abs)        000F84
_PORTEbits                                 (abs)        000F84
_PORTFbits                                 (abs)        000F85
_PORTG                                     (abs)        000F86
_PORTGX                                    bssCOMRAM    000003
_Portread                                  bssCOMRAM    00001A
_Pulse                                     bssBANK0     000076
_RCONbits                                  (abs)        000FD0
_REFOCON                                   (abs)        000F2A
_RF_reset                                  text20       002F2A
_RSSI2                                     bssCOMRAM    00001F
_Read_b_eep2                               text39       003250
_Rv_CRC                                    bssBANK0     000096
_SEQ_NUMBER                                dataBANK0    0000EE
_SPI_Read                                  text4        00321A
_SPI_Write                                 text30       00323E
_SSP1BUF                                   (abs)        000FC9
_SSP1CON1bits                              (abs)        000FC6
_SSP1STATbits                              (abs)        000FC7
_SYSTEM_Initialize                         text44       0031DC
_ScanInput                                 text67       00290C
_SendId                                    bssBANK0     0000A2
_Send_Frame                                bssBANK0     0000A9
_Send_Frame_2                              bssBANK0     0000A8
_Set_DeviceId                              text35       0016A8
_Store                                     bssCOMRAM    000015
_Store_DATA                                bssBANK0     000060
_T                                         bssCOMRAM    000010
_T0CON                                     (abs)        000FD5
_T0CONbits                                 (abs)        000FD5
_TMR0H                                     (abs)        000FD7
_TMR0L                                     (abs)        000FD6
_TMR0_CallBack                             text65       003034
_TMR0_DefaultInterruptHandler              text66       0032F0
_TMR0_ISR                                  text64       002F7A
_TMR0_Initialize                           text45       002ED8
_TMR0_InterruptHandler                     bssBANK0     000073
_TMR0_SetInterruptHandler                  text46       003290
_TRISA                                     (abs)        000F92
_TRISB                                     (abs)        000F93
_TRISC                                     (abs)        000F94
_TRISCbits                                 (abs)        000F94
_TRISD                                     (abs)        000F95
_TRISE                                     (abs)        000F96
_TRISF                                     (abs)        000F97
_TRISG                                     (abs)        000F98
_TX_CRC                                    bssBANK0     000094
_TX_ID                                     bssCOMRAM    00000C
_T_BUZZER                                  bssBANK0     0000AB
_T_ERROR                                   bssBANK0     000090
_T_ID_Send                                 bssCOMRAM    00000D
_T_Input                                   bssCOMRAM    00001C
_T_Ltr                                     bssBANK0     000078
_Tick                                      bssCOMRAM    00000B
_Time                                      bssBANK0     00007E
_Time2                                     bssBANK0     00007C
_Trick                                     bssCOMRAM    00000A
_VALUE                                     bssCOMRAM    000008
_V_Temp                                    bssBANK0     00009C
_Write_b_eep2                              text38       002DA2
_Xor_check                                 text7        002BDE
__CFG_BBSIZ$BB2K                           (abs)        000000
__CFG_BOREN$SBORDIS                        (abs)        000000
__CFG_BORPWR$ZPBORMV                       (abs)        000000
__CFG_BORV$3                               (abs)        000000
__CFG_CCP2MX$PORTC                         (abs)        000000
__CFG_CP0$OFF                              (abs)        000000
__CFG_CP1$OFF                              (abs)        000000
__CFG_CP2$OFF                              (abs)        000000
__CFG_CP3$OFF                              (abs)        000000
__CFG_CP4$OFF                              (abs)        000000
__CFG_CP5$OFF                              (abs)        000000
__CFG_CP6$OFF                              (abs)        000000
__CFG_CP7$OFF                              (abs)        000000
__CFG_CPB$OFF                              (abs)        000000
__CFG_CPD$OFF                              (abs)        000000
__CFG_DEBUG$OFF                            (abs)        000000
__CFG_EBRT0$OFF                            (abs)        000000
__CFG_EBRT1$OFF                            (abs)        000000
__CFG_EBRT2$OFF                            (abs)        000000
__CFG_EBRT3$OFF                            (abs)        000000
__CFG_EBRT4$OFF                            (abs)        000000
__CFG_EBRT5$OFF                            (abs)        000000
__CFG_EBRT6$OFF                            (abs)        000000
__CFG_EBRT7$OFF                            (abs)        000000
__CFG_EBRTB$OFF                            (abs)        000000
__CFG_FCMEN$OFF                            (abs)        000000
__CFG_FOSC$HS1                             (abs)        000000
__CFG_IESO$OFF                             (abs)        000000
__CFG_INTOSCSEL$HIGH                       (abs)        000000
__CFG_MCLRE$ON                             (abs)        000000
__CFG_MSSPMSK$MSK7                         (abs)        000000
__CFG_PLLCFG$ON                            (abs)        000000
__CFG_PWRTEN$OFF                           (abs)        000000
__CFG_RETEN$ON                             (abs)        000000
__CFG_RTCOSC$SOSCREF                       (abs)        000000
__CFG_SOSCSEL$DIG                          (abs)        000000
__CFG_STVREN$ON                            (abs)        000000
__CFG_WDTEN$OFF                            (abs)        000000
__CFG_WDTPS$1048576                        (abs)        000000
__CFG_WRT0$OFF                             (abs)        000000
__CFG_WRT1$OFF                             (abs)        000000
__CFG_WRT2$OFF                             (abs)        000000
__CFG_WRT3$OFF                             (abs)        000000
__CFG_WRT4$OFF                             (abs)        000000
__CFG_WRT5$OFF                             (abs)        000000
__CFG_WRT6$OFF                             (abs)        000000
__CFG_WRT7$OFF                             (abs)        000000
__CFG_WRTB$OFF                             (abs)        000000
__CFG_WRTC$OFF                             (abs)        000000
__CFG_WRTD$OFF                             (abs)        000000
__CFG_XINST$OFF                            (abs)        000000
__HRAM                                     (abs)        000000
__Habs1                                    abs1         000000
__Hbank0                                   bank0        000000
__Hbank1                                   bank1        000000
__Hbank10                                  bank10       000000
__Hbank11                                  bank11       000000
__Hbank12                                  bank12       000000
__Hbank13                                  bank13       000000
__Hbank14                                  bank14       000000
__Hbank15                                  bank15       000000
__Hbank2                                   bank2        000000
__Hbank3                                   bank3        000000
__Hbank4                                   bank4        000000
__Hbank5                                   bank5        000000
__Hbank6                                   bank6        000000
__Hbank7                                   bank7        000000
__Hbank8                                   bank8        000000
__Hbank9                                   bank9        000000
__Hbigbss                                  bigbss       000000
__Hbigdata                                 bigdata      000000
__Hbigram                                  bigram       000000
__Hbss                                     bss          000000
__HbssBANK0                                bssBANK0     000000
__HbssBANK1                                bssBANK1     000000
__HbssCOMRAM                               bssCOMRAM    000000
__Hcinit                                   cinit        000000
__Hclrtext                                 clrtext      000000
__Hcomram                                  comram       000000
__Hconfig                                  config       30000E
__Hconst                                   const        000000
__HcstackBANK0                             cstackBANK0  000000
__HcstackBANK1                             cstackBANK1  000000
__HcstackCOMRAM                            cstackCOMRAM 000000
__Hdata                                    data         000000
__HdataBANK0                               dataBANK0    000000
__HdataBANK1                               dataBANK1    000000
__Heeprom_data                             eeprom_data  000000
__Hfarbss                                  farbss       000000
__Hfardata                                 fardata      000000
__Hibigdata                                ibigdata     000000
__Hidata                                   idata        000000
__HidataBANK0                              idataBANK0   000000
__HidataBANK1                              idataBANK1   000000
__Hidloc                                   idloc        200008
__Hifardata                                ifardata     000000
__Hinit                                    init         0001F6
__Hintcode                                 intcode      00000E
__Hintcode_body                            intcode_body 000000
__Hintcodelo                               intcodelo    0001F2
__Hintentry                                intentry     000000
__Hintret                                  intret       000000
__Hintsave_regs                            intsave_regs 000000
__Hirdata                                  irdata       000000
__Hmediumconst                             mediumconst  000000
__HnvFARRAM                                nvFARRAM     000000
__Hnvbit                                   nvbit        000000
__Hnvrram                                  nvrram       000000
__Hparam                                   rparam       000000
__Hpowerup                                 powerup      0001F2
__Hram                                     ram          000000
__Hramtop                                  ramtop       001000
__Hrbit                                    rbit         000000
__Hrbss                                    rbss         000000
__Hrdata                                   rdata        000000
__Hreset_vec                               reset_vec    000006
__Hrparam                                  rparam       000000
__Hsfr                                     sfr          000000
__Hsmallconst                              smallconst   0010F6
__Hspace_0                                 (abs)        30000E
__Hspace_1                                 (abs)        000141
__Hspace_2                                 (abs)        000000
__Hstack                                   stack        000000
__Hstruct                                  struct       000000
__Htemp                                    temp         00004C
__Htext                                    text         000000
__Htext0                                   text0        000000
__Htext1                                   text1        000000
__Htext10                                  text10       000000
__Htext11                                  text11       000000
__Htext12                                  text12       000000
__Htext13                                  text13       000000
__Htext14                                  text14       000000
__Htext15                                  text15       000000
__Htext16                                  text16       000000
__Htext17                                  text17       000000
__Htext18                                  text18       000000
__Htext19                                  text19       000000
__Htext2                                   text2        000000
__Htext20                                  text20       000000
__Htext21                                  text21       000000
__Htext22                                  text22       000000
__Htext23                                  text23       000000
__Htext24                                  text24       000000
__Htext25                                  text25       000000
__Htext26                                  text26       000000
__Htext27                                  text27       000000
__Htext28                                  text28       000000
__Htext29                                  text29       000000
__Htext3                                   text3        000000
__Htext30                                  text30       000000
__Htext31                                  text31       000000
__Htext32                                  text32       000000
__Htext33                                  text33       000000
__Htext34                                  text34       000000
__Htext35                                  text35       000000
__Htext36                                  text36       000000
__Htext37                                  text37       000000
__Htext38                                  text38       000000
__Htext39                                  text39       000000
__Htext4                                   text4        000000
__Htext40                                  text40       000000
__Htext41                                  text41       000000
__Htext42                                  text42       000000
__Htext43                                  text43       000000
__Htext44                                  text44       000000
__Htext45                                  text45       000000
__Htext46                                  text46       000000
__Htext47                                  text47       000000
__Htext48                                  text48       000000
__Htext49                                  text49       000000
__Htext5                                   text5        000000
__Htext50                                  text50       000000
__Htext51                                  text51       000000
__Htext52                                  text52       000000
__Htext53                                  text53       000000
__Htext54                                  text54       000000
__Htext55                                  text55       000000
__Htext56                                  text56       000000
__Htext57                                  text57       000000
__Htext59                                  text59       000000
__Htext6                                   text6        000000
__Htext60                                  text60       000000
__Htext61                                  text61       000000
__Htext62                                  text62       000000
__Htext63                                  text63       000000
__Htext64                                  text64       000000
__Htext65                                  text65       000000
__Htext66                                  text66       000000
__Htext67                                  text67       000000
__Htext68                                  text68       000000
__Htext69                                  text69       000000
__Htext7                                   text7        000000
__Htext70                                  text70       000000
__Htext72                                  text72       000000
__Htext73                                  text73       000000
__Htext74                                  text74       000000
__Htext75                                  text75       000000
__Htext76                                  text76       000000
__Htext77                                  text77       000000
__Htext78                                  text78       000000
__Htext79                                  text79       000000
__Htext8                                   text8        000000
__Htext80                                  text80       000000
__Htext81                                  text81       000000
__Htext82                                  text82       000000
__Htext9                                   text9        000000
__LRAM                                     (abs)        000001
__Labs1                                    abs1         000000
__Lbank0                                   bank0        000000
__Lbank1                                   bank1        000000
__Lbank10                                  bank10       000000
__Lbank11                                  bank11       000000
__Lbank12                                  bank12       000000
__Lbank13                                  bank13       000000
__Lbank14                                  bank14       000000
__Lbank15                                  bank15       000000
__Lbank2                                   bank2        000000
__Lbank3                                   bank3        000000
__Lbank4                                   bank4        000000
__Lbank5                                   bank5        000000
__Lbank6                                   bank6        000000
__Lbank7                                   bank7        000000
__Lbank8                                   bank8        000000
__Lbank9                                   bank9        000000
__Lbigbss                                  bigbss       000000
__Lbigdata                                 bigdata      000000
__Lbigram                                  bigram       000000
__Lbss                                     bss          000000
__LbssBANK0                                bssBANK0     000000
__LbssBANK1                                bssBANK1     000000
__LbssCOMRAM                               bssCOMRAM    000000
__Lcinit                                   cinit        000000
__Lclrtext                                 clrtext      000000
__Lcomram                                  comram       000000
__Lconfig                                  config       300000
__Lconst                                   const        000000
__LcstackBANK0                             cstackBANK0  000000
__LcstackBANK1                             cstackBANK1  000000
__LcstackCOMRAM                            cstackCOMRAM 000000
__Ldata                                    data         000000
__LdataBANK0                               dataBANK0    000000
__LdataBANK1                               dataBANK1    000000
__Leeprom_data                             eeprom_data  000000
__Lfarbss                                  farbss       000000
__Lfardata                                 fardata      000000
__Libigdata                                ibigdata     000000
__Lidata                                   idata        000000
__LidataBANK0                              idataBANK0   000000
__LidataBANK1                              idataBANK1   000000
__Lidloc                                   idloc        200000
__Lifardata                                ifardata     000000
__Linit                                    init         0001F2
__Lintcode                                 intcode      000008
__Lintcode_body                            intcode_body 000000
__Lintcodelo                               intcodelo    000018
__Lintentry                                intentry     000000
__Lintret                                  intret       000000
__Lintsave_regs                            intsave_regs 000000
__Lirdata                                  irdata       000000
__Lmediumconst                             mediumconst  000000
__LnvFARRAM                                nvFARRAM     000000
__Lnvbit                                   nvbit        000000
__Lnvrram                                  nvrram       000000
__Lparam                                   rparam       000000
__Lpowerup                                 powerup      0001F2
__Lram                                     ram          000000
__Lramtop                                  ramtop       001000
__Lrbit                                    rbit         000000
__Lrbss                                    rbss         000000
__Lrdata                                   rdata        000000
__Lreset_vec                               reset_vec    000000
__Lrparam                                  rparam       000000
__Lsfr                                     sfr          000000
__Lsmallconst                              smallconst   001000
__Lspace_0                                 (abs)        000000
__Lspace_1                                 (abs)        000000
__Lspace_2                                 (abs)        000000
__Lstack                                   stack        000000
__Lstruct                                  struct       000000
__Ltemp                                    temp         00004B
__Ltext                                    text         000000
__Ltext0                                   text0        000000
__Ltext1                                   text1        000000
__Ltext10                                  text10       000000
__Ltext11                                  text11       000000
__Ltext12                                  text12       000000
__Ltext13                                  text13       000000
__Ltext14                                  text14       000000
__Ltext15                                  text15       000000
__Ltext16                                  text16       000000
__Ltext17                                  text17       000000
__Ltext18                                  text18       000000
__Ltext19                                  text19       000000
__Ltext2                                   text2        000000
__Ltext20                                  text20       000000
__Ltext21                                  text21       000000
__Ltext22                                  text22       000000
__Ltext23                                  text23       000000
__Ltext24                                  text24       000000
__Ltext25                                  text25       000000
__Ltext26                                  text26       000000
__Ltext27                                  text27       000000
__Ltext28                                  text28       000000
__Ltext29                                  text29       000000
__Ltext3                                   text3        000000
__Ltext30                                  text30       000000
__Ltext31                                  text31       000000
__Ltext32                                  text32       000000
__Ltext33                                  text33       000000
__Ltext34                                  text34       000000
__Ltext35                                  text35       000000
__Ltext36                                  text36       000000
__Ltext37                                  text37       000000
__Ltext38                                  text38       000000
__Ltext39                                  text39       000000
__Ltext4                                   text4        000000
__Ltext40                                  text40       000000
__Ltext41                                  text41       000000
__Ltext42                                  text42       000000
__Ltext43                                  text43       000000
__Ltext44                                  text44       000000
__Ltext45                                  text45       000000
__Ltext46                                  text46       000000
__Ltext47                                  text47       000000
__Ltext48                                  text48       000000
__Ltext49                                  text49       000000
__Ltext5                                   text5        000000
__Ltext50                                  text50       000000
__Ltext51                                  text51       000000
__Ltext52                                  text52       000000
__Ltext53                                  text53       000000
__Ltext54                                  text54       000000
__Ltext55                                  text55       000000
__Ltext56                                  text56       000000
__Ltext57                                  text57       000000
__Ltext59                                  text59       000000
__Ltext6                                   text6        000000
__Ltext60                                  text60       000000
__Ltext61                                  text61       000000
__Ltext62                                  text62       000000
__Ltext63                                  text63       000000
__Ltext64                                  text64       000000
__Ltext65                                  text65       000000
__Ltext66                                  text66       000000
__Ltext67                                  text67       000000
__Ltext68                                  text68       000000
__Ltext69                                  text69       000000
__Ltext7                                   text7        000000
__Ltext70                                  text70       000000
__Ltext72                                  text72       000000
__Ltext73                                  text73       000000
__Ltext74                                  text74       000000
__Ltext75                                  text75       000000
__Ltext76                                  text76       000000
__Ltext77                                  text77       000000
__Ltext78                                  text78       000000
__Ltext79                                  text79       000000
__Ltext8                                   text8        000000
__Ltext80                                  text80       000000
__Ltext81                                  text81       000000
__Ltext82                                  text82       000000
__Ltext9                                   text9        000000
__S0                                       (abs)        30000E
__S1                                       (abs)        000141
__S2                                       (abs)        000000
___awdiv                                   text34       002736
___awdiv@counter                           cstackBANK1  00012B
___awdiv@dividend                          cstackBANK1  000127
___awdiv@divisor                           cstackBANK1  000129
___awdiv@quotient                          cstackBANK1  00012D
___awdiv@sign                              cstackBANK1  00012C
___awmod                                   text37       0027BC
___awmod@counter                           cstackBANK1  00012B
___awmod@dividend                          cstackBANK1  000127
___awmod@divisor                           cstackBANK1  000129
___awmod@sign                              cstackBANK1  00012C
___ftadd                                   text62       001FA4
___ftadd@exp1                              cstackBANK0  0000CE
___ftadd@exp2                              cstackBANK0  0000CD
___ftadd@f1                                cstackBANK0  0000C3
___ftadd@f2                                cstackBANK0  0000C6
___ftadd@sign                              cstackBANK0  0000CC
___ftpack                                  text63       00255E
___ftpack@arg                              cstackBANK0  0000BB
___ftpack@exp                              cstackBANK0  0000BE
___ftpack@sign                             cstackBANK0  0000BF
___fttol                                   text33       0022C6
___fttol@exp1                              cstackBANK1  000135
___fttol@f1                                cstackBANK1  000127
___fttol@lval                              cstackBANK1  000131
___fttol@sign1                             cstackBANK1  000130
___inthi_sp                                stack        000000
___intlo_sp                                stack        000000
___lwdiv                                   text32       0029C2
___lwdiv@counter                           cstackBANK1  00012B
___lwdiv@dividend                          cstackBANK1  000127
___lwdiv@divisor                           cstackBANK1  000129
___lwdiv@quotient                          cstackBANK1  00012C
___lwmod                                   text31       002B56
___lwmod@counter                           cstackBANK1  00012B
___lwmod@dividend                          cstackBANK1  000127
___lwmod@divisor                           cstackBANK1  000129
___lwtoft                                  text61       002FA2
___lwtoft@c                                cstackBANK0  0000C8
___param_bank                              (abs)        000000
___rparam_used                             (abs)        000001
___sp                                      stack        000000
___wmul                                    text60       002F52
___wmul@multiplicand                       cstackBANK0  0000BD
___wmul@multiplier                         cstackBANK0  0000BB
___wmul@product                            cstackBANK0  0000BF
__accesstop                                (abs)        000060
__activetblptr                             (abs)        000003
__end_of_Busy_eep2                         text43       0032F0
__end_of_DATA_LENGHT                       smallconst   001003
__end_of_Delay_ms                          text24       003198
__end_of_Delayms                           text55       002D24
__end_of_Delayms1                          text42       002E16
__end_of_EXT_INT_Initialize                text50       002E7C
__end_of_HEADER_LENGHT                     smallconst   001002
__end_of_INT0_CallBack                     text80       0030A0
__end_of_INT0_DefaultInterruptHandler      text81       0032F6
__end_of_INT0_ISR                          text79       0032EA
__end_of_INT0_SetInterruptHandler          text52       0032BA
__end_of_INT1_CallBack                     text69       00307C
__end_of_INT1_DefaultInterruptHandler      text70       0032F4
__end_of_INT1_ISR                          text68       0032E2
__end_of_INT1_SetInterruptHandler          text51       0032AC
__end_of_INTERRUPT_Initialize              text49       0032DA
__end_of_INTERRUPT_InterruptManagerHigh    intcode_body 002498
__end_of_INTERRUPT_InterruptManagerLow     intcodelo    0001F2
__end_of_InitSPI                           text56       003034
__end_of_LcdCmd                            text54       003124
__end_of_LcdData                           text41       003104
__end_of_LcdDisplay                        text40       002CE4
__end_of_LcdInit                           text53       002ABC
__end_of_OSCILLATOR_Initialize             text48       00321A
__end_of_PIN_MANAGER_Initialize            text47       002BDE
__end_of_RF_reset                          text20       002F52
__end_of_Read_b_eep2                       text39       003262
__end_of_SPI_Read                          text4        00322C
__end_of_SPI_Write                         text30       003250
__end_of_SYSTEM_Initialize                 text44       0031F2
__end_of_ScanInput                         text67       00296E
__end_of_Set_DeviceId                      text35       001B62
__end_of_TMR0_CallBack                     text65       003058
__end_of_TMR0_DefaultInterruptHandler      text66       0032F2
__end_of_TMR0_ISR                          text64       002FA2
__end_of_TMR0_Initialize                   text45       002F02
__end_of_TMR0_SetInterruptHandler          text46       00329E
__end_of_Write_b_eep2                      text38       002DDE
__end_of_Xor_check                         text7        002C20
__end_of___awdiv                           text34       0027BC
__end_of___awmod                           text37       00282E
__end_of___ftadd                           text62       002152
__end_of___ftpack                          text63       00260E
__end_of___fttol                           text33       0023BE
__end_of___lwdiv                           text32       002A16
__end_of___lwmod                           text31       002B9A
__end_of___lwtoft                          text61       002FC8
__end_of___wmul                            text60       002F7A
__end_of__initialization                   cinit        002902
__end_of_delay                             text57       003142
__end_of_enable_PLL                        text26       003206
__end_of_enable_interrupt                  text28       003290
__end_of_init_ZIGBEE_basic                 text25       0026A4
__end_of_init_ZIGBEE_nonbeacon             text18       002FEC
__end_of_lcd_clear                         text36       0032D2
__end_of_lcd_off_cursor                    text17       0032CA
__end_of_main                              text0        0016A8
__end_of_nonbeacon_PAN_coordinator_device  text16       002DA2
__end_of_pin_reset                         text15       0030C2
__end_of_pin_wake                          text23       00323E
__end_of_read_RX_FIFO                      text74       001DE4
__end_of_read_ZIGBEE_long                  text76       002B0E
__end_of_read_ZIGBEE_short                 text3        002F2A
__end_of_set_CCA_mode                      text22       00255E
__end_of_set_PAN_ID                        text14       002ED8
__end_of_set_RSSI_mode                     text21       002CA4
__end_of_set_TX_power                      text13       002C62
__end_of_set_WAKE_from_pin                 text12       00317C
__end_of_set_channel                       text19       001FA4
__end_of_set_frame_format_filter           text11       002736
__end_of_set_long_address                  text10       002E4A
__end_of_set_not_ACK                       text6        0031DC
__end_of_set_not_encrypt                   text5        0031C6
__end_of_set_reception_mode                text9        00289E
__end_of_set_short_address                 text8        002EAA
__end_of_start_transmit                    text2        002B56
__end_of_write_TX_normal_FIFO              text1        0022C6
__end_of_write_ZIGBEE_long                 text27       0029C2
__end_of_write_ZIGBEE_short                text29       003010
__end_ofi1___lwdiv                         text59       002A6A
__end_ofi2_SPI_Read                        text78       003282
__end_ofi2_SPI_Write                       text77       003272
__end_ofi2_Xor_check                       text73       002D64
__end_ofi2_read_ZIGBEE_short               text72       0030E4
__end_ofi2_write_ZIGBEE_short              text75       003160
__initialization                           cinit        00289E
__mediumconst                              mediumconst  000000
__pbssBANK0                                bssBANK0     000060
__pbssBANK1                                bssBANK1     000100
__pbssCOMRAM                               bssCOMRAM    000001
__pcinit                                   cinit        00289E
__pcstackBANK0                             cstackBANK0  0000BB
__pcstackBANK1                             cstackBANK1  000127
__pcstackCOMRAM                            cstackCOMRAM 000027
__pdataBANK0                               dataBANK0    0000E4
__pdataBANK1                               dataBANK1    000139
__pidataBANK0                              idataBANK0   003198
__pidataBANK1                              idataBANK1   0032BA
__pintcode                                 intcode      000008
__pintcode_body                            intcode_body 0023BE
__pintcodelo                               intcodelo    000018
__psmallconst                              smallconst   001000
__ptext0                                   text0        0010F6
__ptext1                                   text1        002152
__ptext10                                  text10       002E16
__ptext11                                  text11       0026A4
__ptext12                                  text12       003160
__ptext13                                  text13       002C20
__ptext14                                  text14       002EAA
__ptext15                                  text15       0030A0
__ptext16                                  text16       002D64
__ptext17                                  text17       0032C2
__ptext18                                  text18       002FC8
__ptext19                                  text19       001DE4
__ptext2                                   text2        002B0E
__ptext20                                  text20       002F2A
__ptext21                                  text21       002C62
__ptext22                                  text22       002498
__ptext23                                  text23       00322C
__ptext24                                  text24       00317C
__ptext25                                  text25       00260E
__ptext26                                  text26       0031F2
__ptext27                                  text27       00296E
__ptext28                                  text28       003282
__ptext29                                  text29       002FEC
__ptext3                                   text3        002F02
__ptext30                                  text30       00323E
__ptext31                                  text31       002B56
__ptext32                                  text32       0029C2
__ptext33                                  text33       0022C6
__ptext34                                  text34       002736
__ptext35                                  text35       0016A8
__ptext36                                  text36       0032CA
__ptext37                                  text37       0027BC
__ptext38                                  text38       002DA2
__ptext39                                  text39       003250
__ptext4                                   text4        00321A
__ptext40                                  text40       002CA4
__ptext41                                  text41       0030E4
__ptext42                                  text42       002DDE
__ptext43                                  text43       0032EA
__ptext44                                  text44       0031DC
__ptext45                                  text45       002ED8
__ptext46                                  text46       003290
__ptext47                                  text47       002B9A
__ptext48                                  text48       003206
__ptext49                                  text49       0032D2
__ptext5                                   text5        0031B0
__ptext50                                  text50       002E4A
__ptext51                                  text51       00329E
__ptext52                                  text52       0032AC
__ptext53                                  text53       002A6A
__ptext54                                  text54       003104
__ptext55                                  text55       002CE4
__ptext56                                  text56       003010
__ptext57                                  text57       003124
__ptext59                                  text59       002A16
__ptext6                                   text6        0031C6
__ptext60                                  text60       002F52
__ptext61                                  text61       002FA2
__ptext62                                  text62       001FA4
__ptext63                                  text63       00255E
__ptext64                                  text64       002F7A
__ptext65                                  text65       003034
__ptext66                                  text66       0032F0
__ptext67                                  text67       00290C
__ptext68                                  text68       0032DA
__ptext69                                  text69       003058
__ptext7                                   text7        002BDE
__ptext70                                  text70       0032F2
__ptext72                                  text72       0030C2
__ptext73                                  text73       002D24
__ptext74                                  text74       001B62
__ptext75                                  text75       003142
__ptext76                                  text76       002ABC
__ptext77                                  text77       003262
__ptext78                                  text78       003272
__ptext79                                  text79       0032E2
__ptext8                                   text8        002E7C
__ptext80                                  text80       00307C
__ptext81                                  text81       0032F4
__ptext82                                  text82       000000
__ptext9                                   text9        00282E
__ramtop                                   ramtop       001000
__size_of_Busy_eep2                        (abs)        000000
__size_of_Delay_ms                         (abs)        000000
__size_of_Delayms                          (abs)        000000
__size_of_Delayms1                         (abs)        000000
__size_of_EXT_INT_Initialize               (abs)        000000
__size_of_INT0_CallBack                    (abs)        000000
__size_of_INT0_DefaultInterruptHandler     (abs)        000000
__size_of_INT0_ISR                         (abs)        000000
__size_of_INT0_SetInterruptHandler         (abs)        000000
__size_of_INT1_CallBack                    (abs)        000000
__size_of_INT1_DefaultInterruptHandler     (abs)        000000
__size_of_INT1_ISR                         (abs)        000000
__size_of_INT1_SetInterruptHandler         (abs)        000000
__size_of_INTERRUPT_Initialize             (abs)        000000
__size_of_INTERRUPT_InterruptManagerHigh   (abs)        000000
__size_of_INTERRUPT_InterruptManagerLow    (abs)        000000
__size_of_InitSPI                          (abs)        000000
__size_of_LcdCmd                           (abs)        000000
__size_of_LcdData                          (abs)        000000
__size_of_LcdDisplay                       (abs)        000000
__size_of_LcdInit                          (abs)        000000
__size_of_OSCILLATOR_Initialize            (abs)        000000
__size_of_PIN_MANAGER_Initialize           (abs)        000000
__size_of_RF_reset                         (abs)        000000
__size_of_Read_b_eep2                      (abs)        000000
__size_of_SPI_Read                         (abs)        000000
__size_of_SPI_Write                        (abs)        000000
__size_of_SYSTEM_Initialize                (abs)        000000
__size_of_ScanInput                        (abs)        000000
__size_of_Set_DeviceId                     (abs)        000000
__size_of_TMR0_CallBack                    (abs)        000000
__size_of_TMR0_DefaultInterruptHandler     (abs)        000000
__size_of_TMR0_ISR                         (abs)        000000
__size_of_TMR0_Initialize                  (abs)        000000
__size_of_TMR0_SetInterruptHandler         (abs)        000000
__size_of_Write_b_eep2                     (abs)        000000
__size_of_Xor_check                        (abs)        000000
__size_of___awdiv                          (abs)        000000
__size_of___awmod                          (abs)        000000
__size_of___ftadd                          (abs)        000000
__size_of___ftpack                         (abs)        000000
__size_of___fttol                          (abs)        000000
__size_of___lwdiv                          (abs)        000000
__size_of___lwmod                          (abs)        000000
__size_of___lwtoft                         (abs)        000000
__size_of___wmul                           (abs)        000000
__size_of_delay                            (abs)        000000
__size_of_enable_PLL                       (abs)        000000
__size_of_enable_interrupt                 (abs)        000000
__size_of_init_ZIGBEE_basic                (abs)        000000
__size_of_init_ZIGBEE_nonbeacon            (abs)        000000
__size_of_lcd_clear                        (abs)        000000
__size_of_lcd_off_cursor                   (abs)        000000
__size_of_main                             (abs)        000000
__size_of_nonbeacon_PAN_coordinator_device (abs)        000000
__size_of_pin_reset                        (abs)        000000
__size_of_pin_wake                         (abs)        000000
__size_of_read_RX_FIFO                     (abs)        000000
__size_of_read_ZIGBEE_long                 (abs)        000000
__size_of_read_ZIGBEE_short                (abs)        000000
__size_of_set_CCA_mode                     (abs)        000000
[...]
		line 504 in file "zigbee.c"
 Parameters:    Size  Location     Type
  data_value      2    0[COMRAM] PTR unsigned char 
		 -> DATA_TX(3), DATA_RX(5), 
  length          1    2[COMRAM] unsigned char 
 Auto vars:     Size  Location     Type
  Xor_check       2    6[COMRAM] unsigned short 
  Xor_check       2    4[COMRAM] unsigned short 
 Return value:  Size  Location     Type
                  2    0[COMRAM] unsigned short 
 Registers used:
		wreg, fsr2l, fsr2h, status,2, status,0
 Tracked objects:
		On entry : 
		On exit  : 
		Unchanged: 
 Data sizes:     COMRAM   BANK0   BANK1   BANK2   BANK3   BANK4   BANK5   BANK6   BANK7   BANK8   BANK9  BANK10  BANK11  BANK12  BANK13  BANK14  BANK15
      Params:         3       0       0       0       0       0       0       0       0       0       0       0       0       0       0       0       0
      Locals:         4       0       0       0       0       0       0       0       0       0       0       0       0       0       0       0       0
      Temps:          1       0       0       0       0       0       0       0       0       0       0       0       0       0       0       0       0
      Totals:         8       0       0       0       0       0       0       0       0       0       0       0       0       0       0       0       0
Total ram usage:        8 bytes
 Hardware stack levels used:    1
 This function calls:
		Nothing
 This function is called by:
		_INTERRUPT_InterruptManagerHigh
 This function uses a non-reentrant model


 *************** function _read_RX_FIFO *****************
 Defined at:
		line 11 in file "zigbee.c"
 Parameters:    Size  Location     Type
		None
 Auto vars:     Size  Location     Type
  i               1   15[COMRAM] unsigned char 
  temp            1   14[COMRAM] unsigned char 
 Return value:  Size  Location     Type
                  1    wreg      void 
 Registers used:
		wreg, fsr2l, fsr2h, status,2, status,0, tblptrl, tblptrh, tblptru, prodl, prodh, cstack
 Tracked objects:
		On entry : 
		On exit  : 
		Unchanged: 
 Data sizes:     COMRAM   BANK0   BANK1   BANK2   BANK3   BANK4   BANK5   BANK6   BANK7   BANK8   BANK9  BANK10  BANK11  BANK12  BANK13  BANK14  BANK15
      Params:         0       0       0       0       0       0       0       0       0       0       0       0       0       0       0       0       0
      Locals:         2       0       0       0       0       0       0       0       0       0       0       0       0       0       0       0       0
      Temps:          5       0       0       0       0       0       0       0       0       0       0       0       0       0       0       0       0
      Totals:         7       0       0       0       0       0       0       0       0       0       0       0       0       0       0       0       0
Total ram usage:        7 bytes
 Hardware stack levels used:    1
 Hardware stack levels required when called:    2
 This function calls:
		_read_ZIGBEE_long
		i2_write_ZIGBEE_short
 This function is called by:
		_INTERRUPT_InterruptManagerHigh
 This function uses a non-reentrant model


 *************** function i2_write_ZIGBEE_short *****************
 Defined at:
		line 397 in file "zigbee.c"
 Parameters:    Size  Location     Type
  address         1    wreg     unsigned char 
  data_r          1    2[COMRAM] unsigned char 
 Auto vars:     Size  Location     Type
  address         1    3[COMRAM] unsigned char 
 Return value:  Size  Location     Type
                  1    wreg      void 
 Registers used:
		wreg, status,2, status,0, cstack
 Tracked objects:
		On entry : 
		On exit  : 
		Unchanged: 
 Data sizes:     COMRAM   BANK0   BANK1   BANK2   BANK3   BANK4   BANK5   BANK6   BANK7   BANK8   BANK9  BANK10  BANK11  BANK12  BANK13  BANK14  BANK15
      Params:         1       0       0       0       0       0       0       0       0       0       0       0       0       0       0       0       0
      Locals:         1       0       0       0       0       0       0       0       0       0       0       0       0       0       0       0       0
      Temps:          0       0       0       0       0       0       0       0       0       0       0       0       0       0       0       0       0
      Totals:         2       0       0       0       0       0       0       0       0       0       0       0       0       0       0       0       0
Total ram usage:        2 bytes
 Hardware stack levels used:    1
 Hardware stack levels required when called:    1
 This function calls:
		i2_SPI_Write
 This function is called by:
		_read_RX_FIFO
 This function uses a non-reentrant model


 *************** function _read_ZIGBEE_long *****************
 Defined at:
		line 426 in file "zigbee.c"
 Parameters:    Size  Location     Type
  address         2    2[COMRAM] unsigned int 
 Auto vars:     Size  Location     Type
  address_low     1    8[COMRAM] unsigned char 
  address_high    1    7[COMRAM] unsigned char 
  data_r          1    6[COMRAM] unsigned char 
 Return value:  Size  Location     Type
                  1    wreg      unsigned char 
 Registers used:
		wreg, status,2, status,0, cstack
 Tracked objects:
		On entry : 
		On exit  : 
		Unchanged: 
 Data sizes:     COMRAM   BANK0   BANK1   BANK2   BANK3   BANK4   BANK5   BANK6   BANK7   BANK8   BANK9  BANK10  BANK11  BANK12  BANK13  BANK14  BANK15
      Params:         2       0       0       0       0       0       0       0       0       0       0       0       0       0       0       0       0
      Locals:         3       0       0       0       0       0       0       0       0       0       0       0       0       0       0       0       0
      Temps:          2       0       0       0       0       0       0       0       0       0       0       0       0       0       0       0       0
      Totals:         7       0       0       0       0       0       0       0       0       0       0       0       0       0       0       0       0
Total ram usage:        7 bytes
 Hardware stack levels used:    1
 Hardware stack levels required when called:    1
 This function calls:
		i2_SPI_Read
		i2_SPI_Write
 This function is called by:
		_read_RX_FIFO
 This function uses a non-reentrant model


 *************** function i2_SPI_Write *****************
 Defined at:
		line 458 in file "zigbee.c"
 Parameters:    Size  Location     Type
  command         1    wreg     unsigned char 
 Auto vars:     Size  Location     Type
  command         1    1[COMRAM] unsigned char 
  SPI_Write       1    0[COMRAM] unsigned char 
 Return value:  Size  Location     Type
                  1    wreg      void 
 Registers used:
		wreg
 Tracked objects:
		On entry : 
		On exit  : 
		Unchanged: 
 Data sizes:     COMRAM   BANK0   BANK1   BANK2   BANK3   BANK4   BANK5   BANK6   BANK7   BANK8   BANK9  BANK10  BANK11  BANK12  BANK13  BANK14  BANK15
      Params:         0       0       0       0       0       0       0       0       0       0       0       0       0       0       0       0       0
      Locals:         2       0       0       0       0       0       0       0       0       0       0       0       0       0       0       0       0
      Temps:          0       0       0       0       0       0       0       0       0       0       0       0       0       0       0       0       0
      Totals:         2       0       0       0       0       0       0       0       0       0       0       0       0       0       0       0       0
Total ram usage:        2 bytes
 Hardware stack levels used:    1
 This function calls:
		Nothing
 This function is called by:
		_read_ZIGBEE_long
		i2_write_ZIGBEE_short
		i2_read_ZIGBEE_short
 This function uses a non-reentrant model


 *************** function i2_SPI_Read *****************
 Defined at:
		line 464 in file "zigbee.c"
 Parameters:    Size  Location     Type
		None
 Auto vars:     Size  Location     Type
  SPI_Read        1    0[COMRAM] unsigned char 
 Return value:  Size  Location     Type
                  1    wreg      unsigned char 
 Registers used:
		wreg, status,2
 Tracked objects:
		On entry : 
		On exit  : 
		Unchanged: 
 Data sizes:     COMRAM   BANK0   BANK1   BANK2   BANK3   BANK4   BANK5   BANK6   BANK7   BANK8   BANK9  BANK10  BANK11  BANK12  BANK13  BANK14  BANK15
      Params:         0       0       0       0       0       0       0       0       0       0       0       0       0       0       0       0       0
      Locals:         1       0       0       0       0       0       0       0       0       0       0       0       0       0       0       0       0
      Temps:          0       0       0       0       0       0       0       0       0       0       0       0       0       0       0       0       0
      Totals:         1       0       0       0       0       0       0       0       0       0       0       0       0       0       0       0       0
Total ram usage:        1 bytes
 Hardware stack levels used:    1
 This function calls:
		Nothing
 This function is called by:
		_read_ZIGBEE_long
		i2_read_ZIGBEE_short
 This function uses a non-reentrant model


 *************** function _INT0_ISR *****************
 Defined at:
		line 59 in file "mcc_generated_files/ext_int.c"
 Parameters:    Size  Location     Type
		None
 Auto vars:     Size  Location     Type
		None
 Return value:  Size  Location     Type
                  1    wreg      void 
 Registers used:
		wreg, status,2, status,0, pclath, tosl, cstack
 Tracked objects:
		On entry : 
		On exit  : 
		Unchanged: 
 Data sizes:     COMRAM   BANK0   BANK1   BANK2   BANK3   BANK4   BANK5   BANK6   BANK7   BANK8   BANK9  BANK10  BANK11  BANK12  BANK13  BANK14  BANK15
      Params:         0       0       0       0       0       0       0       0       0       0       0       0       0       0       0       0       0
      Locals:         0       0       0       0       0       0       0       0       0       0       0       0       0       0       0       0       0
      Temps:          0       0       0       0       0       0       0       0       0       0       0       0       0       0       0       0       0
      Totals:         0       0       0       0       0       0       0       0       0       0       0       0       0       0       0       0       0
Total ram usage:        0 bytes
 Hardware stack levels used:    1
 Hardware stack levels required when called:    2
 This function calls:
		_INT0_CallBack
 This function is called by:
		_INTERRUPT_InterruptManagerHigh
 This function uses a non-reentrant model


 *************** function _INT0_CallBack *****************
 Defined at:
		line 68 in file "mcc_generated_files/ext_int.c"
 Parameters:    Size  Location     Type
		None
 Auto vars:     Size  Location     Type
		None
 Return value:  Size  Location     Type
                  1    wreg      void 
 Registers used:
		wreg, status,2, status,0, pclath, tosl, cstack
 Tracked objects:
		On entry : 
		On exit  : 
		Unchanged: 
 Data sizes:     COMRAM   BANK0   BANK1   BANK2   BANK3   BANK4   BANK5   BANK6   BANK7   BANK8   BANK9  BANK10  BANK11  BANK12  BANK13  BANK14  BANK15
      Params:         0       0       0       0       0       0       0       0       0       0       0       0       0       0       0       0       0
      Locals:         0       0       0       0       0       0       0       0       0       0       0       0       0       0       0       0       0
      Temps:          0       0       0       0       0       0       0       0       0       0       0       0       0       0       0       0       0
      Totals:         0       0       0       0       0       0       0       0       0       0       0       0       0       0       0       0       0
Total ram usage:        0 bytes
 Hardware stack levels used:    1
 Hardware stack levels required when called:    1
 This function calls:
		Absolute function
		_INT0_DefaultInterruptHandler
 This function is called by:
		_INT0_ISR
 This function uses a non-reentrant model


 *************** function _INT0_DefaultInterruptHandler *****************
 Defined at:
		line 81 in file "mcc_generated_files/ext_int.c"
 Parameters:    Size  Location     Type
		None
 Auto vars:     Size  Location     Type
		None
 Return value:  Size  Location     Type
                  1    wreg      void 
 Registers used:
		None
 Tracked objects:
		On entry : 
		On exit  : 
		Unchanged: 
 Data sizes:     COMRAM   BANK0   BANK1   BANK2   BANK3   BANK4   BANK5   BANK6   BANK7   BANK8   BANK9  BANK10  BANK11  BANK12  BANK13  BANK14  BANK15
      Params:         0       0       0       0       0       0       0       0       0       0       0       0       0       0       0       0       0
      Locals:         0       0       0       0       0       0       0       0       0       0       0       0       0       0       0       0       0
      Temps:          0       0       0       0       0       0       0       0       0       0       0       0       0       0       0       0       0
      Totals:         0       0       0       0       0       0       0       0       0       0       0       0       0       0       0       0       0
Total ram usage:        0 bytes
 Hardware stack levels used:    1
 This function calls:
		Nothing
 This function is called by:
		_EXT_INT_Initialize
		_INT0_CallBack
 This function uses a non-reentrant model



MODULE INFORMATION

Module		Function		Class		Link	Load	Size
C:\Program Files\Microchip\xc8\v1.45\sources\common\Umul16.c
		___wmul        		CODE           	2F52	0000	41

C:\Program Files\Microchip\xc8\v1.45\sources\common\Umul16.c estimated size: 41

13_April_WaterMeter_Main.c
		_ScanInput     		CODE           	290C	0000	99
		_LcdCmd        		CODE           	3104	0000	33
		_main          		CODE           	10F6	0000	1459
		_LcdInit       		CODE           	2A6A	0000	83
		_lcd_off_cursor		CODE           	32C2	0000	9
		_LcdData       		CODE           	30E4	0000	33
		_lcd_clear     		CODE           	32CA	0000	9
		_INTERRUPT_InterruptManagerLow		CODE           	0018	0000	475
		_LcdDisplay    		CODE           	2CA4	0000	65
		_INTERRUPT_InterruptManagerHigh		CODE           	0008	0000	225
		_Set_DeviceId  		CODE           	16A8	0000	1211

13_April_WaterMeter_Main.c estimated size: 3701

C:\Program Files\Microchip\xc8\v1.45\sources\common\awmod.c
		___awmod       		CODE           	27BC	0000	115

C:\Program Files\Microchip\xc8\v1.45\sources\common\awmod.c estimated size: 115

mcc_generated_files/interrupt_manager.c
		_INTERRUPT_Initialize		CODE           	32D2	0000	9

mcc_generated_files/interrupt_manager.c estimated size: 9

mcc_generated_files/tmr0.c
		_TMR0_SetInterruptHandler		CODE           	3290	0000	15
		_TMR0_DefaultInterruptHandler		CODE           	32F0	0000	3
		_TMR0_CallBack 		CODE           	3034	0000	37
		_TMR0_ISR      		CODE           	2F7A	0000	41
		_TMR0_Initialize		CODE           	2ED8	0000	43

mcc_generated_files/tmr0.c estimated size: 139

C:\Program Files\Microchip\xc8\v1.45\sources\common\lwdiv.c
		___lwdiv       		CODE           	29C2	0000	85

C:\Program Files\Microchip\xc8\v1.45\sources\common\lwdiv.c estimated size: 85

mcc_generated_files/pin_manager.c
		_PIN_MANAGER_Initialize		CODE           	2B9A	0000	69

mcc_generated_files/pin_manager.c estimated size: 69

C:\Program Files\Microchip\xc8\v1.45\sources\common\fttol.c
		___fttol       		CODE           	22C6	0000	249

C:\Program Files\Microchip\xc8\v1.45\sources\common\fttol.c estimated size: 249

C:\Program Files\Microchip\xc8\v1.45\sources\common\lwtoft.c
		___lwtoft      		CODE           	2FA2	0000	39

C:\Program Files\Microchip\xc8\v1.45\sources\common\lwtoft.c estimated size: 39

C:\Program Files\Microchip\xc8\v1.45\sources\common\awdiv.c
		___awdiv       		CODE           	2736	0000	135

C:\Program Files\Microchip\xc8\v1.45\sources\common\awdiv.c estimated size: 135

zigbee.c
		_enable_interrupt		CODE           	3282	0000	15
		_delay         		CODE           	3124	0000	31
		_write_ZIGBEE_short		CODE           	2FEC	0000	37
		_set_not_encrypt		CODE           	31B0	0000	23
		_read_ZIGBEE_short		CODE           	2F02	0000	41
		_set_channel   		CODE           	1DE4	0000	449
		_Busy_eep2     		CODE           	32EA	0000	7
		_set_long_address		CODE           	2E16	0000	53
		_Read_b_eep2   		CODE           	3250	0000	19
		_write_TX_normal_FIFO		CODE           	2152	0000	373
		_read_RX_FIFO  		CODE           	1B62	0000	643
		_Delayms       		CODE           	2CE4	0000	65
		_Delayms1      		CODE           	2DDE	0000	57
		_SPI_Write     		CODE           	323E	0000	19
		_set_PAN_ID    		CODE           	2EAA	0000	47
		_Delay_ms      		CODE           	317C	0000	29
		_set_frame_format_filter		CODE           	26A4	0000	147
		_Write_b_eep2  		CODE           	2DA2	0000	61
		_set_reception_mode		CODE           	282E	0000	113
		_start_transmit		CODE           	2B0E	0000	73
		_write_ZIGBEE_long		CODE           	296E	0000	85
		_set_RSSI_mode 		CODE           	2C62	0000	67
		_set_not_ACK   		CODE           	31C6	0000	23
		_init_ZIGBEE_nonbeacon		CODE           	2FC8	0000	37
		_SPI_Read      		CODE           	321A	0000	19
		_InitSPI       		CODE           	3010	0000	37
		_init_ZIGBEE_basic		CODE           	260E	0000	151
		_RF_reset      		CODE           	2F2A	0000	41
		_Xor_check     		CODE           	2BDE	0000	67
		_set_TX_power  		CODE           	2C20	0000	67
		_enable_PLL    		CODE           	31F2	0000	21
		_set_WAKE_from_pin		CODE           	3160	0000	29
		_pin_wake      		CODE           	322C	0000	19
		_read_ZIGBEE_long		CODE           	2ABC	0000	83
		_nonbeacon_PAN_coordinator_device		CODE           	2D64	0000	63
		_pin_reset     		CODE           	30A0	0000	35
		_set_short_address		CODE           	2E7C	0000	47
		_set_CCA_mode  		CODE           	2498	0000	199

zigbee.c estimated size: 3392

C:\Program Files\Microchip\xc8\v1.45\sources\common\ftadd.c
		___ftadd       		CODE           	1FA4	0000	431

C:\Program Files\Microchip\xc8\v1.45\sources\common\ftadd.c estimated size: 431

mcc_generated_files/ext_int.c
		_INT0_SetInterruptHandler		CODE           	32AC	0000	15
		_INT1_SetInterruptHandler		CODE           	329E	0000	15
		_EXT_INT_Initialize		CODE           	2E4A	0000	51
		_INT0_DefaultInterruptHandler		CODE           	32F4	0000	3
		_INT0_CallBack 		CODE           	307C	0000	37
		_INT1_DefaultInterruptHandler		CODE           	32F2	0000	3
		_INT1_CallBack 		CODE           	3058	0000	37
		_INT0_ISR      		CODE           	32E2	0000	9
		_INT1_ISR      		CODE           	32DA	0000	9

mcc_generated_files/ext_int.c estimated size: 179

shared
		i1___lwdiv     		CODE           	2A16	0000	85
		i2_SPI_Write   		CODE           	3262	0000	17
		_DATA_LENGHT   		SMALLCONST     	1002	0000	2
		i2_read_ZIGBEE_short		CODE           	30C2	0000	35
		i2_Xor_check   		CODE           	2D24	0000	65
		__initialization		CODE           	289E	0000	101
		_HEADER_LENGHT 		SMALLCONST     	1001	0000	2
		i2_write_ZIGBEE_short		CODE           	3142	0000	31
		i2_SPI_Read    		CODE           	3272	0000	17

shared estimated size: 355

mcc_generated_files/mcc.c
		_OSCILLATOR_Initialize		CODE           	3206	0000	21
		_SYSTEM_Initialize		CODE           	31DC	0000	23

mcc_generated_files/mcc.c estimated size: 44

C:\Program Files\Microchip\xc8\v1.45\sources\common\float.c
		___ftpack      		CODE           	255E	0000	177

C:\Program Files\Microchip\xc8\v1.45\sources\common\float.c estimated size: 177

C:\Program Files\Microchip\xc8\v1.45\sources\common\lwmod.c
		___lwmod       		CODE           	2B56	0000	69

C:\Program Files\Microchip\xc8\v1.45\sources\common\lwmod.c estimated size: 69

